Component: ARM Compiler 5.06 update 7 (build 960) Tool: armlink [4d3601]

==============================================================================

Section Cross References

    main.o(i.PrintfLogo) refers to printf6.o(i.__0printf$6) for __2printf
    main.o(i.main) refers to bsp.o(i.bsp_Init) for bsp_Init
    main.o(i.main) refers to main.o(i.PrintfLogo) for PrintfLogo
    main.o(i.main) refers to bsp_ad7606.o(i.bsp_InitAD7606) for bsp_InitAD7606
    main.o(i.main) refers to bsp_ad7606.o(i.AD7606_SetOS) for AD7606_SetOS
    main.o(i.main) refers to bsp_ad7606.o(i.AD7606_SetInputRange) for AD7606_SetInputRange
    main.o(i.main) refers to bsp_timer.o(i.bsp_StartAutoTimer) for bsp_StartAutoTimer
    main.o(i.main) refers to bsp_ad7606.o(i.AD7606_StartConvst) for AD7606_StartConvst
    main.o(i.main) refers to bsp.o(i.bsp_Idle) for bsp_Idle
    main.o(i.main) refers to printf6.o(i.__0printf$6) for __2printf
    main.o(i.main) refers to bsp_timer.o(i.bsp_CheckTimer) for bsp_CheckTimer
    main.o(i.main) refers to bsp_key.o(i.bsp_GetKey) for bsp_GetKey
    main.o(i.main) refers to bsp_ad7606.o(i.AD7606_ReadNowAdc) for AD7606_ReadNowAdc
    main.o(i.main) refers to bsp_ad7606.o(i.AD7606_StartRecord) for AD7606_StartRecord
    main.o(i.main) refers to bsp_ad7606.o(i.AD7606_StopRecord) for AD7606_StopRecord
    main.o(i.main) refers to bsp_ad7606.o(.bss) for g_tAD7606
    bsp_key.o(i.bsp_DetectKey) refers to bsp_key.o(i.bsp_PutKey) for bsp_PutKey
    bsp_key.o(i.bsp_DetectKey) refers to bsp_key.o(.bss) for .bss
    bsp_key.o(i.bsp_GetKey) refers to bsp_key.o(.bss) for .bss
    bsp_key.o(i.bsp_GetKeyState) refers to bsp_key.o(.bss) for .bss
    bsp_key.o(i.bsp_InitKey) refers to bsp_key.o(i.bsp_InitKeyVar) for bsp_InitKeyVar
    bsp_key.o(i.bsp_InitKey) refers to bsp_key.o(i.bsp_InitKeyHard) for bsp_InitKeyHard
    bsp_key.o(i.bsp_InitKeyHard) refers to stm32f4xx_rcc.o(i.RCC_AHB1PeriphClockCmd) for RCC_AHB1PeriphClockCmd
    bsp_key.o(i.bsp_InitKeyHard) refers to stm32f4xx_gpio.o(i.GPIO_Init) for GPIO_Init
    bsp_key.o(i.bsp_InitKeyVar) refers to bsp_key.o(.bss) for .bss
    bsp_key.o(i.bsp_InitKeyVar) refers to bsp_key.o(i.IsKeyDown1) for IsKeyDown1
    bsp_key.o(i.bsp_InitKeyVar) refers to bsp_key.o(i.IsKeyDown2) for IsKeyDown2
    bsp_key.o(i.bsp_InitKeyVar) refers to bsp_key.o(i.IsKeyDown3) for IsKeyDown3
    bsp_key.o(i.bsp_InitKeyVar) refers to bsp_key.o(i.IsKeyDown4) for IsKeyDown4
    bsp_key.o(i.bsp_InitKeyVar) refers to bsp_key.o(i.IsKeyDown5) for IsKeyDown5
    bsp_key.o(i.bsp_InitKeyVar) refers to bsp_key.o(i.IsKeyDown6) for IsKeyDown6
    bsp_key.o(i.bsp_InitKeyVar) refers to bsp_key.o(i.IsKeyDown7) for IsKeyDown7
    bsp_key.o(i.bsp_InitKeyVar) refers to bsp_key.o(i.IsKeyDown8) for IsKeyDown8
    bsp_key.o(i.bsp_KeyScan) refers to bsp_key.o(i.bsp_DetectKey) for bsp_DetectKey
    bsp_key.o(i.bsp_PutKey) refers to bsp_key.o(.bss) for .bss
    bsp_timer.o(i.SysTick_Handler) refers to bsp_timer.o(i.SysTick_ISR) for SysTick_ISR
    bsp_timer.o(i.SysTick_ISR) refers to bsp_timer.o(i.bsp_SoftTimerDec) for bsp_SoftTimerDec
    bsp_timer.o(i.SysTick_ISR) refers to bsp.o(i.bsp_RunPer1ms) for bsp_RunPer1ms
    bsp_timer.o(i.SysTick_ISR) refers to bsp.o(i.bsp_RunPer10ms) for bsp_RunPer10ms
    bsp_timer.o(i.SysTick_ISR) refers to bsp_timer.o(.data) for .data
    bsp_timer.o(i.SysTick_ISR) refers to bsp_timer.o(.bss) for .bss
    bsp_timer.o(i.bsp_CheckTimer) refers to bsp_timer.o(.bss) for .bss
    bsp_timer.o(i.bsp_DelayMS) refers to bsp.o(i.bsp_Idle) for bsp_Idle
    bsp_timer.o(i.bsp_DelayMS) refers to bsp_timer.o(.data) for .data
    bsp_timer.o(i.bsp_GetRunTime) refers to bsp_timer.o(.data) for .data
    bsp_timer.o(i.bsp_InitTimer) refers to bsp_timer.o(.bss) for .bss
    bsp_timer.o(i.bsp_InitTimer) refers to system_stm32f4xx.o(.data) for SystemCoreClock
    bsp_timer.o(i.bsp_StartAutoTimer) refers to printf6.o(i.__0printf$6) for __2printf
    bsp_timer.o(i.bsp_StartAutoTimer) refers to bsp_timer.o(.constdata) for .constdata
    bsp_timer.o(i.bsp_StartAutoTimer) refers to bsp_timer.o(.bss) for .bss
    bsp_timer.o(i.bsp_StartTimer) refers to printf6.o(i.__0printf$6) for __2printf
    bsp_timer.o(i.bsp_StartTimer) refers to bsp_timer.o(.constdata) for .constdata
    bsp_timer.o(i.bsp_StartTimer) refers to bsp_timer.o(.bss) for .bss
    bsp_timer.o(i.bsp_StopTimer) refers to printf6.o(i.__0printf$6) for __2printf
    bsp_timer.o(i.bsp_StopTimer) refers to bsp_timer.o(.constdata) for .constdata
    bsp_timer.o(i.bsp_StopTimer) refers to bsp_timer.o(.bss) for .bss
    bsp_uart_fifo.o(i.ConfigUartNVIC) refers to misc.o(i.NVIC_PriorityGroupConfig) for NVIC_PriorityGroupConfig
    bsp_uart_fifo.o(i.ConfigUartNVIC) refers to misc.o(i.NVIC_Init) for NVIC_Init
    bsp_uart_fifo.o(i.InitHardUart) refers to stm32f4xx_rcc.o(i.RCC_AHB1PeriphClockCmd) for RCC_AHB1PeriphClockCmd
[...]
    printfa.o(i.__0vsprintf) refers to printfa.o(i._sputc) for _sputc
    printfa.o(i._fp_digits) refers (Special) to iusefp.o(.text) for __I$use$fp
    printfa.o(i._fp_digits) refers to dmul.o(.text) for __aeabi_dmul
    printfa.o(i._fp_digits) refers to ddiv.o(.text) for __aeabi_ddiv
    printfa.o(i._fp_digits) refers to cdrcmple.o(.text) for __aeabi_cdrcmple
    printfa.o(i._fp_digits) refers to dadd.o(.text) for __aeabi_dadd
    printfa.o(i._fp_digits) refers to dfixul.o(.text) for __aeabi_d2ulz
    printfa.o(i._fp_digits) refers to uldiv.o(.text) for __aeabi_uldivmod
    printfa.o(i._printf_core) refers (Special) to iusefp.o(.text) for __I$use$fp
    printfa.o(i._printf_core) refers to printfa.o(i._printf_pre_padding) for _printf_pre_padding
    printfa.o(i._printf_core) refers to uldiv.o(.text) for __aeabi_uldivmod
    printfa.o(i._printf_core) refers to printfa.o(i._printf_post_padding) for _printf_post_padding
    printfa.o(i._printf_core) refers to printfa.o(i._fp_digits) for _fp_digits
    printfa.o(i._printf_core) refers to uidiv.o(.text) for __aeabi_uidivmod
    printfa.o(i._printf_post_padding) refers (Special) to iusefp.o(.text) for __I$use$fp
    printfa.o(i._printf_pre_padding) refers (Special) to iusefp.o(.text) for __I$use$fp
    printfa.o(i._snputc) refers (Special) to iusefp.o(.text) for __I$use$fp
    printfa.o(i._sputc) refers (Special) to iusefp.o(.text) for __I$use$fp
    entry2.o(.ARM.Collect$$$$00000001) refers to entry2.o(.ARM.Collect$$$$00002712) for __lit__00000000
    entry2.o(.ARM.Collect$$$$00002712) refers to startup_stm32f4xx.o(STACK) for __initial_sp
    entry2.o(__vectab_stack_and_reset_area) refers to startup_stm32f4xx.o(STACK) for __initial_sp
    entry2.o(__vectab_stack_and_reset_area) refers to entry.o(.ARM.Collect$$$$00000000) for __main
    entry5.o(.ARM.Collect$$$$00000004) refers to init.o(.text) for __scatterload
    entry9a.o(.ARM.Collect$$$$0000000B) refers to main.o(i.main) for main
    entry9b.o(.ARM.Collect$$$$0000000C) refers to main.o(i.main) for main
    uldiv.o(.text) refers to llushr.o(.text) for __aeabi_llsr
    uldiv.o(.text) refers to llshl.o(.text) for __aeabi_llsl
    dadd.o(.text) refers to llshl.o(.text) for __aeabi_llsl
    dadd.o(.text) refers to llsshr.o(.text) for __aeabi_lasr
    dadd.o(.text) refers to depilogue.o(.text) for _double_epilogue
    dmul.o(.text) refers to depilogue.o(.text) for _double_epilogue
    ddiv.o(.text) refers to depilogue.o(.text) for _double_round
    dfixul.o(.text) refers to llushr.o(.text) for __aeabi_llsr
    dfixul.o(.text) refers to llshl.o(.text) for __aeabi_llsl
    init.o(.text) refers to entry5.o(.ARM.Collect$$$$00000004) for __main_after_scatterload
    depilogue.o(.text) refers to llshl.o(.text) for __aeabi_llsl
    depilogue.o(.text) refers to llushr.o(.text) for __aeabi_llsr


==============================================================================

Removing Unused input sections from the image.

    Removing main.o(.rev16_text), (4 bytes).
    Removing main.o(.revsh_text), (4 bytes).
    Removing main.o(.rrx_text), (6 bytes).
    Removing bsp_key.o(.rev16_text), (4 bytes).
    Removing bsp_key.o(.revsh_text), (4 bytes).
    Removing bsp_key.o(.rrx_text), (6 bytes).
    Removing bsp_key.o(i.bsp_GetKeyState), (16 bytes).
    Removing bsp_timer.o(.rev16_text), (4 bytes).
    Removing bsp_timer.o(.revsh_text), (4 bytes).
    Removing bsp_timer.o(.rrx_text), (6 bytes).
    Removing bsp_timer.o(i.bsp_DelayMS), (48 bytes).
    Removing bsp_timer.o(i.bsp_GetRunTime), (24 bytes).
    Removing bsp_timer.o(i.bsp_StartTimer), (136 bytes).
    Removing bsp_timer.o(i.bsp_StopTimer), (136 bytes).
    Removing bsp_uart_fifo.o(.rev16_text), (4 bytes).
    Removing bsp_uart_fifo.o(.revsh_text), (4 bytes).
    Removing bsp_uart_fifo.o(.rrx_text), (6 bytes).
    Removing bsp_uart_fifo.o(i.UartGetChar), (64 bytes).
    Removing bsp_uart_fifo.o(i.comGetChar), (72 bytes).
    Removing bsp_uart_fifo.o(i.fgetc), (20 bytes).
    Removing stm32f4xx_it.o(.rev16_text), (4 bytes).
    Removing stm32f4xx_it.o(.revsh_text), (4 bytes).
    Removing stm32f4xx_it.o(.rrx_text), (6 bytes).
    Removing stm32f4xx_assert.o(.rev16_text), (4 bytes).
    Removing stm32f4xx_assert.o(.revsh_text), (4 bytes).
    Removing stm32f4xx_assert.o(.rrx_text), (6 bytes).
    Removing bsp.o(.rev16_text), (4 bytes).
    Removing bsp.o(.revsh_text), (4 bytes).
    Removing bsp.o(.rrx_text), (6 bytes).
    Removing bsp_ad7606.o(.rev16_text), (4 bytes).
    Removing bsp_ad7606.o(.revsh_text), (4 bytes).
    Removing bsp_ad7606.o(.rrx_text), (6 bytes).
    Removing bsp_ad7606.o(i.AD7606_FifoFull), (12 bytes).
    Removing bsp_ad7606.o(i.AD7606_HasNewData), (20 bytes).
    Removing bsp_ad7606.o(i.AD7606_ReadFifo), (72 bytes).
    Removing startup_stm32f4xx.o(HEAP), (1024 bytes).
    Removing stm32f4xx_rcc.o(.rev16_text), (4 bytes).
    Removing stm32f4xx_rcc.o(.revsh_text), (4 bytes).
    Removing stm32f4xx_rcc.o(.rrx_text), (6 bytes).
    Removing stm32f4xx_rcc.o(i.RCC_AHB1PeriphClockLPModeCmd), (28 bytes).
    Removing stm32f4xx_rcc.o(i.RCC_AHB1PeriphResetCmd), (28 bytes).
    Removing stm32f4xx_rcc.o(i.RCC_AHB2PeriphClockCmd), (28 bytes).
    Removing stm32f4xx_rcc.o(i.RCC_AHB2PeriphClockLPModeCmd), (28 bytes).
    Removing stm32f4xx_rcc.o(i.RCC_AHB2PeriphResetCmd), (28 bytes).
    Removing stm32f4xx_rcc.o(i.RCC_AHB3PeriphClockLPModeCmd), (28 bytes).
    Removing stm32f4xx_rcc.o(i.RCC_AHB3PeriphResetCmd), (28 bytes).
    Removing stm32f4xx_rcc.o(i.RCC_APB1PeriphClockLPModeCmd), (28 bytes).
    Removing stm32f4xx_rcc.o(i.RCC_APB1PeriphResetCmd), (28 bytes).
    Removing stm32f4xx_rcc.o(i.RCC_APB2PeriphClockLPModeCmd), (28 bytes).
    Removing stm32f4xx_rcc.o(i.RCC_APB2PeriphResetCmd), (28 bytes).
    Removing stm32f4xx_rcc.o(i.RCC_AdjustHSICalibrationValue), (20 bytes).
    Removing stm32f4xx_rcc.o(i.RCC_BackupResetCmd), (12 bytes).
    Removing stm32f4xx_rcc.o(i.RCC_ClearFlag), (16 bytes).
    Removing stm32f4xx_rcc.o(i.RCC_ClearITPendingBit), (12 bytes).
    Removing stm32f4xx_rcc.o(i.RCC_ClockSecuritySystemCmd), (12 bytes).
    Removing stm32f4xx_rcc.o(i.RCC_DeInit), (60 bytes).
    Removing stm32f4xx_rcc.o(i.RCC_GetFlagStatus), (56 bytes).
    Removing stm32f4xx_rcc.o(i.RCC_GetITStatus), (20 bytes).
    Removing stm32f4xx_rcc.o(i.RCC_GetSYSCLKSource), (16 bytes).
    Removing stm32f4xx_rcc.o(i.RCC_HCLKConfig), (20 bytes).
    Removing stm32f4xx_rcc.o(i.RCC_HSEConfig), (16 bytes).
    Removing stm32f4xx_rcc.o(i.RCC_HSICmd), (12 bytes).
    Removing stm32f4xx_rcc.o(i.RCC_I2SCLKConfig), (12 bytes).
    Removing stm32f4xx_rcc.o(i.RCC_ITConfig), (28 bytes).
    Removing stm32f4xx_rcc.o(i.RCC_LSEConfig), (32 bytes).
    Removing stm32f4xx_rcc.o(i.RCC_LSICmd), (12 bytes).
    Removing stm32f4xx_rcc.o(i.RCC_MCO1Config), (20 bytes).
    Removing stm32f4xx_rcc.o(i.RCC_MCO2Config), (20 bytes).
    Removing stm32f4xx_rcc.o(i.RCC_PCLK1Config), (20 bytes).
    Removing stm32f4xx_rcc.o(i.RCC_PCLK2Config), (20 bytes).
    Removing stm32f4xx_rcc.o(i.RCC_PLLCmd), (12 bytes).
    Removing stm32f4xx_rcc.o(i.RCC_PLLConfig), (36 bytes).
    Removing stm32f4xx_rcc.o(i.RCC_PLLI2SCmd), (12 bytes).
    Removing stm32f4xx_rcc.o(i.RCC_PLLI2SConfig), (16 bytes).
    Removing stm32f4xx_rcc.o(i.RCC_RTCCLKCmd), (12 bytes).
    Removing stm32f4xx_rcc.o(i.RCC_RTCCLKConfig), (48 bytes).
    Removing stm32f4xx_rcc.o(i.RCC_SYSCLKConfig), (20 bytes).
    Removing stm32f4xx_rcc.o(i.RCC_WaitForHSEStartUp), (48 bytes).
    Removing stm32f4xx_syscfg.o(.rev16_text), (4 bytes).
    Removing stm32f4xx_syscfg.o(.revsh_text), (4 bytes).
    Removing stm32f4xx_syscfg.o(.rrx_text), (6 bytes).
    Removing stm32f4xx_syscfg.o(i.SYSCFG_CompensationCellCmd), (12 bytes).
    Removing stm32f4xx_syscfg.o(i.SYSCFG_DeInit), (24 bytes).
    Removing stm32f4xx_syscfg.o(i.SYSCFG_ETH_MediaInterfaceConfig), (12 bytes).
    Removing stm32f4xx_syscfg.o(i.SYSCFG_GetCompensationCellStatus), (20 bytes).
    Removing stm32f4xx_syscfg.o(i.SYSCFG_MemoryRemapConfig), (12 bytes).
    Removing misc.o(.rev16_text), (4 bytes).
    Removing misc.o(.revsh_text), (4 bytes).
    Removing misc.o(.rrx_text), (6 bytes).
    Removing misc.o(i.NVIC_SetVectorTable), (20 bytes).
    Removing misc.o(i.NVIC_SystemLPConfig), (28 bytes).
    Removing misc.o(i.SysTick_CLKSourceConfig), (28 bytes).
    Removing stm32f4xx_gpio.o(.rev16_text), (4 bytes).
    Removing stm32f4xx_gpio.o(.revsh_text), (4 bytes).
    Removing stm32f4xx_gpio.o(.rrx_text), (6 bytes).
    Removing stm32f4xx_gpio.o(i.GPIO_DeInit), (276 bytes).
    Removing stm32f4xx_gpio.o(i.GPIO_PinLockConfig), (26 bytes).
    Removing stm32f4xx_gpio.o(i.GPIO_ReadInputData), (6 bytes).
    Removing stm32f4xx_gpio.o(i.GPIO_ReadInputDataBit), (14 bytes).
    Removing stm32f4xx_gpio.o(i.GPIO_ReadOutputData), (6 bytes).
    Removing stm32f4xx_gpio.o(i.GPIO_ReadOutputDataBit), (14 bytes).
    Removing stm32f4xx_gpio.o(i.GPIO_ResetBits), (4 bytes).
    Removing stm32f4xx_gpio.o(i.GPIO_SetBits), (4 bytes).
    Removing stm32f4xx_gpio.o(i.GPIO_StructInit), (18 bytes).
    Removing stm32f4xx_gpio.o(i.GPIO_ToggleBits), (8 bytes).
    Removing stm32f4xx_gpio.o(i.GPIO_Write), (4 bytes).
    Removing stm32f4xx_gpio.o(i.GPIO_WriteBit), (12 bytes).
    Removing stm32f4xx_usart.o(.rev16_text), (4 bytes).
    Removing stm32f4xx_usart.o(.revsh_text), (4 bytes).
    Removing stm32f4xx_usart.o(.rrx_text), (6 bytes).
    Removing stm32f4xx_usart.o(i.USART_ClearITPendingBit), (16 bytes).
    Removing stm32f4xx_usart.o(i.USART_ClockInit), (28 bytes).
    Removing stm32f4xx_usart.o(i.USART_ClockStructInit), (12 bytes).
    Removing stm32f4xx_usart.o(i.USART_DMACmd), (20 bytes).
    Removing stm32f4xx_usart.o(i.USART_DeInit), (192 bytes).
    Removing stm32f4xx_usart.o(i.USART_GetFlagStatus), (14 bytes).
    Removing stm32f4xx_usart.o(i.USART_HalfDuplexCmd), (24 bytes).
    Removing stm32f4xx_usart.o(i.USART_IrDACmd), (24 bytes).
    Removing stm32f4xx_usart.o(i.USART_IrDAConfig), (16 bytes).
    Removing stm32f4xx_usart.o(i.USART_LINBreakDetectLengthConfig), (16 bytes).
    Removing stm32f4xx_usart.o(i.USART_LINCmd), (24 bytes).
    Removing stm32f4xx_usart.o(i.USART_OneBitMethodCmd), (24 bytes).
    Removing stm32f4xx_usart.o(i.USART_OverSampling8Cmd), (24 bytes).
    Removing stm32f4xx_usart.o(i.USART_ReceiverWakeUpCmd), (24 bytes).
    Removing stm32f4xx_usart.o(i.USART_SendBreak), (10 bytes).
    Removing stm32f4xx_usart.o(i.USART_SetAddress), (16 bytes).
    Removing stm32f4xx_usart.o(i.USART_SetGuardTime), (16 bytes).
    Removing stm32f4xx_usart.o(i.USART_SetPrescaler), (16 bytes).
    Removing stm32f4xx_usart.o(i.USART_SmartCardCmd), (24 bytes).
    Removing stm32f4xx_usart.o(i.USART_SmartCardNACKCmd), (24 bytes).
    Removing stm32f4xx_usart.o(i.USART_StructInit), (22 bytes).
    Removing stm32f4xx_usart.o(i.USART_WakeUpConfig), (16 bytes).
    Removing stm32f4xx_fsmc.o(.rev16_text), (4 bytes).
    Removing stm32f4xx_fsmc.o(.revsh_text), (4 bytes).
    Removing stm32f4xx_fsmc.o(.rrx_text), (6 bytes).
    Removing stm32f4xx_fsmc.o(i.FSMC_ClearFlag), (42 bytes).
    Removing stm32f4xx_fsmc.o(i.FSMC_ClearITPendingBit), (48 bytes).
    Removing stm32f4xx_fsmc.o(i.FSMC_GetECC), (18 bytes).
    Removing stm32f4xx_fsmc.o(i.FSMC_GetFlagStatus), (40 bytes).
    Removing stm32f4xx_fsmc.o(i.FSMC_GetITStatus), (52 bytes).
    Removing stm32f4xx_fsmc.o(i.FSMC_ITConfig), (86 bytes).
    Removing stm32f4xx_fsmc.o(i.FSMC_NANDCmd), (64 bytes).
    Removing stm32f4xx_fsmc.o(i.FSMC_NANDDeInit), (40 bytes).
    Removing stm32f4xx_fsmc.o(i.FSMC_NANDECCCmd), (64 bytes).
    Removing stm32f4xx_fsmc.o(i.FSMC_NANDInit), (104 bytes).
    Removing stm32f4xx_fsmc.o(i.FSMC_NANDStructInit), (54 bytes).
    Removing stm32f4xx_fsmc.o(i.FSMC_NORSRAMDeInit), (48 bytes).
    Removing stm32f4xx_fsmc.o(i.FSMC_NORSRAMStructInit), (98 bytes).
    Removing stm32f4xx_fsmc.o(i.FSMC_PCCARDCmd), (36 bytes).
    Removing stm32f4xx_fsmc.o(i.FSMC_PCCARDDeInit), (28 bytes).
    Removing stm32f4xx_fsmc.o(i.FSMC_PCCARDInit), (104 bytes).
    Removing stm32f4xx_fsmc.o(i.FSMC_PCCARDStructInit), (60 bytes).
    Removing stm32f4xx_spi.o(.rev16_text), (4 bytes).
    Removing stm32f4xx_spi.o(.revsh_text), (4 bytes).
    Removing stm32f4xx_spi.o(.rrx_text), (6 bytes).
    Removing stm32f4xx_spi.o(i.I2S_Cmd), (24 bytes).
    Removing stm32f4xx_spi.o(i.I2S_FullDuplexConfig), (58 bytes).
    Removing stm32f4xx_spi.o(i.I2S_Init), (216 bytes).
    Removing stm32f4xx_spi.o(i.I2S_StructInit), (18 bytes).
    Removing stm32f4xx_spi.o(i.SPI_BiDirectionalLineConfig), (26 bytes).
    Removing stm32f4xx_spi.o(i.SPI_CalculateCRC), (24 bytes).
    Removing stm32f4xx_spi.o(i.SPI_Cmd), (24 bytes).
    Removing stm32f4xx_spi.o(i.SPI_DataSizeConfig), (16 bytes).
    Removing stm32f4xx_spi.o(i.SPI_GetCRC), (12 bytes).
    Removing stm32f4xx_spi.o(i.SPI_GetCRCPolynomial), (4 bytes).
    Removing stm32f4xx_spi.o(i.SPI_I2S_ClearFlag), (6 bytes).
    Removing stm32f4xx_spi.o(i.SPI_I2S_ClearITPendingBit), (14 bytes).
    Removing stm32f4xx_spi.o(i.SPI_I2S_DMACmd), (20 bytes).
    Removing stm32f4xx_spi.o(i.SPI_I2S_DeInit), (100 bytes).
    Removing stm32f4xx_spi.o(i.SPI_I2S_GetFlagStatus), (14 bytes).
    Removing stm32f4xx_spi.o(i.SPI_I2S_GetITStatus), (44 bytes).
    Removing stm32f4xx_spi.o(i.SPI_I2S_ITConfig), (28 bytes).
    Removing stm32f4xx_spi.o(i.SPI_I2S_ReceiveData), (4 bytes).
    Removing stm32f4xx_spi.o(i.SPI_I2S_SendData), (4 bytes).
    Removing stm32f4xx_spi.o(i.SPI_Init), (56 bytes).
    Removing stm32f4xx_spi.o(i.SPI_NSSInternalSoftwareConfig), (28 bytes).
    Removing stm32f4xx_spi.o(i.SPI_SSOutputCmd), (24 bytes).
    Removing stm32f4xx_spi.o(i.SPI_StructInit), (24 bytes).
    Removing stm32f4xx_spi.o(i.SPI_TIModeCmd), (24 bytes).
    Removing stm32f4xx_spi.o(i.SPI_TransmitCRC), (10 bytes).
    Removing stm32f4xx_tim.o(.rev16_text), (4 bytes).
    Removing stm32f4xx_tim.o(.revsh_text), (4 bytes).
    Removing stm32f4xx_tim.o(.rrx_text), (6 bytes).
    Removing stm32f4xx_tim.o(i.TI1_Config), (46 bytes).
    Removing stm32f4xx_tim.o(i.TI2_Config), (54 bytes).
    Removing stm32f4xx_tim.o(i.TI3_Config), (50 bytes).
    Removing stm32f4xx_tim.o(i.TI4_Config), (54 bytes).
    Removing stm32f4xx_tim.o(i.TIM_BDTRConfig), (34 bytes).
    Removing stm32f4xx_tim.o(i.TIM_BDTRStructInit), (18 bytes).
    Removing stm32f4xx_tim.o(i.TIM_CCPreloadControl), (24 bytes).
    Removing stm32f4xx_tim.o(i.TIM_CCxCmd), (22 bytes).
    Removing stm32f4xx_tim.o(i.TIM_CCxNCmd), (22 bytes).
    Removing stm32f4xx_tim.o(i.TIM_ClearFlag), (6 bytes).
    Removing stm32f4xx_tim.o(i.TIM_ClearITPendingBit), (6 bytes).
    Removing stm32f4xx_tim.o(i.TIM_ClearOC1Ref), (12 bytes).
    Removing stm32f4xx_tim.o(i.TIM_ClearOC2Ref), (20 bytes).
    Removing stm32f4xx_tim.o(i.TIM_ClearOC3Ref), (12 bytes).
    Removing stm32f4xx_tim.o(i.TIM_ClearOC4Ref), (20 bytes).
    Removing stm32f4xx_tim.o(i.TIM_CounterModeConfig), (12 bytes).
    Removing stm32f4xx_tim.o(i.TIM_CtrlPWMOutputs), (28 bytes).
    Removing stm32f4xx_tim.o(i.TIM_DMACmd), (20 bytes).
    Removing stm32f4xx_tim.o(i.TIM_DMAConfig), (8 bytes).
    Removing stm32f4xx_tim.o(i.TIM_DeInit), (428 bytes).
    Removing stm32f4xx_tim.o(i.TIM_ETRClockMode1Config), (32 bytes).
    Removing stm32f4xx_tim.o(i.TIM_ETRClockMode2Config), (20 bytes).
    Removing stm32f4xx_tim.o(i.TIM_ETRConfig), (24 bytes).
    Removing stm32f4xx_tim.o(i.TIM_EncoderInterfaceConfig), (50 bytes).
    Removing stm32f4xx_tim.o(i.TIM_ForcedOC1Config), (12 bytes).
    Removing stm32f4xx_tim.o(i.TIM_ForcedOC2Config), (20 bytes).
    Removing stm32f4xx_tim.o(i.TIM_ForcedOC3Config), (12 bytes).
    Removing stm32f4xx_tim.o(i.TIM_ForcedOC4Config), (20 bytes).
    Removing stm32f4xx_tim.o(i.TIM_GenerateEvent), (4 bytes).
    Removing stm32f4xx_tim.o(i.TIM_GetCapture1), (4 bytes).
    Removing stm32f4xx_tim.o(i.TIM_GetCapture2), (4 bytes).
    Removing stm32f4xx_tim.o(i.TIM_GetCapture3), (4 bytes).
    Removing stm32f4xx_tim.o(i.TIM_GetCapture4), (4 bytes).
    Removing stm32f4xx_tim.o(i.TIM_GetCounter), (4 bytes).
    Removing stm32f4xx_tim.o(i.TIM_GetFlagStatus), (14 bytes).
    Removing stm32f4xx_tim.o(i.TIM_GetITStatus), (24 bytes).
    Removing stm32f4xx_tim.o(i.TIM_GetPrescaler), (4 bytes).
    Removing stm32f4xx_tim.o(i.TIM_ICInit), (98 bytes).
    Removing stm32f4xx_tim.o(i.TIM_ICStructInit), (16 bytes).
    Removing stm32f4xx_tim.o(i.TIM_ITConfig), (20 bytes).
    Removing stm32f4xx_tim.o(i.TIM_ITRxExternalClockConfig), (20 bytes).
    Removing stm32f4xx_tim.o(i.TIM_InternalClockConfig), (10 bytes).
    Removing stm32f4xx_tim.o(i.TIM_OC1FastConfig), (12 bytes).
    Removing stm32f4xx_tim.o(i.TIM_OC1Init), (104 bytes).
    Removing stm32f4xx_tim.o(i.TIM_OC1NPolarityConfig), (12 bytes).
    Removing stm32f4xx_tim.o(i.TIM_OC1PolarityConfig), (12 bytes).
    Removing stm32f4xx_tim.o(i.TIM_OC1PreloadConfig), (12 bytes).
    Removing stm32f4xx_tim.o(i.TIM_OC2FastConfig), (20 bytes).
    Removing stm32f4xx_tim.o(i.TIM_OC2Init), (136 bytes).
    Removing stm32f4xx_tim.o(i.TIM_OC2NPolarityConfig), (20 bytes).
    Removing stm32f4xx_tim.o(i.TIM_OC2PolarityConfig), (20 bytes).
    Removing stm32f4xx_tim.o(i.TIM_OC2PreloadConfig), (20 bytes).
    Removing stm32f4xx_tim.o(i.TIM_OC3FastConfig), (12 bytes).
    Removing stm32f4xx_tim.o(i.TIM_OC3NPolarityConfig), (20 bytes).
    Removing stm32f4xx_tim.o(i.TIM_OC3PolarityConfig), (20 bytes).
    Removing stm32f4xx_tim.o(i.TIM_OC4FastConfig), (20 bytes).
    Removing stm32f4xx_tim.o(i.TIM_OC4Init), (100 bytes).
    Removing stm32f4xx_tim.o(i.TIM_OC4PolarityConfig), (20 bytes).
    Removing stm32f4xx_tim.o(i.TIM_OC4PreloadConfig), (20 bytes).
    Removing stm32f4xx_tim.o(i.TIM_OCStructInit), (20 bytes).
    Removing stm32f4xx_tim.o(i.TIM_PWMIConfig), (110 bytes).
    Removing stm32f4xx_tim.o(i.TIM_PrescalerConfig), (6 bytes).
    Removing stm32f4xx_tim.o(i.TIM_RemapConfig), (6 bytes).
    Removing stm32f4xx_tim.o(i.TIM_SelectCCDMA), (24 bytes).
    Removing stm32f4xx_tim.o(i.TIM_SelectCOM), (24 bytes).
    Removing stm32f4xx_tim.o(i.TIM_SelectHallSensor), (24 bytes).
    Removing stm32f4xx_tim.o(i.TIM_SelectInputTrigger), (12 bytes).
    Removing stm32f4xx_tim.o(i.TIM_SelectMasterSlaveMode), (16 bytes).
    Removing stm32f4xx_tim.o(i.TIM_SelectOCxM), (80 bytes).
    Removing stm32f4xx_tim.o(i.TIM_SelectOnePulseMode), (16 bytes).
    Removing stm32f4xx_tim.o(i.TIM_SelectOutputTrigger), (16 bytes).
    Removing stm32f4xx_tim.o(i.TIM_SelectSlaveMode), (16 bytes).
    Removing stm32f4xx_tim.o(i.TIM_SetAutoreload), (4 bytes).
    Removing stm32f4xx_tim.o(i.TIM_SetClockDivision), (16 bytes).
    Removing stm32f4xx_tim.o(i.TIM_SetCompare1), (4 bytes).
    Removing stm32f4xx_tim.o(i.TIM_SetCompare2), (4 bytes).
    Removing stm32f4xx_tim.o(i.TIM_SetCompare3), (4 bytes).
    Removing stm32f4xx_tim.o(i.TIM_SetCompare4), (4 bytes).
    Removing stm32f4xx_tim.o(i.TIM_SetCounter), (4 bytes).
    Removing stm32f4xx_tim.o(i.TIM_SetIC1Prescaler), (16 bytes).
    Removing stm32f4xx_tim.o(i.TIM_SetIC2Prescaler), (24 bytes).
    Removing stm32f4xx_tim.o(i.TIM_SetIC3Prescaler), (16 bytes).
    Removing stm32f4xx_tim.o(i.TIM_SetIC4Prescaler), (24 bytes).
    Removing stm32f4xx_tim.o(i.TIM_TIxExternalClockConfig), (48 bytes).
    Removing stm32f4xx_tim.o(i.TIM_TimeBaseStructInit), (18 bytes).
    Removing stm32f4xx_tim.o(i.TIM_UpdateDisableConfig), (24 bytes).
    Removing stm32f4xx_tim.o(i.TIM_UpdateRequestConfig), (24 bytes).
    Removing stm32f4xx_dma.o(.rev16_text), (4 bytes).
    Removing stm32f4xx_dma.o(.revsh_text), (4 bytes).
    Removing stm32f4xx_dma.o(.rrx_text), (6 bytes).
    Removing stm32f4xx_dma.o(i.DMA_ClearFlag), (44 bytes).
    Removing stm32f4xx_dma.o(i.DMA_ClearITPendingBit), (44 bytes).
    Removing stm32f4xx_dma.o(i.DMA_Cmd), (24 bytes).
    Removing stm32f4xx_dma.o(i.DMA_DeInit), (300 bytes).
    Removing stm32f4xx_dma.o(i.DMA_DoubleBufferModeCmd), (24 bytes).
    Removing stm32f4xx_dma.o(i.DMA_DoubleBufferModeConfig), (26 bytes).
    Removing stm32f4xx_dma.o(i.DMA_FlowControllerConfig), (24 bytes).
    Removing stm32f4xx_dma.o(i.DMA_GetCmdStatus), (14 bytes).
    Removing stm32f4xx_dma.o(i.DMA_GetCurrDataCounter), (6 bytes).
    Removing stm32f4xx_dma.o(i.DMA_GetCurrentMemoryTarget), (14 bytes).
    Removing stm32f4xx_dma.o(i.DMA_GetFIFOStatus), (8 bytes).
    Removing stm32f4xx_dma.o(i.DMA_GetFlagStatus), (52 bytes).
    Removing stm32f4xx_dma.o(i.DMA_GetITStatus), (84 bytes).
    Removing stm32f4xx_dma.o(i.DMA_ITConfig), (50 bytes).
    Removing stm32f4xx_dma.o(i.DMA_Init), (84 bytes).
    Removing stm32f4xx_dma.o(i.DMA_MemoryTargetConfig), (12 bytes).
    Removing stm32f4xx_dma.o(i.DMA_PeriphIncOffsetSizeConfig), (24 bytes).
    Removing stm32f4xx_dma.o(i.DMA_SetCurrDataCounter), (4 bytes).
    Removing stm32f4xx_dma.o(i.DMA_StructInit), (34 bytes).
    Removing stm32f4xx_dcmi.o(.rev16_text), (4 bytes).
    Removing stm32f4xx_dcmi.o(.revsh_text), (4 bytes).
    Removing stm32f4xx_dcmi.o(.rrx_text), (6 bytes).
    Removing stm32f4xx_dcmi.o(i.DCMI_CROPCmd), (32 bytes).
    Removing stm32f4xx_dcmi.o(i.DCMI_CROPConfig), (28 bytes).
    Removing stm32f4xx_dcmi.o(i.DCMI_CaptureCmd), (32 bytes).
    Removing stm32f4xx_dcmi.o(i.DCMI_ClearFlag), (12 bytes).
    Removing stm32f4xx_dcmi.o(i.DCMI_ClearITPendingBit), (12 bytes).
    Removing stm32f4xx_dcmi.o(i.DCMI_Cmd), (32 bytes).
    Removing stm32f4xx_dcmi.o(i.DCMI_DeInit), (28 bytes).
    Removing stm32f4xx_dcmi.o(i.DCMI_GetFlagStatus), (40 bytes).
    Removing stm32f4xx_dcmi.o(i.DCMI_GetITStatus), (24 bytes).
    Removing stm32f4xx_dcmi.o(i.DCMI_ITConfig), (32 bytes).
    Removing stm32f4xx_dcmi.o(i.DCMI_Init), (60 bytes).
    Removing stm32f4xx_dcmi.o(i.DCMI_JPEGCmd), (32 bytes).
    Removing stm32f4xx_dcmi.o(i.DCMI_ReadData), (12 bytes).
    Removing stm32f4xx_dcmi.o(i.DCMI_SetEmbeddedSynchroCodes), (32 bytes).
    Removing stm32f4xx_dcmi.o(i.DCMI_StructInit), (18 bytes).
    Removing stm32f4xx_exti.o(.rev16_text), (4 bytes).
    Removing stm32f4xx_exti.o(.revsh_text), (4 bytes).
    Removing stm32f4xx_exti.o(.rrx_text), (6 bytes).
    Removing stm32f4xx_exti.o(i.EXTI_ClearFlag), (12 bytes).
    Removing stm32f4xx_exti.o(i.EXTI_DeInit), (36 bytes).
    Removing stm32f4xx_exti.o(i.EXTI_GenerateSWInterrupt), (16 bytes).
    Removing stm32f4xx_exti.o(i.EXTI_GetFlagStatus), (20 bytes).
    Removing stm32f4xx_exti.o(i.EXTI_StructInit), (14 bytes).
    Removing system_stm32f4xx.o(.rev16_text), (4 bytes).
    Removing system_stm32f4xx.o(.revsh_text), (4 bytes).
    Removing system_stm32f4xx.o(.rrx_text), (6 bytes).
    Removing system_stm32f4xx.o(i.SystemCoreClockUpdate), (136 bytes).
    Removing asc12.o(.constdata), (1524 bytes).
    Removing asc16.o(.constdata), (4096 bytes).
    Removing hz12.o(.constdata), (964 bytes).
    Removing hz16.o(.constdata), (1464 bytes).
    Removing images.o(.rev16_text), (4 bytes).
    Removing images.o(.revsh_text), (4 bytes).
    Removing images.o(.rrx_text), (6 bytes).
    Removing images.o(.constdata), (4608 bytes).
    Removing images.o(.constdata), (4608 bytes).
    Removing images.o(.constdata), (4608 bytes).
    Removing images.o(.constdata), (4608 bytes).
    Removing images.o(.constdata), (4608 bytes).
    Removing dadd.o(.text), (334 bytes).
    Removing dmul.o(.text), (228 bytes).
    Removing ddiv.o(.text), (222 bytes).
    Removing dfixul.o(.text), (48 bytes).
    Removing cdrcmple.o(.text), (48 bytes).
    Removing depilogue.o(.text), (186 bytes).

340 unused section(s) (total 42030 bytes) removed from the image.

==============================================================================

Image Symbol Table

    Local Symbols

    Symbol Name                              Value     Ov Type        Size  Object(Section)

    ../clib/microlib/division.c              0x00000000   Number         0  uidiv.o ABSOLUTE
    ../clib/microlib/division.c              0x00000000   Number         0  uldiv.o ABSOLUTE
    ../clib/microlib/init/entry.s            0x00000000   Number         0  entry11a.o ABSOLUTE
    ../clib/microlib/init/entry.s            0x00000000   Number         0  entry5.o ABSOLUTE
    ../clib/microlib/init/entry.s            0x00000000   Number         0  entry10b.o ABSOLUTE
    ../clib/microlib/init/entry.s            0x00000000   Number         0  entry12a.o ABSOLUTE
    ../clib/microlib/init/entry.s            0x00000000   Number         0  entry11b.o ABSOLUTE
    ../clib/microlib/init/entry.s            0x00000000   Number         0  entry12b.o ABSOLUTE
    ../clib/microlib/init/entry.s            0x00000000   Number         0  entry8a.o ABSOLUTE
    ../clib/microlib/init/entry.s            0x00000000   Number         0  entry2.o ABSOLUTE
    ../clib/microlib/init/entry.s            0x00000000   Number         0  entry8b.o ABSOLUTE
    ../clib/microlib/init/entry.s            0x00000000   Number         0  entry7b.o ABSOLUTE
    ../clib/microlib/init/entry.s            0x00000000   Number         0  entry9a.o ABSOLUTE
    ../clib/microlib/init/entry.s            0x00000000   Number         0  entry7a.o ABSOLUTE
    ../clib/microlib/init/entry.s            0x00000000   Number         0  entry.o ABSOLUTE
    ../clib/microlib/init/entry.s            0x00000000   Number         0  entry9b.o ABSOLUTE
    ../clib/microlib/init/entry.s            0x00000000   Number         0  entry10a.o ABSOLUTE
    ../clib/microlib/longlong.c              0x00000000   Number         0  llsshr.o ABSOLUTE
    ../clib/microlib/longlong.c              0x00000000   Number         0  llushr.o ABSOLUTE
    ../clib/microlib/longlong.c              0x00000000   Number         0  llshl.o ABSOLUTE
    ../clib/microlib/printf/printf.c         0x00000000   Number         0  printf7.o ABSOLUTE
    ../clib/microlib/printf/printf.c         0x00000000   Number         0  printf8.o ABSOLUTE
    ../clib/microlib/printf/printf.c         0x00000000   Number         0  printfa.o ABSOLUTE
    ../clib/microlib/printf/printf.c         0x00000000   Number         0  printf2.o ABSOLUTE
    ../clib/microlib/printf/printf.c         0x00000000   Number         0  printfb.o ABSOLUTE
    ../clib/microlib/printf/printf.c         0x00000000   Number         0  printf0.o ABSOLUTE
    ../clib/microlib/printf/printf.c         0x00000000   Number         0  printf1.o ABSOLUTE
    ../clib/microlib/printf/printf.c         0x00000000   Number         0  printf6.o ABSOLUTE
    ../clib/microlib/printf/printf.c         0x00000000   Number         0  printf5.o ABSOLUTE
    ../clib/microlib/printf/printf.c         0x00000000   Number         0  printf4.o ABSOLUTE
    ../clib/microlib/printf/printf.c         0x00000000   Number         0  printf3.o ABSOLUTE
    ../clib/microlib/printf/stubs.s          0x00000000   Number         0  stubs.o ABSOLUTE
    ../clib/microlib/stdio/streams.c         0x00000000   Number         0  stdout.o ABSOLUTE
    ../clib/microlib/stubs.s                 0x00000000   Number         0  iusefp.o ABSOLUTE
    ../fplib/microlib/fpadd.c                0x00000000   Number         0  dadd.o ABSOLUTE
    ../fplib/microlib/fpdiv.c                0x00000000   Number         0  ddiv.o ABSOLUTE
    ../fplib/microlib/fpepilogue.c           0x00000000   Number         0  depilogue.o ABSOLUTE
    ../fplib/microlib/fpfix.c                0x00000000   Number         0  dfixul.o ABSOLUTE
    ../fplib/microlib/fpmul.c                0x00000000   Number         0  dmul.o ABSOLUTE
    ..\..\Libraries\CMSIS\Device\ST\STM32F4xx\Source\Templates\arm\startup_stm32f4xx.s 0x00000000   Number         0  startup_stm32f4xx.o ABSOLUTE
    ..\..\Libraries\STM32F4xx_StdPeriph_Driver\src\misc.c 0x00000000   Number         0  misc.o ABSOLUTE
    ..\..\Libraries\STM32F4xx_StdPeriph_Driver\src\stm32f4xx_dcmi.c 0x00000000   Number         0  stm32f4xx_dcmi.o ABSOLUTE
    ..\..\Libraries\STM32F4xx_StdPeriph_Driver\src\stm32f4xx_dma.c 0x00000000   Number         0  stm32f4xx_dma.o ABSOLUTE
    ..\..\Libraries\STM32F4xx_StdPeriph_Driver\src\stm32f4xx_exti.c 0x00000000   Number         0  stm32f4xx_exti.o ABSOLUTE
    ..\..\Libraries\STM32F4xx_StdPeriph_Driver\src\stm32f4xx_fsmc.c 0x00000000   Number         0  stm32f4xx_fsmc.o ABSOLUTE
    ..\..\Libraries\STM32F4xx_StdPeriph_Driver\src\stm32f4xx_gpio.c 0x00000000   Number         0  stm32f4xx_gpio.o ABSOLUTE
    ..\..\Libraries\STM32F4xx_StdPeriph_Driver\src\stm32f4xx_rcc.c 0x00000000   Number         0  stm32f4xx_rcc.o ABSOLUTE
    ..\..\Libraries\STM32F4xx_StdPeriph_Driver\src\stm32f4xx_spi.c 0x00000000   Number         0  stm32f4xx_spi.o ABSOLUTE
    ..\..\Libraries\STM32F4xx_StdPeriph_Driver\src\stm32f4xx_syscfg.c 0x00000000   Number         0  stm32f4xx_syscfg.o ABSOLUTE
    ..\..\Libraries\STM32F4xx_StdPeriph_Driver\src\stm32f4xx_tim.c 0x00000000   Number         0  stm32f4xx_tim.o ABSOLUTE
    ..\..\Libraries\STM32F4xx_StdPeriph_Driver\src\stm32f4xx_usart.c 0x00000000   Number         0  stm32f4xx_usart.o ABSOLUTE
    ..\..\User\bsp_stm32f4xx\bsp.c           0x00000000   Number         0  bsp.o ABSOLUTE
    ..\..\User\bsp_stm32f4xx\src\bsp_ad7606.c 0x00000000   Number         0  bsp_ad7606.o ABSOLUTE
    ..\..\User\bsp_stm32f4xx\src\bsp_key.c   0x00000000   Number         0  bsp_key.o ABSOLUTE
    ..\..\User\bsp_stm32f4xx\src\bsp_timer.c 0x00000000   Number         0  bsp_timer.o ABSOLUTE
    ..\..\User\bsp_stm32f4xx\src\bsp_uart_fifo.c 0x00000000   Number         0  bsp_uart_fifo.o ABSOLUTE
    ..\..\User\bsp_stm32f4xx\stm32f4xx_assert.c 0x00000000   Number         0  stm32f4xx_assert.o ABSOLUTE
    ..\..\User\bsp_stm32f4xx\stm32f4xx_it.c  0x00000000   Number         0  stm32f4xx_it.o ABSOLUTE
    ..\..\User\bsp_stm32f4xx\system_stm32f4xx.c 0x00000000   Number         0  system_stm32f4xx.o ABSOLUTE
    ..\..\User\fonts\asc12.c                 0x00000000   Number         0  asc12.o ABSOLUTE
    ..\..\User\fonts\asc16.c                 0x00000000   Number         0  asc16.o ABSOLUTE
    ..\..\User\fonts\hz12.c                  0x00000000   Number         0  hz12.o ABSOLUTE
    ..\..\User\fonts\hz16.c                  0x00000000   Number         0  hz16.o ABSOLUTE
    ..\..\User\images\images.c               0x00000000   Number         0  images.o ABSOLUTE
    ..\..\User\main.c                        0x00000000   Number         0  main.o ABSOLUTE
    ..\\..\\Libraries\\STM32F4xx_StdPeriph_Driver\\src\\misc.c 0x00000000   Number         0  misc.o ABSOLUTE
    ..\\..\\Libraries\\STM32F4xx_StdPeriph_Driver\\src\\stm32f4xx_dcmi.c 0x00000000   Number         0  stm32f4xx_dcmi.o ABSOLUTE
    ..\\..\\Libraries\\STM32F4xx_StdPeriph_Driver\\src\\stm32f4xx_dma.c 0x00000000   Number         0  stm32f4xx_dma.o ABSOLUTE
    ..\\..\\Libraries\\STM32F4xx_StdPeriph_Driver\\src\\stm32f4xx_exti.c 0x00000000   Number         0  stm32f4xx_exti.o ABSOLUTE
    ..\\..\\Libraries\\STM32F4xx_StdPeriph_Driver\\src\\stm32f4xx_fsmc.c 0x00000000   Number         0  stm32f4xx_fsmc.o ABSOLUTE
    ..\\..\\Libraries\\STM32F4xx_StdPeriph_Driver\\src\\stm32f4xx_gpio.c 0x00000000   Number         0  stm32f4xx_gpio.o ABSOLUTE
    ..\\..\\Libraries\\STM32F4xx_StdPeriph_Driver\\src\\stm32f4xx_rcc.c 0x00000000   Number         0  stm32f4xx_rcc.o ABSOLUTE
    ..\\..\\Libraries\\STM32F4xx_StdPeriph_Driver\\src\\stm32f4xx_spi.c 0x00000000   Number         0  stm32f4xx_spi.o ABSOLUTE
    ..\\..\\Libraries\\STM32F4xx_StdPeriph_Driver\\src\\stm32f4xx_syscfg.c 0x00000000   Number         0  stm32f4xx_syscfg.o ABSOLUTE
    ..\\..\\Libraries\\STM32F4xx_StdPeriph_Driver\\src\\stm32f4xx_tim.c 0x00000000   Number         0  stm32f4xx_tim.o ABSOLUTE
    ..\\..\\Libraries\\STM32F4xx_StdPeriph_Driver\\src\\stm32f4xx_usart.c 0x00000000   Number         0  stm32f4xx_usart.o ABSOLUTE
    ..\\..\\User\\bsp_stm32f4xx\\bsp.c       0x00000000   Number         0  bsp.o ABSOLUTE
    ..\\..\\User\\bsp_stm32f4xx\\src\\bsp_ad7606.c 0x00000000   Number         0  bsp_ad7606.o ABSOLUTE
    ..\\..\\User\\bsp_stm32f4xx\\src\\bsp_key.c 0x00000000   Number         0  bsp_key.o ABSOLUTE
    ..\\..\\User\\bsp_stm32f4xx\\src\\bsp_timer.c 0x00000000   Number         0  bsp_timer.o ABSOLUTE
    ..\\..\\User\\bsp_stm32f4xx\\src\\bsp_uart_fifo.c 0x00000000   Number         0  bsp_uart_fifo.o ABSOLUTE
    ..\\..\\User\\bsp_stm32f4xx\\stm32f4xx_assert.c 0x00000000   Number         0  stm32f4xx_assert.o ABSOLUTE
    ..\\..\\User\\bsp_stm32f4xx\\stm32f4xx_it.c 0x00000000   Number         0  stm32f4xx_it.o ABSOLUTE
    ..\\..\\User\\bsp_stm32f4xx\\system_stm32f4xx.c 0x00000000   Number         0  system_stm32f4xx.o ABSOLUTE
    ..\\..\\User\\images\\images.c           0x00000000   Number         0  images.o ABSOLUTE
    ..\\..\\User\\main.c                     0x00000000   Number         0  main.o ABSOLUTE
    cdrcmple.s                               0x00000000   Number         0  cdrcmple.o ABSOLUTE
    dc.s                                     0x00000000   Number         0  dc.o ABSOLUTE
    handlers.s                               0x00000000   Number         0  handlers.o ABSOLUTE
    init.s                                   0x00000000   Number         0  init.o ABSOLUTE
    RESET                                    0x08000000   Section      392  startup_stm32f4xx.o(RESET)
    .ARM.Collect$$$$00000000                 0x08000188   Section        0  entry.o(.ARM.Collect$$$$00000000)
    .ARM.Collect$$$$00000001                 0x08000188   Section        4  entry2.o(.ARM.Collect$$$$00000001)
    .ARM.Collect$$$$00000004                 0x0800018c   Section        4  entry5.o(.ARM.Collect$$$$00000004)
    .ARM.Collect$$$$00000008                 0x08000190   Section        0  entry7b.o(.ARM.Collect$$$$00000008)
    .ARM.Collect$$$$0000000A                 0x08000190   Section        0  entry8b.o(.ARM.Collect$$$$0000000A)
    .ARM.Collect$$$$0000000B                 0x08000190   Section        8  entry9a.o(.ARM.Collect$$$$0000000B)
    .ARM.Collect$$$$0000000E                 0x08000198   Section        4  entry12b.o(.ARM.Collect$$$$0000000E)
    .ARM.Collect$$$$0000000F                 0x0800019c   Section        0  entry10a.o(.ARM.Collect$$$$0000000F)
    .ARM.Collect$$$$00000011                 0x0800019c   Section        0  entry11a.o(.ARM.Collect$$$$00000011)
    .ARM.Collect$$$$00002712                 0x0800019c   Section        4  entry2.o(.ARM.Collect$$$$00002712)
    __lit__00000000                          0x0800019c   Data           4  entry2.o(.ARM.Collect$$$$00002712)
    .text                                    0x080001a0   Section       36  startup_stm32f4xx.o(.text)
    $v0                                      0x080001a0   Number         0  startup_stm32f4xx.o(.text)
    .text                                    0x080001c4   Section        0  uidiv.o(.text)
    .text                                    0x080001f0   Section       36  init.o(.text)
    i.AD7606_CtrlLinesConfig                 0x08000214   Section        0  bsp_ad7606.o(i.AD7606_CtrlLinesConfig)
    AD7606_CtrlLinesConfig                   0x08000215   Thumb Code   350  bsp_ad7606.o(i.AD7606_CtrlLinesConfig)
    i.AD7606_EnterAutoMode                   0x08000388   Section        0  bsp_ad7606.o(i.AD7606_EnterAutoMode)
    i.AD7606_FSMCConfig                      0x080004b8   Section        0  bsp_ad7606.o(i.AD7606_FSMCConfig)
    AD7606_FSMCConfig                        0x080004b9   Thumb Code    80  bsp_ad7606.o(i.AD7606_FSMCConfig)
    i.AD7606_ISR                             0x08000508   Section        0  bsp_ad7606.o(i.AD7606_ISR)
    i.AD7606_ReadNowAdc                      0x08000558   Section        0  bsp_ad7606.o(i.AD7606_ReadNowAdc)
    i.AD7606_Reset                           0x08000588   Section        0  bsp_ad7606.o(i.AD7606_Reset)
    i.AD7606_SetInputRange                   0x080005a0   Section        0  bsp_ad7606.o(i.AD7606_SetInputRange)
    i.AD7606_SetOS                           0x080005c8   Section        0  bsp_ad7606.o(i.AD7606_SetOS)
    i.AD7606_StartConvst                     0x0800062c   Section        0  bsp_ad7606.o(i.AD7606_StartConvst)
    i.AD7606_StartRecord                     0x08000644   Section        0  bsp_ad7606.o(i.AD7606_StartRecord)
    i.AD7606_StopRecord                      0x08000670   Section        0  bsp_ad7606.o(i.AD7606_StopRecord)
    i.BusFault_Handler                       0x080006b8   Section        0  stm32f4xx_it.o(i.BusFault_Handler)
    i.ConfigUartNVIC                         0x080006ba   Section        0  bsp_uart_fifo.o(i.ConfigUartNVIC)
    ConfigUartNVIC                           0x080006bb   Thumb Code   100  bsp_uart_fifo.o(i.ConfigUartNVIC)
    i.DebugMon_Handler                       0x0800071e   Section        0  stm32f4xx_it.o(i.DebugMon_Handler)
    i.EXTI9_5_IRQHandler                     0x08000720   Section        0  bsp_ad7606.o(i.EXTI9_5_IRQHandler)
    i.EXTI_ClearITPendingBit                 0x0800073c   Section        0  stm32f4xx_exti.o(i.EXTI_ClearITPendingBit)
    i.EXTI_GetITStatus                       0x08000748   Section        0  stm32f4xx_exti.o(i.EXTI_GetITStatus)
    i.EXTI_Init                              0x08000768   Section        0  stm32f4xx_exti.o(i.EXTI_Init)
    i.FSMC_NORSRAMCmd                        0x080007dc   Section        0  stm32f4xx_fsmc.o(i.FSMC_NORSRAMCmd)
    i.FSMC_NORSRAMInit                       0x08000800   Section        0  stm32f4xx_fsmc.o(i.FSMC_NORSRAMInit)
    i.GPIO_Init                              0x080008ca   Section        0  stm32f4xx_gpio.o(i.GPIO_Init)
    i.GPIO_PinAFConfig                       0x08000946   Section        0  stm32f4xx_gpio.o(i.GPIO_PinAFConfig)
    i.HardFault_Handler                      0x08000966   Section        0  stm32f4xx_it.o(i.HardFault_Handler)
    i.InitHardUart                           0x08000968   Section        0  bsp_uart_fifo.o(i.InitHardUart)
    InitHardUart                             0x08000969   Thumb Code   684  bsp_uart_fifo.o(i.InitHardUart)
    i.IsKeyDown1                             0x08000c34   Section        0  bsp_key.o(i.IsKeyDown1)
    IsKeyDown1                               0x08000c35   Thumb Code    16  bsp_key.o(i.IsKeyDown1)
    i.IsKeyDown2                             0x08000c48   Section        0  bsp_key.o(i.IsKeyDown2)
    IsKeyDown2                               0x08000c49   Thumb Code    16  bsp_key.o(i.IsKeyDown2)
    i.IsKeyDown3                             0x08000c5c   Section        0  bsp_key.o(i.IsKeyDown3)
    IsKeyDown3                               0x08000c5d   Thumb Code    16  bsp_key.o(i.IsKeyDown3)
    i.IsKeyDown4                             0x08000c70   Section        0  bsp_key.o(i.IsKeyDown4)
    IsKeyDown4                               0x08000c71   Thumb Code    16  bsp_key.o(i.IsKeyDown4)
    i.IsKeyDown5                             0x08000c84   Section        0  bsp_key.o(i.IsKeyDown5)
    IsKeyDown5                               0x08000c85   Thumb Code    16  bsp_key.o(i.IsKeyDown5)
    i.IsKeyDown6                             0x08000c98   Section        0  bsp_key.o(i.IsKeyDown6)
    IsKeyDown6                               0x08000c99   Thumb Code    16  bsp_key.o(i.IsKeyDown6)
    i.IsKeyDown7                             0x08000cac   Section        0  bsp_key.o(i.IsKeyDown7)
    IsKeyDown7                               0x08000cad   Thumb Code    16  bsp_key.o(i.IsKeyDown7)
    i.IsKeyDown8                             0x08000cc0   Section        0  bsp_key.o(i.IsKeyDown8)
    IsKeyDown8                               0x08000cc1   Thumb Code    16  bsp_key.o(i.IsKeyDown8)
    i.MemManage_Handler                      0x08000cd4   Section        0  stm32f4xx_it.o(i.MemManage_Handler)
    i.NMI_Handler                            0x08000cd6   Section        0  stm32f4xx_it.o(i.NMI_Handler)
    i.NVIC_Init                              0x08000cd8   Section        0  misc.o(i.NVIC_Init)
    i.NVIC_PriorityGroupConfig               0x08000d40   Section        0  misc.o(i.NVIC_PriorityGroupConfig)
    i.PendSV_Handler                         0x08000d54   Section        0  stm32f4xx_it.o(i.PendSV_Handler)
    i.PrintfLogo                             0x08000d58   Section        0  main.o(i.PrintfLogo)
    PrintfLogo                               0x08000d59   Thumb Code    78  main.o(i.PrintfLogo)
    i.RCC_AHB1PeriphClockCmd                 0x08000ecc   Section        0  stm32f4xx_rcc.o(i.RCC_AHB1PeriphClockCmd)
    i.RCC_AHB3PeriphClockCmd                 0x08000ee8   Section        0  stm32f4xx_rcc.o(i.RCC_AHB3PeriphClockCmd)
    i.RCC_APB1PeriphClockCmd                 0x08000f04   Section        0  stm32f4xx_rcc.o(i.RCC_APB1PeriphClockCmd)
    i.RCC_APB2PeriphClockCmd                 0x08000f20   Section        0  stm32f4xx_rcc.o(i.RCC_APB2PeriphClockCmd)
    i.RCC_GetClocksFreq                      0x08000f3c   Section        0  stm32f4xx_rcc.o(i.RCC_GetClocksFreq)
    i.SVC_Handler                            0x08000fe0   Section        0  stm32f4xx_it.o(i.SVC_Handler)
    i.SYSCFG_EXTILineConfig                  0x08000fe4   Section        0  stm32f4xx_syscfg.o(i.SYSCFG_EXTILineConfig)
    i.SetSysClock                            0x08001010   Section        0  system_stm32f4xx.o(i.SetSysClock)
    SetSysClock                              0x08001011   Thumb Code   168  system_stm32f4xx.o(i.SetSysClock)
    i.SysTick_Handler                        0x080010c8   Section        0  bsp_timer.o(i.SysTick_Handler)
    i.SysTick_ISR                            0x080010cc   Section        0  bsp_timer.o(i.SysTick_ISR)
    i.SystemInit                             0x08001134   Section        0  system_stm32f4xx.o(i.SystemInit)
    i.TIM_ARRPreloadConfig                   0x08001190   Section        0  stm32f4xx_tim.o(i.TIM_ARRPreloadConfig)
    i.TIM_Cmd                                0x080011a8   Section        0  stm32f4xx_tim.o(i.TIM_Cmd)
    i.TIM_OC3Init                            0x080011c0   Section        0  stm32f4xx_tim.o(i.TIM_OC3Init)
    i.TIM_OC3PreloadConfig                   0x08001244   Section        0  stm32f4xx_tim.o(i.TIM_OC3PreloadConfig)
    i.TIM_TimeBaseInit                       0x08001250   Section        0  stm32f4xx_tim.o(i.TIM_TimeBaseInit)
    i.USART1_IRQHandler                      0x080012cc   Section        0  bsp_uart_fifo.o(i.USART1_IRQHandler)
    i.USART2_IRQHandler                      0x080012d8   Section        0  bsp_uart_fifo.o(i.USART2_IRQHandler)
    i.USART3_IRQHandler                      0x080012e4   Section        0  bsp_uart_fifo.o(i.USART3_IRQHandler)
    i.USART3_SendBefor                       0x080012f0   Section        0  bsp_uart_fifo.o(i.USART3_SendBefor)
    i.USART3_SendOver                        0x080012fc   Section        0  bsp_uart_fifo.o(i.USART3_SendOver)
    i.USART6_IRQHandler                      0x08001308   Section        0  bsp_uart_fifo.o(i.USART6_IRQHandler)
    i.USART_ClearFlag                        0x08001314   Section        0  stm32f4xx_usart.o(i.USART_ClearFlag)
    i.USART_Cmd                              0x0800131c   Section        0  stm32f4xx_usart.o(i.USART_Cmd)
    i.USART_GetITStatus                      0x08001334   Section        0  stm32f4xx_usart.o(i.USART_GetITStatus)
    i.USART_ITConfig                         0x08001374   Section        0  stm32f4xx_usart.o(i.USART_ITConfig)
    i.USART_Init                             0x080013ac   Section        0  stm32f4xx_usart.o(i.USART_Init)
    i.USART_ReceiveData                      0x08001468   Section        0  stm32f4xx_usart.o(i.USART_ReceiveData)
    i.USART_SendData                         0x08001470   Section        0  stm32f4xx_usart.o(i.USART_SendData)
    i.UartIRQ                                0x08001478   Section        0  bsp_uart_fifo.o(i.UartIRQ)
    UartIRQ                                  0x08001479   Thumb Code   212  bsp_uart_fifo.o(i.UartIRQ)
    i.UartSend                               0x0800154c   Section        0  bsp_uart_fifo.o(i.UartSend)
    UartSend                                 0x0800154d   Thumb Code   100  bsp_uart_fifo.o(i.UartSend)
    i.UartVarInit                            0x080015b0   Section        0  bsp_uart_fifo.o(i.UartVarInit)
    UartVarInit                              0x080015b1   Thumb Code   164  bsp_uart_fifo.o(i.UartVarInit)
    i.UsageFault_Handler                     0x08001674   Section        0  stm32f4xx_it.o(i.UsageFault_Handler)
    i.__0printf$6                            0x08001678   Section        0  printf6.o(i.__0printf$6)
    i.__scatterload_copy                     0x08001698   Section       14  handlers.o(i.__scatterload_copy)
    i.__scatterload_null                     0x080016a6   Section        2  handlers.o(i.__scatterload_null)
    i.__scatterload_zeroinit                 0x080016a8   Section       14  handlers.o(i.__scatterload_zeroinit)
    i._printf_core                           0x080016b8   Section        0  printf6.o(i._printf_core)
    _printf_core                             0x080016b9   Thumb Code   748  printf6.o(i._printf_core)
    i._printf_post_padding                   0x080019a8   Section        0  printf6.o(i._printf_post_padding)
    _printf_post_padding                     0x080019a9   Thumb Code    36  printf6.o(i._printf_post_padding)
    i._printf_pre_padding                    0x080019cc   Section        0  printf6.o(i._printf_pre_padding)
    _printf_pre_padding                      0x080019cd   Thumb Code    46  printf6.o(i._printf_pre_padding)
    i.bsp_CheckTimer                         0x080019fc   Section        0  bsp_timer.o(i.bsp_CheckTimer)
    i.bsp_DetectKey                          0x08001a24   Section        0  bsp_key.o(i.bsp_DetectKey)
    bsp_DetectKey                            0x08001a25   Thumb Code   172  bsp_key.o(i.bsp_DetectKey)
    i.bsp_GetKey                             0x08001ad4   Section        0  bsp_key.o(i.bsp_GetKey)
    i.bsp_Idle                               0x08001af8   Section        0  bsp.o(i.bsp_Idle)
    i.bsp_Init                               0x08001afa   Section        0  bsp.o(i.bsp_Init)
    i.bsp_InitAD7606                         0x08001b0c   Section        0  bsp_ad7606.o(i.bsp_InitAD7606)
    i.bsp_InitKey                            0x08001b34   Section        0  bsp_key.o(i.bsp_InitKey)
    i.bsp_InitKeyHard                        0x08001b44   Section        0  bsp_key.o(i.bsp_InitKeyHard)
    bsp_InitKeyHard                          0x08001b45   Thumb Code   134  bsp_key.o(i.bsp_InitKeyHard)
    i.bsp_InitKeyVar                         0x08001be0   Section        0  bsp_key.o(i.bsp_InitKeyVar)
    bsp_InitKeyVar                           0x08001be1   Thumb Code   106  bsp_key.o(i.bsp_InitKeyVar)
    i.bsp_InitTimer                          0x08001c70   Section        0  bsp_timer.o(i.bsp_InitTimer)
    i.bsp_InitUart                           0x08001cc8   Section        0  bsp_uart_fifo.o(i.bsp_InitUart)
    i.bsp_KeyScan                            0x08001cda   Section        0  bsp_key.o(i.bsp_KeyScan)
    i.bsp_PutKey                             0x08001cf0   Section        0  bsp_key.o(i.bsp_PutKey)
    i.bsp_RunPer10ms                         0x08001d0c   Section        0  bsp.o(i.bsp_RunPer10ms)
    i.bsp_RunPer1ms                          0x08001d10   Section        0  bsp.o(i.bsp_RunPer1ms)
    i.bsp_SoftTimerDec                       0x08001d12   Section        0  bsp_timer.o(i.bsp_SoftTimerDec)
    bsp_SoftTimerDec                         0x08001d13   Thumb Code    30  bsp_timer.o(i.bsp_SoftTimerDec)
    i.bsp_StartAutoTimer                     0x08001d30   Section        0  bsp_timer.o(i.bsp_StartAutoTimer)
    i.comSendBuf                             0x08001dbc   Section        0  bsp_uart_fifo.o(i.comSendBuf)
    i.comSendChar                            0x08001e10   Section        0  bsp_uart_fifo.o(i.comSendChar)
    i.fputc                                  0x08001e1c   Section        0  bsp_uart_fifo.o(i.fputc)
    i.main                                   0x08001e2c   Section        0  main.o(i.main)
    .constdata                               0x08002010   Section       48  bsp_timer.o(.constdata)
    __FUNCTION__                             0x08002010   Data          15  bsp_timer.o(.constdata)
    __FUNCTION__                             0x0800201f   Data          19  bsp_timer.o(.constdata)
    __FUNCTION__                             0x08002032   Data          14  bsp_timer.o(.constdata)
    .data                                    0x20000000   Section       12  bsp_timer.o(.data)
    s_ucTimeOutFlag                          0x20000000   Data           1  bsp_timer.o(.data)
    s_count                                  0x20000001   Data           1  bsp_timer.o(.data)
    s_uiDelayCount                           0x20000004   Data           4  bsp_timer.o(.data)
    .data                                    0x2000000c   Section        1  bsp_uart_fifo.o(.data)
    g_TxBuf2                                 0x2000000c   Data           1  bsp_uart_fifo.o(.data)
    .data                                    0x2000000d   Section       16  stm32f4xx_rcc.o(.data)
    APBAHBPrescTable                         0x2000000d   Data          16  stm32f4xx_rcc.o(.data)
    .data                                    0x20000020   Section       20  system_stm32f4xx.o(.data)
    .data                                    0x20000034   Section        4  stdout.o(.data)
    .bss                                     0x20000038   Section      140  bsp_key.o(.bss)
    s_tBtn                                   0x20000038   Data         128  bsp_key.o(.bss)
    s_tKey                                   0x200000b8   Data          12  bsp_key.o(.bss)
    .bss                                     0x200000c4   Section       48  bsp_timer.o(.bss)
    s_tTmr                                   0x200000c4   Data          48  bsp_timer.o(.bss)
    .bss                                     0x200000f4   Section     8336  bsp_uart_fifo.o(.bss)
    g_tUart1                                 0x200000f4   Data          36  bsp_uart_fifo.o(.bss)
    g_TxBuf1                                 0x20000118   Data        1024  bsp_uart_fifo.o(.bss)
    g_RxBuf1                                 0x20000518   Data        1024  bsp_uart_fifo.o(.bss)
    g_tUart2                                 0x20000918   Data          36  bsp_uart_fifo.o(.bss)
    g_RxBuf2                                 0x2000093c   Data        2048  bsp_uart_fifo.o(.bss)
    g_tUart3                                 0x2000113c   Data          36  bsp_uart_fifo.o(.bss)
    g_TxBuf3                                 0x20001160   Data        1024  bsp_uart_fifo.o(.bss)
    g_RxBuf3                                 0x20001560   Data        1024  bsp_uart_fifo.o(.bss)
    g_tUart6                                 0x20001960   Data          36  bsp_uart_fifo.o(.bss)
    g_TxBuf6                                 0x20001984   Data        1024  bsp_uart_fifo.o(.bss)
    g_RxBuf6                                 0x20001d84   Data        1024  bsp_uart_fifo.o(.bss)
    .bss                                     0x20002184   Section     4122  bsp_ad7606.o(.bss)
    STACK                                    0x200031a0   Section    16384  startup_stm32f4xx.o(STACK)

    Global Symbols

    Symbol Name                              Value     Ov Type        Size  Object(Section)

    BuildAttributes$$THM_ISAv4$E$P$D$K$B$S$7EM$VFPi3$EXTD16$VFPS$VFMA$PE$A:L22UL41UL21$X:L11$S22US41US21$IEEE1$IW$USESV6$~STKCKD$USESV7$~SHL$OSPACE$ROPI$EBA8$MICROLIB$REQ8$PRES8$EABIv2 0x00000000   Number         0  anon$$obj.o ABSOLUTE
    __ARM_use_no_argv                        0x00000000   Number         0  main.o ABSOLUTE
    _printf_a                                0x00000000   Number         0  stubs.o ABSOLUTE
    _printf_c                                0x00000000   Number         0  stubs.o ABSOLUTE
    _printf_charcount                        0x00000000   Number         0  stubs.o ABSOLUTE
    _printf_d                                0x00000000   Number         0  stubs.o ABSOLUTE
    _printf_e                                0x00000000   Number         0  stubs.o ABSOLUTE
    _printf_f                                0x00000000   Number         0  stubs.o ABSOLUTE
    _printf_flags                            0x00000000   Number         0  stubs.o ABSOLUTE
    _printf_fp_dec                           0x00000000   Number         0  stubs.o ABSOLUTE
    _printf_fp_hex                           0x00000000   Number         0  stubs.o ABSOLUTE
    _printf_g                                0x00000000   Number         0  stubs.o ABSOLUTE
    _printf_i                                0x00000000   Number         0  stubs.o ABSOLUTE
    _printf_int_dec                          0x00000000   Number         0  stubs.o ABSOLUTE
    _printf_l                                0x00000000   Number         0  stubs.o ABSOLUTE
    _printf_lc                               0x00000000   Number         0  stubs.o ABSOLUTE
    _printf_ll                               0x00000000   Number         0  stubs.o ABSOLUTE
    _printf_lld                              0x00000000   Number         0  stubs.o ABSOLUTE
    _printf_lli                              0x00000000   Number         0  stubs.o ABSOLUTE
    _printf_llo                              0x00000000   Number         0  stubs.o ABSOLUTE
    _printf_llu                              0x00000000   Number         0  stubs.o ABSOLUTE
    _printf_llx                              0x00000000   Number         0  stubs.o ABSOLUTE
    _printf_longlong_dec                     0x00000000   Number         0  stubs.o ABSOLUTE
    _printf_longlong_hex                     0x00000000   Number         0  stubs.o ABSOLUTE
    _printf_longlong_oct                     0x00000000   Number         0  stubs.o ABSOLUTE
    _printf_ls                               0x00000000   Number         0  stubs.o ABSOLUTE
    _printf_mbtowc                           0x00000000   Number         0  stubs.o ABSOLUTE
    _printf_n                                0x00000000   Number         0  stubs.o ABSOLUTE
    _printf_o                                0x00000000   Number         0  stubs.o ABSOLUTE
    _printf_p                                0x00000000   Number         0  stubs.o ABSOLUTE
    _printf_percent                          0x00000000   Number         0  stubs.o ABSOLUTE
    _printf_pre_padding                      0x00000000   Number         0  stubs.o ABSOLUTE
    _printf_return_value                     0x00000000   Number         0  stubs.o ABSOLUTE
    _printf_s                                0x00000000   Number         0  stubs.o ABSOLUTE
    _printf_sizespec                         0x00000000   Number         0  stubs.o ABSOLUTE
    _printf_str                              0x00000000   Number         0  stubs.o ABSOLUTE
    _printf_truncate_signed                  0x00000000   Number         0  stubs.o ABSOLUTE
    _printf_truncate_unsigned                0x00000000   Number         0  stubs.o ABSOLUTE
    _printf_u                                0x00000000   Number         0  stubs.o ABSOLUTE
    _printf_wc                               0x00000000   Number         0  stubs.o ABSOLUTE
    _printf_wctomb                           0x00000000   Number         0  stubs.o ABSOLUTE
    _printf_widthprec                        0x00000000   Number         0  stubs.o ABSOLUTE
    _printf_x                                0x00000000   Number         0  stubs.o ABSOLUTE
    __arm_fini_                               - Undefined Weak Reference
    __cpp_initialize__aeabi_                  - Undefined Weak Reference
    __cxa_finalize                            - Undefined Weak Reference
    __decompress                              - Undefined Weak Reference
    _clock_init                               - Undefined Weak Reference
    _microlib_exit                            - Undefined Weak Reference
    __Vectors_Size                           0x00000188   Number         0  startup_stm32f4xx.o ABSOLUTE
    __Vectors                                0x08000000   Data           4  startup_stm32f4xx.o(RESET)
    __Vectors_End                            0x08000188   Data           0  startup_stm32f4xx.o(RESET)
    __main                                   0x08000189   Thumb Code     0  entry.o(.ARM.Collect$$$$00000000)
    _main_stk                                0x08000189   Thumb Code     0  entry2.o(.ARM.Collect$$$$00000001)
    _main_scatterload                        0x0800018d   Thumb Code     0  entry5.o(.ARM.Collect$$$$00000004)
    __main_after_scatterload                 0x08000191   Thumb Code     0  entry5.o(.ARM.Collect$$$$00000004)
    _main_clock                              0x08000191   Thumb Code     0  entry7b.o(.ARM.Collect$$$$00000008)
    _main_cpp_init                           0x08000191   Thumb Code     0  entry8b.o(.ARM.Collect$$$$0000000A)
    _main_init                               0x08000191   Thumb Code     0  entry9a.o(.ARM.Collect$$$$0000000B)
    __rt_lib_shutdown_fini                   0x08000199   Thumb Code     0  entry12b.o(.ARM.Collect$$$$0000000E)
    __rt_final_cpp                           0x0800019d   Thumb Code     0  entry10a.o(.ARM.Collect$$$$0000000F)
    __rt_final_exit                          0x0800019d   Thumb Code     0  entry11a.o(.ARM.Collect$$$$00000011)
    Reset_Handler                            0x080001a1   Thumb Code     8  startup_stm32f4xx.o(.text)
    ADC_IRQHandler                           0x080001bb   Thumb Code     0  startup_stm32f4xx.o(.text)
    CAN1_RX0_IRQHandler                      0x080001bb   Thumb Code     0  startup_stm32f4xx.o(.text)
    CAN1_RX1_IRQHandler                      0x080001bb   Thumb Code     0  startup_stm32f4xx.o(.text)
    CAN1_SCE_IRQHandler                      0x080001bb   Thumb Code     0  startup_stm32f4xx.o(.text)
    CAN1_TX_IRQHandler                       0x080001bb   Thumb Code     0  startup_stm32f4xx.o(.text)
    CAN2_RX0_IRQHandler                      0x080001bb   Thumb Code     0  startup_stm32f4xx.o(.text)
    CAN2_RX1_IRQHandler                      0x080001bb   Thumb Code     0  startup_stm32f4xx.o(.text)
    CAN2_SCE_IRQHandler                      0x080001bb   Thumb Code     0  startup_stm32f4xx.o(.text)
    CAN2_TX_IRQHandler                       0x080001bb   Thumb Code     0  startup_stm32f4xx.o(.text)
    CRYP_IRQHandler                          0x080001bb   Thumb Code     0  startup_stm32f4xx.o(.text)
    DCMI_IRQHandler                          0x080001bb   Thumb Code     0  startup_stm32f4xx.o(.text)
    DMA1_Stream0_IRQHandler                  0x080001bb   Thumb Code     0  startup_stm32f4xx.o(.text)
    DMA1_Stream1_IRQHandler                  0x080001bb   Thumb Code     0  startup_stm32f4xx.o(.text)
    DMA1_Stream2_IRQHandler                  0x080001bb   Thumb Code     0  startup_stm32f4xx.o(.text)
    DMA1_Stream3_IRQHandler                  0x080001bb   Thumb Code     0  startup_stm32f4xx.o(.text)
    DMA1_Stream4_IRQHandler                  0x080001bb   Thumb Code     0  startup_stm32f4xx.o(.text)
    DMA1_Stream5_IRQHandler                  0x080001bb   Thumb Code     0  startup_stm32f4xx.o(.text)
    DMA1_Stream6_IRQHandler                  0x080001bb   Thumb Code     0  startup_stm32f4xx.o(.text)
    DMA1_Stream7_IRQHandler                  0x080001bb   Thumb Code     0  startup_stm32f4xx.o(.text)
    DMA2_Stream0_IRQHandler                  0x080001bb   Thumb Code     0  startup_stm32f4xx.o(.text)
    DMA2_Stream1_IRQHandler                  0x080001bb   Thumb Code     0  startup_stm32f4xx.o(.text)
    DMA2_Stream2_IRQHandler                  0x080001bb   Thumb Code     0  startup_stm32f4xx.o(.text)
    DMA2_Stream3_IRQHandler                  0x080001bb   Thumb Code     0  startup_stm32f4xx.o(.text)
    DMA2_Stream4_IRQHandler                  0x080001bb   Thumb Code     0  startup_stm32f4xx.o(.text)
    DMA2_Stream5_IRQHandler                  0x080001bb   Thumb Code     0  startup_stm32f4xx.o(.text)
    DMA2_Stream6_IRQHandler                  0x080001bb   Thumb Code     0  startup_stm32f4xx.o(.text)
    DMA2_Stream7_IRQHandler                  0x080001bb   Thumb Code     0  startup_stm32f4xx.o(.text)
    ETH_IRQHandler                           0x080001bb   Thumb Code     0  startup_stm32f4xx.o(.text)
    ETH_WKUP_IRQHandler                      0x080001bb   Thumb Code     0  startup_stm32f4xx.o(.text)
    EXTI0_IRQHandler                         0x080001bb   Thumb Code     0  startup_stm32f4xx.o(.text)
    EXTI15_10_IRQHandler                     0x080001bb   Thumb Code     0  startup_stm32f4xx.o(.text)
    EXTI1_IRQHandler                         0x080001bb   Thumb Code     0  startup_stm32f4xx.o(.text)
    EXTI2_IRQHandler                         0x080001bb   Thumb Code     0  startup_stm32f4xx.o(.text)
    EXTI3_IRQHandler                         0x080001bb   Thumb Code     0  startup_stm32f4xx.o(.text)
    EXTI4_IRQHandler                         0x080001bb   Thumb Code     0  startup_stm32f4xx.o(.text)
    FLASH_IRQHandler                         0x080001bb   Thumb Code     0  startup_stm32f4xx.o(.text)
    FPU_IRQHandler                           0x080001bb   Thumb Code     0  startup_stm32f4xx.o(.text)
    FSMC_IRQHandler                          0x080001bb   Thumb Code     0  startup_stm32f4xx.o(.text)
    HASH_RNG_IRQHandler                      0x080001bb   Thumb Code     0  startup_stm32f4xx.o(.text)
    I2C1_ER_IRQHandler                       0x080001bb   Thumb Code     0  startup_stm32f4xx.o(.text)
    I2C1_EV_IRQHandler                       0x080001bb   Thumb Code     0  startup_stm32f4xx.o(.text)
    I2C2_ER_IRQHandler                       0x080001bb   Thumb Code     0  startup_stm32f4xx.o(.text)
    I2C2_EV_IRQHandler                       0x080001bb   Thumb Code     0  startup_stm32f4xx.o(.text)
    I2C3_ER_IRQHandler                       0x080001bb   Thumb Code     0  startup_stm32f4xx.o(.text)
    I2C3_EV_IRQHandler                       0x080001bb   Thumb Code     0  startup_stm32f4xx.o(.text)
    OTG_FS_IRQHandler                        0x080001bb   Thumb Code     0  startup_stm32f4xx.o(.text)
    OTG_FS_WKUP_IRQHandler                   0x080001bb   Thumb Code     0  startup_stm32f4xx.o(.text)
    OTG_HS_EP1_IN_IRQHandler                 0x080001bb   Thumb Code     0  startup_stm32f4xx.o(.text)
    OTG_HS_EP1_OUT_IRQHandler                0x080001bb   Thumb Code     0  startup_stm32f4xx.o(.text)
    OTG_HS_IRQHandler                        0x080001bb   Thumb Code     0  startup_stm32f4xx.o(.text)
    OTG_HS_WKUP_IRQHandler                   0x080001bb   Thumb Code     0  startup_stm32f4xx.o(.text)
    PVD_IRQHandler                           0x080001bb   Thumb Code     0  startup_stm32f4xx.o(.text)
    RCC_IRQHandler                           0x080001bb   Thumb Code     0  startup_stm32f4xx.o(.text)
    RTC_Alarm_IRQHandler                     0x080001bb   Thumb Code     0  startup_stm32f4xx.o(.text)
    RTC_WKUP_IRQHandler                      0x080001bb   Thumb Code     0  startup_stm32f4xx.o(.text)
    SDIO_IRQHandler                          0x080001bb   Thumb Code     0  startup_stm32f4xx.o(.text)
    SPI1_IRQHandler                          0x080001bb   Thumb Code     0  startup_stm32f4xx.o(.text)
    SPI2_IRQHandler                          0x080001bb   Thumb Code     0  startup_stm32f4xx.o(.text)
    SPI3_IRQHandler                          0x080001bb   Thumb Code     0  startup_stm32f4xx.o(.text)
    TAMP_STAMP_IRQHandler                    0x080001bb   Thumb Code     0  startup_stm32f4xx.o(.text)
    TIM1_BRK_TIM9_IRQHandler                 0x080001bb   Thumb Code     0  startup_stm32f4xx.o(.text)
    TIM1_CC_IRQHandler                       0x080001bb   Thumb Code     0  startup_stm32f4xx.o(.text)
    TIM1_TRG_COM_TIM11_IRQHandler            0x080001bb   Thumb Code     0  startup_stm32f4xx.o(.text)
    TIM1_UP_TIM10_IRQHandler                 0x080001bb   Thumb Code     0  startup_stm32f4xx.o(.text)
    TIM2_IRQHandler                          0x080001bb   Thumb Code     0  startup_stm32f4xx.o(.text)
    TIM3_IRQHandler                          0x080001bb   Thumb Code     0  startup_stm32f4xx.o(.text)
    TIM4_IRQHandler                          0x080001bb   Thumb Code     0  startup_stm32f4xx.o(.text)
    TIM5_IRQHandler                          0x080001bb   Thumb Code     0  startup_stm32f4xx.o(.text)
    TIM6_DAC_IRQHandler                      0x080001bb   Thumb Code     0  startup_stm32f4xx.o(.text)
    TIM7_IRQHandler                          0x080001bb   Thumb Code     0  startup_stm32f4xx.o(.text)
    TIM8_BRK_TIM12_IRQHandler                0x080001bb   Thumb Code     0  startup_stm32f4xx.o(.text)
    TIM8_CC_IRQHandler                       0x080001bb   Thumb Code     0  startup_stm32f4xx.o(.text)
    TIM8_TRG_COM_TIM14_IRQHandler            0x080001bb   Thumb Code     0  startup_stm32f4xx.o(.text)
    TIM8_UP_TIM13_IRQHandler                 0x080001bb   Thumb Code     0  startup_stm32f4xx.o(.text)
    UART4_IRQHandler                         0x080001bb   Thumb Code     0  startup_stm32f4xx.o(.text)
    UART5_IRQHandler                         0x080001bb   Thumb Code     0  startup_stm32f4xx.o(.text)
    WWDG_IRQHandler                          0x080001bb   Thumb Code     0  startup_stm32f4xx.o(.text)
    __aeabi_uidiv                            0x080001c5   Thumb Code     0  uidiv.o(.text)
    __aeabi_uidivmod                         0x080001c5   Thumb Code    44  uidiv.o(.text)
    __scatterload                            0x080001f1   Thumb Code    28  init.o(.text)
    __scatterload_rt2                        0x080001f1   Thumb Code     0  init.o(.text)
    AD7606_EnterAutoMode                     0x08000389   Thumb Code   288  bsp_ad7606.o(i.AD7606_EnterAutoMode)
    AD7606_ISR                               0x08000509   Thumb Code    74  bsp_ad7606.o(i.AD7606_ISR)
    AD7606_ReadNowAdc                        0x08000559   Thumb Code    38  bsp_ad7606.o(i.AD7606_ReadNowAdc)
    AD7606_Reset                             0x08000589   Thumb Code    18  bsp_ad7606.o(i.AD7606_Reset)
    AD7606_SetInputRange                     0x080005a1   Thumb Code    32  bsp_ad7606.o(i.AD7606_SetInputRange)
    AD7606_SetOS                             0x080005c9   Thumb Code    92  bsp_ad7606.o(i.AD7606_SetOS)
    AD7606_StartConvst                       0x0800062d   Thumb Code    18  bsp_ad7606.o(i.AD7606_StartConvst)
    AD7606_StartRecord                       0x08000645   Thumb Code    38  bsp_ad7606.o(i.AD7606_StartRecord)
    AD7606_StopRecord                        0x08000671   Thumb Code    62  bsp_ad7606.o(i.AD7606_StopRecord)
    BusFault_Handler                         0x080006b9   Thumb Code     2  stm32f4xx_it.o(i.BusFault_Handler)
    DebugMon_Handler                         0x0800071f   Thumb Code     2  stm32f4xx_it.o(i.DebugMon_Handler)
    EXTI9_5_IRQHandler                       0x08000721   Thumb Code    28  bsp_ad7606.o(i.EXTI9_5_IRQHandler)
    EXTI_ClearITPendingBit                   0x0800073d   Thumb Code     6  stm32f4xx_exti.o(i.EXTI_ClearITPendingBit)
    EXTI_GetITStatus                         0x08000749   Thumb Code    28  stm32f4xx_exti.o(i.EXTI_GetITStatus)
    EXTI_Init                                0x08000769   Thumb Code   110  stm32f4xx_exti.o(i.EXTI_Init)
    FSMC_NORSRAMCmd                          0x080007dd   Thumb Code    30  stm32f4xx_fsmc.o(i.FSMC_NORSRAMCmd)
    FSMC_NORSRAMInit                         0x08000801   Thumb Code   202  stm32f4xx_fsmc.o(i.FSMC_NORSRAMInit)
    GPIO_Init                                0x080008cb   Thumb Code   124  stm32f4xx_gpio.o(i.GPIO_Init)
    GPIO_PinAFConfig                         0x08000947   Thumb Code    32  stm32f4xx_gpio.o(i.GPIO_PinAFConfig)
    HardFault_Handler                        0x08000967   Thumb Code     2  stm32f4xx_it.o(i.HardFault_Handler)
    MemManage_Handler                        0x08000cd5   Thumb Code     2  stm32f4xx_it.o(i.MemManage_Handler)
    NMI_Handler                              0x08000cd7   Thumb Code     2  stm32f4xx_it.o(i.NMI_Handler)
    NVIC_Init                                0x08000cd9   Thumb Code    98  misc.o(i.NVIC_Init)
    NVIC_PriorityGroupConfig                 0x08000d41   Thumb Code    10  misc.o(i.NVIC_PriorityGroupConfig)
    PendSV_Handler                           0x08000d55   Thumb Code     2  stm32f4xx_it.o(i.PendSV_Handler)
    RCC_AHB1PeriphClockCmd                   0x08000ecd   Thumb Code    22  stm32f4xx_rcc.o(i.RCC_AHB1PeriphClockCmd)
    RCC_AHB3PeriphClockCmd                   0x08000ee9   Thumb Code    22  stm32f4xx_rcc.o(i.RCC_AHB3PeriphClockCmd)
    RCC_APB1PeriphClockCmd                   0x08000f05   Thumb Code    22  stm32f4xx_rcc.o(i.RCC_APB1PeriphClockCmd)
    RCC_APB2PeriphClockCmd                   0x08000f21   Thumb Code    22  stm32f4xx_rcc.o(i.RCC_APB2PeriphClockCmd)
    RCC_GetClocksFreq                        0x08000f3d   Thumb Code   148  stm32f4xx_rcc.o(i.RCC_GetClocksFreq)
    SVC_Handler                              0x08000fe1   Thumb Code     2  stm32f4xx_it.o(i.SVC_Handler)
    SYSCFG_EXTILineConfig                    0x08000fe5   Thumb Code    38  stm32f4xx_syscfg.o(i.SYSCFG_EXTILineConfig)
    SysTick_Handler                          0x080010c9   Thumb Code     4  bsp_timer.o(i.SysTick_Handler)
    SysTick_ISR                              0x080010cd   Thumb Code    94  bsp_timer.o(i.SysTick_ISR)
    SystemInit                               0x08001135   Thumb Code    74  system_stm32f4xx.o(i.SystemInit)
    TIM_ARRPreloadConfig                     0x08001191   Thumb Code    24  stm32f4xx_tim.o(i.TIM_ARRPreloadConfig)
    TIM_Cmd                                  0x080011a9   Thumb Code    24  stm32f4xx_tim.o(i.TIM_Cmd)
    TIM_OC3Init                              0x080011c1   Thumb Code   124  stm32f4xx_tim.o(i.TIM_OC3Init)
    TIM_OC3PreloadConfig                     0x08001245   Thumb Code    12  stm32f4xx_tim.o(i.TIM_OC3PreloadConfig)
    TIM_TimeBaseInit                         0x08001251   Thumb Code    96  stm32f4xx_tim.o(i.TIM_TimeBaseInit)
    USART1_IRQHandler                        0x080012cd   Thumb Code     6  bsp_uart_fifo.o(i.USART1_IRQHandler)
    USART2_IRQHandler                        0x080012d9   Thumb Code     6  bsp_uart_fifo.o(i.USART2_IRQHandler)
    USART3_IRQHandler                        0x080012e5   Thumb Code     6  bsp_uart_fifo.o(i.USART3_IRQHandler)
    USART3_SendBefor                         0x080012f1   Thumb Code     8  bsp_uart_fifo.o(i.USART3_SendBefor)
    USART3_SendOver                          0x080012fd   Thumb Code     8  bsp_uart_fifo.o(i.USART3_SendOver)
    USART6_IRQHandler                        0x08001309   Thumb Code     6  bsp_uart_fifo.o(i.USART6_IRQHandler)
    USART_ClearFlag                          0x08001315   Thumb Code     8  stm32f4xx_usart.o(i.USART_ClearFlag)
    USART_Cmd                                0x0800131d   Thumb Code    24  stm32f4xx_usart.o(i.USART_Cmd)
    USART_GetITStatus                        0x08001335   Thumb Code    64  stm32f4xx_usart.o(i.USART_GetITStatus)
    USART_ITConfig                           0x08001375   Thumb Code    54  stm32f4xx_usart.o(i.USART_ITConfig)
    USART_Init                               0x080013ad   Thumb Code   180  stm32f4xx_usart.o(i.USART_Init)
    USART_ReceiveData                        0x08001469   Thumb Code     8  stm32f4xx_usart.o(i.USART_ReceiveData)
    USART_SendData                           0x08001471   Thumb Code     8  stm32f4xx_usart.o(i.USART_SendData)
    UsageFault_Handler                       0x08001675   Thumb Code     2  stm32f4xx_it.o(i.UsageFault_Handler)
    __0printf$6                              0x08001679   Thumb Code    22  printf6.o(i.__0printf$6)
    __1printf$6                              0x08001679   Thumb Code     0  printf6.o(i.__0printf$6)
    __2printf                                0x08001679   Thumb Code     0  printf6.o(i.__0printf$6)
    __scatterload_copy                       0x08001699   Thumb Code    14  handlers.o(i.__scatterload_copy)
    __scatterload_null                       0x080016a7   Thumb Code     2  handlers.o(i.__scatterload_null)
    __scatterload_zeroinit                   0x080016a9   Thumb Code    14  handlers.o(i.__scatterload_zeroinit)
    bsp_CheckTimer                           0x080019fd   Thumb Code    36  bsp_timer.o(i.bsp_CheckTimer)
    bsp_GetKey                               0x08001ad5   Thumb Code    32  bsp_key.o(i.bsp_GetKey)
    bsp_Idle                                 0x08001af9   Thumb Code     2  bsp.o(i.bsp_Idle)
    bsp_Init                                 0x08001afb   Thumb Code    18  bsp.o(i.bsp_Init)
    bsp_InitAD7606                           0x08001b0d   Thumb Code    36  bsp_ad7606.o(i.bsp_InitAD7606)
    bsp_InitKey                              0x08001b35   Thumb Code    14  bsp_key.o(i.bsp_InitKey)
    bsp_InitTimer                            0x08001c71   Thumb Code    74  bsp_timer.o(i.bsp_InitTimer)
    bsp_InitUart                             0x08001cc9   Thumb Code    18  bsp_uart_fifo.o(i.bsp_InitUart)
    bsp_KeyScan                              0x08001cdb   Thumb Code    20  bsp_key.o(i.bsp_KeyScan)
    bsp_PutKey                               0x08001cf1   Thumb Code    24  bsp_key.o(i.bsp_PutKey)
    bsp_RunPer10ms                           0x08001d0d   Thumb Code     4  bsp.o(i.bsp_RunPer10ms)
    bsp_RunPer1ms                            0x08001d11   Thumb Code     2  bsp.o(i.bsp_RunPer1ms)
    bsp_StartAutoTimer                       0x08001d31   Thumb Code    54  bsp_timer.o(i.bsp_StartAutoTimer)
    comSendBuf                               0x08001dbd   Thumb Code    66  bsp_uart_fifo.o(i.comSendBuf)
    comSendChar                              0x08001e11   Thumb Code    12  bsp_uart_fifo.o(i.comSendChar)
    fputc                                    0x08001e1d   Thumb Code    16  bsp_uart_fifo.o(i.fputc)
    main                                     0x08001e2d   Thumb Code   256  main.o(i.main)
    Region$$Table$$Base                      0x08002040   Number         0  anon$$obj.o(Region$$Table)
    Region$$Table$$Limit                     0x08002060   Number         0  anon$$obj.o(Region$$Table)
    g_iRunTime                               0x20000008   Data           4  bsp_timer.o(.data)
    SystemCoreClock                          0x20000020   Data           4  system_stm32f4xx.o(.data)
    AHBPrescTable                            0x20000024   Data          16  system_stm32f4xx.o(.data)
    __stdout                                 0x20000034   Data           4  stdout.o(.data)
    g_tAD7606                                0x20002184   Data          18  bsp_ad7606.o(.bss)
    g_tAdcFifo                               0x20002196   Data        4104  bsp_ad7606.o(.bss)
    __initial_sp                             0x200071a0   Data           0  startup_stm32f4xx.o(STACK)



==============================================================================

Memory Map of the image

  Image Entry point : 0x08000189

  Load Region LR_IROM1 (Base: 0x08000000, Size: 0x00002098, Max: 0x00100000, ABSOLUTE)

    Execution Region ER_IROM1 (Exec base: 0x08000000, Load base: 0x08000000, Size: 0x00002060, Max: 0x00100000, ABSOLUTE)

    Exec Addr    Load Addr    Size         Type   Attr      Idx    E Section Name        Object

    0x08000000   0x08000000   0x00000188   Data   RO          732    RESET               startup_stm32f4xx.o
    0x08000188   0x08000188   0x00000000   Code   RO         2688  * .ARM.Collect$$$$00000000  mc_w.l(entry.o)
    0x08000188   0x08000188   0x00000004   Code   RO         2952    .ARM.Collect$$$$00000001  mc_w.l(entry2.o)
    0x0800018c   0x0800018c   0x00000004   Code   RO         2955    .ARM.Collect$$$$00000004  mc_w.l(entry5.o)
    0x08000190   0x08000190   0x00000000   Code   RO         2957    .ARM.Collect$$$$00000008  mc_w.l(entry7b.o)
    0x08000190   0x08000190   0x00000000   Code   RO         2959    .ARM.Collect$$$$0000000A  mc_w.l(entry8b.o)
    0x08000190   0x08000190   0x00000008   Code   RO         2960    .ARM.Collect$$$$0000000B  mc_w.l(entry9a.o)
    0x08000198   0x08000198   0x00000004   Code   RO         2967    .ARM.Collect$$$$0000000E  mc_w.l(entry12b.o)
    0x0800019c   0x0800019c   0x00000000   Code   RO         2962    .ARM.Collect$$$$0000000F  mc_w.l(entry10a.o)
    0x0800019c   0x0800019c   0x00000000   Code   RO         2964    .ARM.Collect$$$$00000011  mc_w.l(entry11a.o)
    0x0800019c   0x0800019c   0x00000004   Code   RO         2953    .ARM.Collect$$$$00002712  mc_w.l(entry2.o)
    0x080001a0   0x080001a0   0x00000024   Code   RO          733    .text               startup_stm32f4xx.o
    0x080001c4   0x080001c4   0x0000002c   Code   RO         2969    .text               mc_w.l(uidiv.o)
    0x080001f0   0x080001f0   0x00000024   Code   RO         2984    .text               mc_w.l(init.o)
    0x08000214   0x08000214   0x00000174   Code   RO          615    i.AD7606_CtrlLinesConfig  bsp_ad7606.o
    0x08000388   0x08000388   0x00000130   Code   RO          616    i.AD7606_EnterAutoMode  bsp_ad7606.o
    0x080004b8   0x080004b8   0x00000050   Code   RO          617    i.AD7606_FSMCConfig  bsp_ad7606.o
    0x08000508   0x08000508   0x00000050   Code   RO          620    i.AD7606_ISR        bsp_ad7606.o
    0x08000558   0x08000558   0x00000030   Code   RO          622    i.AD7606_ReadNowAdc  bsp_ad7606.o
    0x08000588   0x08000588   0x00000018   Code   RO          623    i.AD7606_Reset      bsp_ad7606.o
    0x080005a0   0x080005a0   0x00000028   Code   RO          624    i.AD7606_SetInputRange  bsp_ad7606.o
    0x080005c8   0x080005c8   0x00000064   Code   RO          625    i.AD7606_SetOS      bsp_ad7606.o
    0x0800062c   0x0800062c   0x00000018   Code   RO          626    i.AD7606_StartConvst  bsp_ad7606.o
    0x08000644   0x08000644   0x0000002c   Code   RO          627    i.AD7606_StartRecord  bsp_ad7606.o
    0x08000670   0x08000670   0x00000048   Code   RO          628    i.AD7606_StopRecord  bsp_ad7606.o
    0x080006b8   0x080006b8   0x00000002   Code   RO          486    i.BusFault_Handler  stm32f4xx_it.o
    0x080006ba   0x080006ba   0x00000064   Code   RO          363    i.ConfigUartNVIC    bsp_uart_fifo.o
    0x0800071e   0x0800071e   0x00000002   Code   RO          487    i.DebugMon_Handler  stm32f4xx_it.o
    0x08000720   0x08000720   0x0000001c   Code   RO          629    i.EXTI9_5_IRQHandler  bsp_ad7606.o
    0x0800073c   0x0800073c   0x0000000c   Code   RO         2527    i.EXTI_ClearITPendingBit  stm32f4xx_exti.o
    0x08000748   0x08000748   0x00000020   Code   RO         2531    i.EXTI_GetITStatus  stm32f4xx_exti.o
    0x08000768   0x08000768   0x00000074   Code   RO         2532    i.EXTI_Init         stm32f4xx_exti.o
    0x080007dc   0x080007dc   0x00000024   Code   RO         1431    i.FSMC_NORSRAMCmd   stm32f4xx_fsmc.o
    0x08000800   0x08000800   0x000000ca   Code   RO         1433    i.FSMC_NORSRAMInit  stm32f4xx_fsmc.o
    0x080008ca   0x080008ca   0x0000007c   Code   RO         1127    i.GPIO_Init         stm32f4xx_gpio.o
    0x08000946   0x08000946   0x00000020   Code   RO         1128    i.GPIO_PinAFConfig  stm32f4xx_gpio.o
    0x08000966   0x08000966   0x00000002   Code   RO          488    i.HardFault_Handler  stm32f4xx_it.o
    0x08000968   0x08000968   0x000002cc   Code   RO          364    i.InitHardUart      bsp_uart_fifo.o
    0x08000c34   0x08000c34   0x00000014   Code   RO          169    i.IsKeyDown1        bsp_key.o
    0x08000c48   0x08000c48   0x00000014   Code   RO          170    i.IsKeyDown2        bsp_key.o
    0x08000c5c   0x08000c5c   0x00000014   Code   RO          171    i.IsKeyDown3        bsp_key.o
    0x08000c70   0x08000c70   0x00000014   Code   RO          172    i.IsKeyDown4        bsp_key.o
    0x08000c84   0x08000c84   0x00000014   Code   RO          173    i.IsKeyDown5        bsp_key.o
    0x08000c98   0x08000c98   0x00000014   Code   RO          174    i.IsKeyDown6        bsp_key.o
    0x08000cac   0x08000cac   0x00000014   Code   RO          175    i.IsKeyDown7        bsp_key.o
    0x08000cc0   0x08000cc0   0x00000014   Code   RO          176    i.IsKeyDown8        bsp_key.o
    0x08000cd4   0x08000cd4   0x00000002   Code   RO          489    i.MemManage_Handler  stm32f4xx_it.o
    0x08000cd6   0x08000cd6   0x00000002   Code   RO          490    i.NMI_Handler       stm32f4xx_it.o
    0x08000cd8   0x08000cd8   0x00000068   Code   RO         1078    i.NVIC_Init         misc.o
    0x08000d40   0x08000d40   0x00000014   Code   RO         1079    i.NVIC_PriorityGroupConfig  misc.o
    0x08000d54   0x08000d54   0x00000002   Code   RO          491    i.PendSV_Handler    stm32f4xx_it.o
    0x08000d56   0x08000d56   0x00000002   PAD
    0x08000d58   0x08000d58   0x00000174   Code   RO            4    i.PrintfLogo        main.o
    0x08000ecc   0x08000ecc   0x0000001c   Code   RO          740    i.RCC_AHB1PeriphClockCmd  stm32f4xx_rcc.o
    0x08000ee8   0x08000ee8   0x0000001c   Code   RO          746    i.RCC_AHB3PeriphClockCmd  stm32f4xx_rcc.o
    0x08000f04   0x08000f04   0x0000001c   Code   RO          749    i.RCC_APB1PeriphClockCmd  stm32f4xx_rcc.o
    0x08000f20   0x08000f20   0x0000001c   Code   RO          752    i.RCC_APB2PeriphClockCmd  stm32f4xx_rcc.o
    0x08000f3c   0x08000f3c   0x000000a4   Code   RO          761    i.RCC_GetClocksFreq  stm32f4xx_rcc.o
    0x08000fe0   0x08000fe0   0x00000002   Code   RO          492    i.SVC_Handler       stm32f4xx_it.o
    0x08000fe2   0x08000fe2   0x00000002   PAD
    0x08000fe4   0x08000fe4   0x0000002c   Code   RO         1027    i.SYSCFG_EXTILineConfig  stm32f4xx_syscfg.o
    0x08001010   0x08001010   0x000000b8   Code   RO         2592    i.SetSysClock       system_stm32f4xx.o
    0x080010c8   0x080010c8   0x00000004   Code   RO          274    i.SysTick_Handler   bsp_timer.o
    0x080010cc   0x080010cc   0x00000068   Code   RO          275    i.SysTick_ISR       bsp_timer.o
    0x08001134   0x08001134   0x0000005c   Code   RO         2594    i.SystemInit        system_stm32f4xx.o
    0x08001190   0x08001190   0x00000018   Code   RO         1724    i.TIM_ARRPreloadConfig  stm32f4xx_tim.o
    0x080011a8   0x080011a8   0x00000018   Code   RO         1736    i.TIM_Cmd           stm32f4xx_tim.o
    0x080011c0   0x080011c0   0x00000084   Code   RO         1775    i.TIM_OC3Init       stm32f4xx_tim.o
    0x08001244   0x08001244   0x0000000c   Code   RO         1778    i.TIM_OC3PreloadConfig  stm32f4xx_tim.o
    0x08001250   0x08001250   0x0000007c   Code   RO         1808    i.TIM_TimeBaseInit  stm32f4xx_tim.o
    0x080012cc   0x080012cc   0x0000000c   Code   RO          365    i.USART1_IRQHandler  bsp_uart_fifo.o
    0x080012d8   0x080012d8   0x0000000c   Code   RO          366    i.USART2_IRQHandler  bsp_uart_fifo.o
    0x080012e4   0x080012e4   0x0000000c   Code   RO          367    i.USART3_IRQHandler  bsp_uart_fifo.o
    0x080012f0   0x080012f0   0x0000000c   Code   RO          368    i.USART3_SendBefor  bsp_uart_fifo.o
    0x080012fc   0x080012fc   0x0000000c   Code   RO          369    i.USART3_SendOver   bsp_uart_fifo.o
    0x08001308   0x08001308   0x0000000c   Code   RO          370    i.USART6_IRQHandler  bsp_uart_fifo.o
    0x08001314   0x08001314   0x00000008   Code   RO         1228    i.USART_ClearFlag   stm32f4xx_usart.o
    0x0800131c   0x0800131c   0x00000018   Code   RO         1232    i.USART_Cmd         stm32f4xx_usart.o
    0x08001334   0x08001334   0x00000040   Code   RO         1236    i.USART_GetITStatus  stm32f4xx_usart.o
    0x08001374   0x08001374   0x00000036   Code   RO         1238    i.USART_ITConfig    stm32f4xx_usart.o
    0x080013aa   0x080013aa   0x00000002   PAD
    0x080013ac   0x080013ac   0x000000bc   Code   RO         1239    i.USART_Init        stm32f4xx_usart.o
    0x08001468   0x08001468   0x00000008   Code   RO         1246    i.USART_ReceiveData  stm32f4xx_usart.o
    0x08001470   0x08001470   0x00000008   Code   RO         1249    i.USART_SendData    stm32f4xx_usart.o
    0x08001478   0x08001478   0x000000d4   Code   RO          372    i.UartIRQ           bsp_uart_fifo.o
    0x0800154c   0x0800154c   0x00000064   Code   RO          373    i.UartSend          bsp_uart_fifo.o
    0x080015b0   0x080015b0   0x000000c4   Code   RO          374    i.UartVarInit       bsp_uart_fifo.o
    0x08001674   0x08001674   0x00000002   Code   RO          493    i.UsageFault_Handler  stm32f4xx_it.o
    0x08001676   0x08001676   0x00000002   PAD
    0x08001678   0x08001678   0x00000020   Code   RO         2846    i.__0printf$6       mc_w.l(printf6.o)
    0x08001698   0x08001698   0x0000000e   Code   RO         2996    i.__scatterload_copy  mc_w.l(handlers.o)
    0x080016a6   0x080016a6   0x00000002   Code   RO         2997    i.__scatterload_null  mc_w.l(handlers.o)
    0x080016a8   0x080016a8   0x0000000e   Code   RO         2998    i.__scatterload_zeroinit  mc_w.l(handlers.o)
    0x080016b6   0x080016b6   0x00000002   PAD
    0x080016b8   0x080016b8   0x000002f0   Code   RO         2853    i._printf_core      mc_w.l(printf6.o)
    0x080019a8   0x080019a8   0x00000024   Code   RO         2854    i._printf_post_padding  mc_w.l(printf6.o)
    0x080019cc   0x080019cc   0x0000002e   Code   RO         2855    i._printf_pre_padding  mc_w.l(printf6.o)
    0x080019fa   0x080019fa   0x00000002   PAD
    0x080019fc   0x080019fc   0x00000028   Code   RO          276    i.bsp_CheckTimer    bsp_timer.o
    0x08001a24   0x08001a24   0x000000b0   Code   RO          177    i.bsp_DetectKey     bsp_key.o
    0x08001ad4   0x08001ad4   0x00000024   Code   RO          178    i.bsp_GetKey        bsp_key.o
    0x08001af8   0x08001af8   0x00000002   Code   RO          573    i.bsp_Idle          bsp.o
    0x08001afa   0x08001afa   0x00000012   Code   RO          574    i.bsp_Init          bsp.o
    0x08001b0c   0x08001b0c   0x00000028   Code   RO          630    i.bsp_InitAD7606    bsp_ad7606.o
    0x08001b34   0x08001b34   0x0000000e   Code   RO          180    i.bsp_InitKey       bsp_key.o
    0x08001b42   0x08001b42   0x00000002   PAD
    0x08001b44   0x08001b44   0x0000009c   Code   RO          181    i.bsp_InitKeyHard   bsp_key.o
    0x08001be0   0x08001be0   0x00000090   Code   RO          182    i.bsp_InitKeyVar    bsp_key.o
    0x08001c70   0x08001c70   0x00000058   Code   RO          279    i.bsp_InitTimer     bsp_timer.o
    0x08001cc8   0x08001cc8   0x00000012   Code   RO          375    i.bsp_InitUart      bsp_uart_fifo.o
    0x08001cda   0x08001cda   0x00000014   Code   RO          183    i.bsp_KeyScan       bsp_key.o
    0x08001cee   0x08001cee   0x00000002   PAD
    0x08001cf0   0x08001cf0   0x0000001c   Code   RO          184    i.bsp_PutKey        bsp_key.o
    0x08001d0c   0x08001d0c   0x00000004   Code   RO          575    i.bsp_RunPer10ms    bsp.o
    0x08001d10   0x08001d10   0x00000002   Code   RO          576    i.bsp_RunPer1ms     bsp.o
    0x08001d12   0x08001d12   0x0000001e   Code   RO          280    i.bsp_SoftTimerDec  bsp_timer.o
    0x08001d30   0x08001d30   0x0000008c   Code   RO          281    i.bsp_StartAutoTimer  bsp_timer.o
    0x08001dbc   0x08001dbc   0x00000054   Code   RO          377    i.comSendBuf        bsp_uart_fifo.o
    0x08001e10   0x08001e10   0x0000000c   Code   RO          378    i.comSendChar       bsp_uart_fifo.o
    0x08001e1c   0x08001e1c   0x00000010   Code   RO          380    i.fputc             bsp_uart_fifo.o
    0x08001e2c   0x08001e2c   0x000001e4   Code   RO            5    i.main              main.o
    0x08002010   0x08002010   0x00000030   Data   RO          285    .constdata          bsp_timer.o
    0x08002040   0x08002040   0x00000020   Data   RO         2994    Region$$Table       anon$$obj.o


    Execution Region RW_IRAM1 (Exec base: 0x20000000, Load base: 0x08002060, Size: 0x000071a0, Max: 0x00020000, ABSOLUTE)

    Exec Addr    Load Addr    Size         Type   Attr      Idx    E Section Name        Object

    0x20000000   0x08002060   0x0000000c   Data   RW          286    .data               bsp_timer.o
    0x2000000c   0x0800206c   0x00000001   Data   RW          382    .data               bsp_uart_fifo.o
    0x2000000d   0x0800206d   0x00000010   Data   RW          784    .data               stm32f4xx_rcc.o
    0x2000001d   0x0800207d   0x00000003   PAD
    0x20000020   0x08002080   0x00000014   Data   RW         2595    .data               system_stm32f4xx.o
    0x20000034   0x08002094   0x00000004   Data   RW         2968    .data               mc_w.l(stdout.o)
    0x20000038        -       0x0000008c   Zero   RW          185    .bss                bsp_key.o
    0x200000c4        -       0x00000030   Zero   RW          284    .bss                bsp_timer.o
    0x200000f4        -       0x00002090   Zero   RW          381    .bss                bsp_uart_fifo.o
    0x20002184        -       0x0000101a   Zero   RW          631    .bss                bsp_ad7606.o
    0x2000319e   0x08002098   0x00000002   PAD
    0x200031a0        -       0x00004000   Zero   RW          730    STACK               startup_stm32f4xx.o


==============================================================================

Image component sizes


      Code (inc. data)   RO Data    RW Data    ZI Data      Debug   Object Name

        26          0          0          0          0       2659   bsp.o
      1256        110          0          0       4122      11912   bsp_ad7606.o
       734        104          0          0        140      12614   bsp_key.o
       406        114         48         12         48      43603   bsp_timer.o
      1526        114          0          1       8336      13835   bsp_uart_fifo.o
       856        522          0          0          0     277743   main.o
       124         16          0          0          0       2363   misc.o
        36          8        392          0      16384       1076   startup_stm32f4xx.o
       160         16          0          0          0       3296   stm32f4xx_exti.o
       238          6          0          0          0       2661   stm32f4xx_fsmc.o
       156          0          0          0          0       2551   stm32f4xx_gpio.o
        16          0          0          0          0       5420   stm32f4xx_it.o
       276         40          0         16          0       6924   stm32f4xx_rcc.o
        44          6          0          0          0        912   stm32f4xx_syscfg.o
       316         36          0          0          0       5509   stm32f4xx_tim.o
       354          8          0          0          0       7717   stm32f4xx_usart.o
       276         34          0         20          0       2697   system_stm32f4xx.o

    ----------------------------------------------------------------------
      6812       1134        472         52      29032     403492   Object Totals
         0          0         32          0          0          0   (incl. Generated)
        12          0          0          3          2          0   (incl. Padding)

    ----------------------------------------------------------------------

      Code (inc. data)   RO Data    RW Data    ZI Data      Debug   Library Member Name

         0          0          0          0          0          0   entry.o
         0          0          0          0          0          0   entry10a.o
         0          0          0          0          0          0   entry11a.o
         4          0          0          0          0          0   entry12b.o
         8          4          0          0          0          0   entry2.o
         4          0          0          0          0          0   entry5.o
         0          0          0          0          0          0   entry7b.o
         0          0          0          0          0          0   entry8b.o
         8          4          0          0          0          0   entry9a.o
        30          0          0          0          0          0   handlers.o
        36          8          0          0          0         68   init.o
       866         14          0          0          0        352   printf6.o
         0          0          0          4          0          0   stdout.o
        44          0          0          0          0         80   uidiv.o

    ----------------------------------------------------------------------
      1004         30          0          4          0        500   Library Totals
         4          0          0          0          0          0   (incl. Padding)

    ----------------------------------------------------------------------

      Code (inc. data)   RO Data    RW Data    ZI Data      Debug   Library Name

      1000         30          0          4          0        500   mc_w.l

    ----------------------------------------------------------------------
      1004         30          0          4          0        500   Library Totals

    ----------------------------------------------------------------------

==============================================================================


      Code (inc. data)   RO Data    RW Data    ZI Data      Debug   

      7816       1164        472         56      29032     395440   Grand Totals
      7816       1164        472         56      29032     395440   ELF Image Totals
      7816       1164        472         56          0          0   ROM Totals

==============================================================================

    Total RO  Size (Code + RO Data)                 8288 (   8.09kB)
    Total RW  Size (RW Data + ZI Data)             29088 (  28.41kB)
    Total ROM Size (Code + RO Data + RW Data)       8344 (   8.15kB)

==============================================================================

