Component: Arm Compiler for Embedded 6.23 Tool: armlink [5f102400]

==============================================================================

Section Cross References

    startup_stm32g030xx.o(RESET) refers to startup_stm32g030xx.o(STACK) for __initial_sp
    startup_stm32g030xx.o(RESET) refers to startup_stm32g030xx.o(.text) for Reset_Handler
    startup_stm32g030xx.o(RESET) refers to stm32g0xx_it.o(.text.NMI_Handler) for NMI_Handler
    startup_stm32g030xx.o(RESET) refers to stm32g0xx_it.o(.text.HardFault_Handler) for HardFault_Handler
    startup_stm32g030xx.o(RESET) refers to stm32g0xx_it.o(.text.SVC_Handler) for SVC_Handler
    startup_stm32g030xx.o(RESET) refers to stm32g0xx_it.o(.text.PendSV_Handler) for PendSV_Handler
    startup_stm32g030xx.o(RESET) refers to systick_wrapper_gnu.o(.text) for SysTick_Handler
    startup_stm32g030xx.o(RESET) refers to stm32g0xx_it.o(.text.DMA1_Channel1_IRQHandler) for DMA1_Channel1_IRQHandler
    startup_stm32g030xx.o(RESET) refers to stm32g0xx_it.o(.text.DMA1_Channel2_3_IRQHandler) for DMA1_Channel2_3_IRQHandler
    startup_stm32g030xx.o(RESET) refers to stm32g0xx_it.o(.text.I2C1_IRQHandler) for I2C1_IRQHandler
    startup_stm32g030xx.o(RESET) refers to stm32g0xx_it.o(.text.USART2_IRQHandler) for USART2_IRQHandler
    startup_stm32g030xx.o(.text) refers to system_stm32g0xx.o(.text.SystemInit) for SystemInit
    startup_stm32g030xx.o(.text) refers to entry.o(.ARM.Collect$$$$00000000) for __main
    main.o(.text) refers (Special) to systick_wrapper_gnu.o(.text) for __ensure_systick_wrapper
    main.o(.text.main) refers (Special) to systick_wrapper_gnu.o(.text) for __ensure_systick_wrapper
    main.o(.text.main) refers to stm32g0xx_hal.o(.text.HAL_Init) for HAL_Init
    main.o(.text.main) refers to main.o(.text.SystemClock_Config) for SystemClock_Config
    main.o(.text.main) refers to gpio.o(.text.MX_GPIO_Init) for MX_GPIO_Init
    main.o(.text.main) refers to dma.o(.text.MX_DMA_Init) for MX_DMA_Init
    main.o(.text.main) refers to i2c.o(.text.MX_I2C1_Init) for MX_I2C1_Init
    main.o(.text.main) refers to spi.o(.text.MX_SPI1_Init) for MX_SPI1_Init
    main.o(.text.main) refers to usart.o(.text.MX_USART2_UART_Init) for MX_USART2_UART_Init
    main.o(.text.main) refers to bsp.o(.text.bsp_Init) for bsp_Init
    main.o(.text.main) refers to printfa.o(i.__0printf) for printf
    main.o(.text.main) refers to app_spi_ad7606.o(.text.Demo_spi_AD7606) for Demo_spi_AD7606
    main.o(.text.main) refers to main.o(.rodata.str1.1) for [Anonymous Symbol]
    main.o(.ARM.exidx.text.main) refers (Special) to systick_wrapper_gnu.o(.text) for __ensure_systick_wrapper
    main.o(.ARM.exidx.text.main) refers to main.o(.text.main) for [Anonymous Symbol]
    main.o(.text.SystemClock_Config) refers (Special) to systick_wrapper_gnu.o(.text) for __ensure_systick_wrapper
    main.o(.text.SystemClock_Config) refers to memseta.o(.text) for __aeabi_memclr4
    main.o(.text.SystemClock_Config) refers to stm32g0xx_hal_pwr_ex.o(.text.HAL_PWREx_ControlVoltageScaling) for HAL_PWREx_ControlVoltageScaling
    main.o(.text.SystemClock_Config) refers to stm32g0xx_hal_rcc.o(.text.HAL_RCC_OscConfig) for HAL_RCC_OscConfig
    main.o(.text.SystemClock_Config) refers to main.o(.text.Error_Handler) for Error_Handler
    main.o(.text.SystemClock_Config) refers to stm32g0xx_hal_rcc.o(.text.HAL_RCC_ClockConfig) for HAL_RCC_ClockConfig
    main.o(.ARM.exidx.text.SystemClock_Config) refers (Special) to systick_wrapper_gnu.o(.text) for __ensure_systick_wrapper
    main.o(.ARM.exidx.text.SystemClock_Config) refers to main.o(.text.SystemClock_Config) for [Anonymous Symbol]
    main.o(.text.Error_Handler) refers (Special) to systick_wrapper_gnu.o(.text) for __ensure_systick_wrapper
    main.o(.text.Error_Handler) refers to stm32g0xx_hal_gpio.o(.text.HAL_GPIO_TogglePin) for HAL_GPIO_TogglePin
    main.o(.text.Error_Handler) refers to stm32g0xx_hal.o(.text.HAL_Delay) for HAL_Delay
    main.o(.ARM.exidx.text.Error_Handler) refers (Special) to systick_wrapper_gnu.o(.text) for __ensure_systick_wrapper
    main.o(.ARM.exidx.text.Error_Handler) refers to main.o(.text.Error_Handler) for [Anonymous Symbol]
    main.o(.rodata.str1.1) refers (Special) to systick_wrapper_gnu.o(.text) for __ensure_systick_wrapper
    main.o(.ARM.use_no_argv) refers (Special) to systick_wrapper_gnu.o(.text) for __ensure_systick_wrapper
    gpio.o(.text) refers (Special) to systick_wrapper_gnu.o(.text) for __ensure_systick_wrapper
    gpio.o(.text.MX_GPIO_Init) refers (Special) to systick_wrapper_gnu.o(.text) for __ensure_systick_wrapper
    gpio.o(.text.MX_GPIO_Init) refers to stm32g0xx_hal_gpio.o(.text.HAL_GPIO_WritePin) for HAL_GPIO_WritePin
    gpio.o(.text.MX_GPIO_Init) refers to stm32g0xx_hal_gpio.o(.text.HAL_GPIO_Init) for HAL_GPIO_Init
    gpio.o(.ARM.exidx.text.MX_GPIO_Init) refers (Special) to systick_wrapper_gnu.o(.text) for __ensure_systick_wrapper
[...]
    __arm_cp.59_3                            0x080046f0   Number         4  stm32g0xx_hal_i2c.o(.text.I2C_ITError)
    I2C_ITListenCplt                         0x080046f5   Thumb Code   152  stm32g0xx_hal_i2c.o(.text.I2C_ITListenCplt)
    [Anonymous Symbol]                       0x080046f4   Section        0  stm32g0xx_hal_i2c.o(.text.I2C_ITListenCplt)
    __arm_cp.76_0                            0x0800478c   Number         4  stm32g0xx_hal_i2c.o(.text.I2C_ITListenCplt)
    __arm_cp.76_1                            0x08004790   Number         4  stm32g0xx_hal_i2c.o(.text.I2C_ITListenCplt)
    I2C_ITMasterCplt                         0x08004795   Thumb Code   428  stm32g0xx_hal_i2c.o(.text.I2C_ITMasterCplt)
    [Anonymous Symbol]                       0x08004794   Section        0  stm32g0xx_hal_i2c.o(.text.I2C_ITMasterCplt)
    __arm_cp.74_0                            0x08004940   Number         4  stm32g0xx_hal_i2c.o(.text.I2C_ITMasterCplt)
    __arm_cp.74_1                            0x08004944   Number         4  stm32g0xx_hal_i2c.o(.text.I2C_ITMasterCplt)
    I2C_ITMasterSeqCplt                      0x08004949   Thumb Code   126  stm32g0xx_hal_i2c.o(.text.I2C_ITMasterSeqCplt)
    [Anonymous Symbol]                       0x08004948   Section        0  stm32g0xx_hal_i2c.o(.text.I2C_ITMasterSeqCplt)
    I2C_ITSlaveCplt                          0x080049c9   Thumb Code   772  stm32g0xx_hal_i2c.o(.text.I2C_ITSlaveCplt)
    [Anonymous Symbol]                       0x080049c8   Section        0  stm32g0xx_hal_i2c.o(.text.I2C_ITSlaveCplt)
    __arm_cp.75_0                            0x08004ccc   Number         4  stm32g0xx_hal_i2c.o(.text.I2C_ITSlaveCplt)
    __arm_cp.75_1                            0x08004cd0   Number         4  stm32g0xx_hal_i2c.o(.text.I2C_ITSlaveCplt)
    __arm_cp.75_2                            0x08004cd4   Number         4  stm32g0xx_hal_i2c.o(.text.I2C_ITSlaveCplt)
    __arm_cp.75_3                            0x08004cd8   Number         4  stm32g0xx_hal_i2c.o(.text.I2C_ITSlaveCplt)
    __arm_cp.75_4                            0x08004cdc   Number         4  stm32g0xx_hal_i2c.o(.text.I2C_ITSlaveCplt)
    I2C_ITSlaveSeqCplt                       0x08004ce1   Thumb Code   202  stm32g0xx_hal_i2c.o(.text.I2C_ITSlaveSeqCplt)
    [Anonymous Symbol]                       0x08004ce0   Section        0  stm32g0xx_hal_i2c.o(.text.I2C_ITSlaveSeqCplt)
    I2C_Master_ISR_DMA                       0x08004dad   Thumb Code   544  stm32g0xx_hal_i2c.o(.text.I2C_Master_ISR_DMA)
    [Anonymous Symbol]                       0x08004dac   Section        0  stm32g0xx_hal_i2c.o(.text.I2C_Master_ISR_DMA)
    __arm_cp.22_0                            0x08004fcc   Number         4  stm32g0xx_hal_i2c.o(.text.I2C_Master_ISR_DMA)
    __arm_cp.22_1                            0x08004fd0   Number         4  stm32g0xx_hal_i2c.o(.text.I2C_Master_ISR_DMA)
    I2C_Mem_ISR_DMA                          0x08004fd5   Thumb Code   648  stm32g0xx_hal_i2c.o(.text.I2C_Mem_ISR_DMA)
    [Anonymous Symbol]                       0x08004fd4   Section        0  stm32g0xx_hal_i2c.o(.text.I2C_Mem_ISR_DMA)
    __arm_cp.40_0                            0x0800525c   Number         4  stm32g0xx_hal_i2c.o(.text.I2C_Mem_ISR_DMA)
    __arm_cp.40_1                            0x08005260   Number         4  stm32g0xx_hal_i2c.o(.text.I2C_Mem_ISR_DMA)
    [Anonymous Symbol]                       0x08005264   Section        0  bsp_i2c_slave.o(.text.I2C_Slave_GetRegister)
    __arm_cp.1_0                             0x08005278   Number         4  bsp_i2c_slave.o(.text.I2C_Slave_GetRegister)
    I2C_Slave_ISR_DMA                        0x0800527d   Thumb Code   564  stm32g0xx_hal_i2c.o(.text.I2C_Slave_ISR_DMA)
    [Anonymous Symbol]                       0x0800527c   Section        0  stm32g0xx_hal_i2c.o(.text.I2C_Slave_ISR_DMA)
    I2C_Slave_ISR_IT                         0x080054b1   Thumb Code   584  stm32g0xx_hal_i2c.o(.text.I2C_Slave_ISR_IT)
    [Anonymous Symbol]                       0x080054b0   Section        0  stm32g0xx_hal_i2c.o(.text.I2C_Slave_ISR_IT)
    __arm_cp.19_0                            0x080056f8   Number         4  stm32g0xx_hal_i2c.o(.text.I2C_Slave_ISR_IT)
    [Anonymous Symbol]                       0x080056fc   Section        0  app_spi_ad7606.o(.text.I2C_Slave_SetCoordinateRegister)
    [Anonymous Symbol]                       0x0800577c   Section        0  bsp_i2c_slave.o(.text.I2C_Slave_SetRegister)
    __arm_cp.2_0                             0x08005798   Number         4  bsp_i2c_slave.o(.text.I2C_Slave_SetRegister)
    I2C_TransferConfig                       0x0800579d   Thumb Code    76  stm32g0xx_hal_i2c.o(.text.I2C_TransferConfig)
    [Anonymous Symbol]                       0x0800579c   Section        0  stm32g0xx_hal_i2c.o(.text.I2C_TransferConfig)
    __arm_cp.6_0                             0x080057e8   Number         4  stm32g0xx_hal_i2c.o(.text.I2C_TransferConfig)
    __arm_cp.6_1                             0x080057ec   Number         4  stm32g0xx_hal_i2c.o(.text.I2C_TransferConfig)
    I2C_TreatErrorCallback                   0x080057f1   Thumb Code    82  stm32g0xx_hal_i2c.o(.text.I2C_TreatErrorCallback)
    [Anonymous Symbol]                       0x080057f0   Section        0  stm32g0xx_hal_i2c.o(.text.I2C_TreatErrorCallback)
    InitHardUart                             0x08005845   Thumb Code    40  bsp_uart_dma.o(.text.InitHardUart)
    [Anonymous Symbol]                       0x08005844   Section        0  bsp_uart_dma.o(.text.InitHardUart)
    __arm_cp.2_0                             0x0800586c   Number         4  bsp_uart_dma.o(.text.InitHardUart)
    LL_RCC_GetAPB1Prescaler                  0x08005871   Thumb Code    12  stm32g0xx_hal_rcc.o(.text.LL_RCC_GetAPB1Prescaler)
    [Anonymous Symbol]                       0x08005870   Section        0  stm32g0xx_hal_rcc.o(.text.LL_RCC_GetAPB1Prescaler)
    __arm_cp.7_0                             0x0800587c   Number         4  stm32g0xx_hal_rcc.o(.text.LL_RCC_GetAPB1Prescaler)
    [Anonymous Symbol]                       0x08005880   Section        0  app_spi_ad7606.o(.text.LPF_Update)
    [Anonymous Symbol]                       0x080058c0   Section        0  dma.o(.text.MX_DMA_Init)
    __arm_cp.0_0                             0x08005904   Number         4  dma.o(.text.MX_DMA_Init)
    [Anonymous Symbol]                       0x08005908   Section        0  gpio.o(.text.MX_GPIO_Init)
    __arm_cp.0_0                             0x08005994   Number         4  gpio.o(.text.MX_GPIO_Init)
    [Anonymous Symbol]                       0x08005998   Section        0  i2c.o(.text.MX_I2C1_Init)
    __arm_cp.0_0                             0x080059f8   Number         4  i2c.o(.text.MX_I2C1_Init)
    __arm_cp.0_1                             0x080059fc   Number         4  i2c.o(.text.MX_I2C1_Init)
    __arm_cp.0_2                             0x08005a00   Number         4  i2c.o(.text.MX_I2C1_Init)
    [Anonymous Symbol]                       0x08005a04   Section        0  spi.o(.text.MX_SPI1_Init)
    __arm_cp.0_0                             0x08005a50   Number         4  spi.o(.text.MX_SPI1_Init)
    __arm_cp.0_1                             0x08005a54   Number         4  spi.o(.text.MX_SPI1_Init)
    [Anonymous Symbol]                       0x08005a58   Section        0  usart.o(.text.MX_USART2_UART_Init)
    __arm_cp.0_0                             0x08005a98   Number         4  usart.o(.text.MX_USART2_UART_Init)
    __arm_cp.0_1                             0x08005a9c   Number         4  usart.o(.text.MX_USART2_UART_Init)
    [Anonymous Symbol]                       0x08005aa0   Section        0  stm32g0xx_it.o(.text.NMI_Handler)
    [Anonymous Symbol]                       0x08005aa4   Section        0  stm32g0xx_it.o(.text.PendSV_Handler)
    SPI_EndRxTransaction                     0x08005aa7   Thumb Code   208  stm32g0xx_hal_spi.o(.text.SPI_EndRxTransaction)
    [Anonymous Symbol]                       0x08005aa6   Section        0  stm32g0xx_hal_spi.o(.text.SPI_EndRxTransaction)
    SPI_EndRxTxTransaction                   0x08005b77   Thumb Code   150  stm32g0xx_hal_spi.o(.text.SPI_EndRxTxTransaction)
    [Anonymous Symbol]                       0x08005b76   Section        0  stm32g0xx_hal_spi.o(.text.SPI_EndRxTxTransaction)
    SPI_WaitFifoStateUntilTimeout            0x08005c0d   Thumb Code   336  stm32g0xx_hal_spi.o(.text.SPI_WaitFifoStateUntilTimeout)
    [Anonymous Symbol]                       0x08005c0c   Section        0  stm32g0xx_hal_spi.o(.text.SPI_WaitFifoStateUntilTimeout)
    SPI_WaitFlagStateUntilTimeout            0x08005d5d   Thumb Code   300  stm32g0xx_hal_spi.o(.text.SPI_WaitFlagStateUntilTimeout)
    [Anonymous Symbol]                       0x08005d5c   Section        0  stm32g0xx_hal_spi.o(.text.SPI_WaitFlagStateUntilTimeout)
    __arm_cp.34_0                            0x08005e88   Number         4  stm32g0xx_hal_spi.o(.text.SPI_WaitFlagStateUntilTimeout)
    [Anonymous Symbol]                       0x08005e8c   Section        0  stm32g0xx_it.o(.text.SVC_Handler)
    SysTick_Config                           0x08005e91   Thumb Code    68  stm32g0xx_hal_cortex.o(.text.SysTick_Config)
    [Anonymous Symbol]                       0x08005e90   Section        0  stm32g0xx_hal_cortex.o(.text.SysTick_Config)
    __arm_cp.9_0                             0x08005ed4   Number         4  stm32g0xx_hal_cortex.o(.text.SysTick_Config)
    __arm_cp.9_1                             0x08005ed8   Number         4  stm32g0xx_hal_cortex.o(.text.SysTick_Config)
    __arm_cp.9_2                             0x08005edc   Number         4  stm32g0xx_hal_cortex.o(.text.SysTick_Config)
    [Anonymous Symbol]                       0x08005ee0   Section        0  stm32g0xx_it.o(.text.SysTick_Handler)
    [Anonymous Symbol]                       0x08005ee8   Section        0  main.o(.text.SystemClock_Config)
    [Anonymous Symbol]                       0x08005f66   Section        0  system_stm32g0xx.o(.text.SystemInit)
    [Anonymous Symbol]                       0x08005f68   Section        0  stm32g0xx_hal_uart.o(.text.UART_AdvFeatureConfig)
    [Anonymous Symbol]                       0x080060c4   Section        0  stm32g0xx_hal_uart.o(.text.UART_CheckIdleState)
    __arm_cp.4_0                             0x08006220   Number         4  stm32g0xx_hal_uart.o(.text.UART_CheckIdleState)
    UART_DMAAbortOnError                     0x08006225   Thumb Code    36  stm32g0xx_hal_uart.o(.text.UART_DMAAbortOnError)
    [Anonymous Symbol]                       0x08006224   Section        0  stm32g0xx_hal_uart.o(.text.UART_DMAAbortOnError)
    UART_DMAError                            0x08006249   Thumb Code   126  stm32g0xx_hal_uart.o(.text.UART_DMAError)
    [Anonymous Symbol]                       0x08006248   Section        0  stm32g0xx_hal_uart.o(.text.UART_DMAError)
    UART_DMAReceiveCplt                      0x080062c7   Thumb Code   278  stm32g0xx_hal_uart.o(.text.UART_DMAReceiveCplt)
    [Anonymous Symbol]                       0x080062c6   Section        0  stm32g0xx_hal_uart.o(.text.UART_DMAReceiveCplt)
    UART_DMARxHalfCplt                       0x080063dd   Thumb Code    54  stm32g0xx_hal_uart.o(.text.UART_DMARxHalfCplt)
    [Anonymous Symbol]                       0x080063dc   Section        0  stm32g0xx_hal_uart.o(.text.UART_DMARxHalfCplt)
    UART_EndRxTransfer                       0x08006415   Thumb Code   180  stm32g0xx_hal_uart.o(.text.UART_EndRxTransfer)
    [Anonymous Symbol]                       0x08006414   Section        0  stm32g0xx_hal_uart.o(.text.UART_EndRxTransfer)
    __arm_cp.30_0                            0x080064c8   Number         4  stm32g0xx_hal_uart.o(.text.UART_EndRxTransfer)
    UART_EndTransmit_IT                      0x080064cd   Thumb Code    76  stm32g0xx_hal_uart.o(.text.UART_EndTransmit_IT)
    [Anonymous Symbol]                       0x080064cc   Section        0  stm32g0xx_hal_uart.o(.text.UART_EndTransmit_IT)
    UART_EndTxTransfer                       0x08006519   Thumb Code   108  stm32g0xx_hal_uart.o(.text.UART_EndTxTransfer)
    [Anonymous Symbol]                       0x08006518   Section        0  stm32g0xx_hal_uart.o(.text.UART_EndTxTransfer)
    [Anonymous Symbol]                       0x08006584   Section        0  stm32g0xx_hal_uart.o(.text.UART_SetConfig)
    __arm_cp.3_0                             0x08006834   Number         4  stm32g0xx_hal_uart.o(.text.UART_SetConfig)
    __arm_cp.3_1                             0x08006838   Number         4  stm32g0xx_hal_uart.o(.text.UART_SetConfig)
    __arm_cp.3_2                             0x0800683c   Number         4  stm32g0xx_hal_uart.o(.text.UART_SetConfig)
    __arm_cp.3_3                             0x08006840   Number         4  stm32g0xx_hal_uart.o(.text.UART_SetConfig)
    __arm_cp.3_4                             0x08006844   Number         4  stm32g0xx_hal_uart.o(.text.UART_SetConfig)
    __arm_cp.3_5                             0x08006848   Number         4  stm32g0xx_hal_uart.o(.text.UART_SetConfig)
    __arm_cp.3_6                             0x0800684c   Number         4  stm32g0xx_hal_uart.o(.text.UART_SetConfig)
    [Anonymous Symbol]                       0x08006850   Section        0  stm32g0xx_hal_uart.o(.text.UART_Start_Receive_DMA)
    __arm_cp.25_0                            0x08006980   Number         4  stm32g0xx_hal_uart.o(.text.UART_Start_Receive_DMA)
    __arm_cp.25_1                            0x08006984   Number         4  stm32g0xx_hal_uart.o(.text.UART_Start_Receive_DMA)
    __arm_cp.25_2                            0x08006988   Number         4  stm32g0xx_hal_uart.o(.text.UART_Start_Receive_DMA)
    [Anonymous Symbol]                       0x0800698c   Section        0  stm32g0xx_hal_uart.o(.text.UART_WaitOnFlagUntilTimeout)
    [Anonymous Symbol]                       0x08006a94   Section        0  stm32g0xx_it.o(.text.USART2_IRQHandler)
    UartGetChar                              0x08006aa1   Thumb Code    84  bsp_uart_dma.o(.text.UartGetChar)
    [Anonymous Symbol]                       0x08006aa0   Section        0  bsp_uart_dma.o(.text.UartGetChar)
    UartVarInit                              0x08006af5   Thumb Code    28  bsp_uart_dma.o(.text.UartVarInit)
    [Anonymous Symbol]                       0x08006af4   Section        0  bsp_uart_dma.o(.text.UartVarInit)
    __arm_cp.1_0                             0x08006b10   Number         4  bsp_uart_dma.o(.text.UartVarInit)
    __arm_cp.1_2                             0x08006b14   Number         4  bsp_uart_dma.o(.text.UartVarInit)
    __NVIC_EnableIRQ                         0x08006b19   Thumb Code    40  stm32g0xx_hal_cortex.o(.text.__NVIC_EnableIRQ)
    [Anonymous Symbol]                       0x08006b18   Section        0  stm32g0xx_hal_cortex.o(.text.__NVIC_EnableIRQ)
    __arm_cp.3_0                             0x08006b40   Number         4  stm32g0xx_hal_cortex.o(.text.__NVIC_EnableIRQ)
    __NVIC_SetPriority                       0x08006b45   Thumb Code   124  stm32g0xx_hal_cortex.o(.text.__NVIC_SetPriority)
    [Anonymous Symbol]                       0x08006b44   Section        0  stm32g0xx_hal_cortex.o(.text.__NVIC_SetPriority)
    __arm_cp.1_0                             0x08006bc0   Number         4  stm32g0xx_hal_cortex.o(.text.__NVIC_SetPriority)
    __arm_cp.1_1                             0x08006bc4   Number         4  stm32g0xx_hal_cortex.o(.text.__NVIC_SetPriority)
    [Anonymous Symbol]                       0x08006bc8   Section        0  perf_counter.o(.text.__perf_counter_init)
    [Anonymous Symbol]                       0x08006bd2   Section        0  perf_counter.o(.text.__perf_os_patch_init)
    [Anonymous Symbol]                       0x08006bd4   Section        0  perf_counter.o(.text.__perfc_is_time_out)
    [Anonymous Symbol]                       0x08006c76   Section        0  bsp.o(.text.bsp_Init)
    [Anonymous Symbol]                       0x08006c8c   Section        0  bsp_uart_dma.o(.text.bsp_InitUart)
    [Anonymous Symbol]                       0x08006c98   Section        0  bsp_i2c_slave.o(.text.bsp_i2c_Init)
    __arm_cp.0_0                             0x08006cac   Number         4  bsp_i2c_slave.o(.text.bsp_i2c_Init)
    __arm_cp.0_1                             0x08006cb0   Number         4  bsp_i2c_slave.o(.text.bsp_i2c_Init)
    [Anonymous Symbol]                       0x08006cb4   Section        0  bsp_spi_ad7606.o(.text.bsp_spi_AD7606_Init)
    check_systick                            0x08006cc9   Thumb Code    64  perf_counter.o(.text.check_systick)
    [Anonymous Symbol]                       0x08006cc8   Section        0  perf_counter.o(.text.check_systick)
    [Anonymous Symbol]                       0x08006d08   Section        0  bsp_uart_dma.o(.text.comGetChar)
    [Anonymous Symbol]                       0x08006d44   Section        0  bsp_uart_dma.o(.text.fputc)
    __arm_cp.11_0                            0x08006d60   Number         4  bsp_uart_dma.o(.text.fputc)
    [Anonymous Symbol]                       0x08006d64   Section        0  perf_counter.o(.text.get_system_ticks)
    [Anonymous Symbol]                       0x08006dd8   Section        0  perf_counter.o(.text.init_cycle_counter)
    __arm_cp.7_3                             0x08006e5c   Number         4  perf_counter.o(.text.init_cycle_counter)
    __arm_cp.7_4                             0x08006e60   Number         4  perf_counter.o(.text.init_cycle_counter)
    __arm_cp.7_5                             0x08006e64   Number         4  perf_counter.o(.text.init_cycle_counter)
    [Anonymous Symbol]                       0x08006e68   Section        0  main.o(.text.main)
    __arm_cp.0_0                             0x08006ea0   Number         4  main.o(.text.main)
    [Anonymous Symbol]                       0x08006ea4   Section        0  perf_counter.o(.text.perfc_convert_ms_to_ticks)
    [Anonymous Symbol]                       0x08006ee4   Section        0  perfc_port_default.o(.text.perfc_port_clear_system_timer_ovf_pending)
    perfc_port_disable_global_interrupt      0x08006ef1   Thumb Code    26  perf_counter.o(.text.perfc_port_disable_global_interrupt)
    [Anonymous Symbol]                       0x08006ef0   Section        0  perf_counter.o(.text.perfc_port_disable_global_interrupt)
    perfc_port_disable_global_interrupt      0x08006f0b   Thumb Code    26  perfc_port_default.o(.text.perfc_port_disable_global_interrupt)
    [Anonymous Symbol]                       0x08006f0a   Section        0  perfc_port_default.o(.text.perfc_port_disable_global_interrupt)
    [Anonymous Symbol]                       0x08006f24   Section        0  perfc_port_default.o(.text.perfc_port_get_system_timer_elapsed)
    [Anonymous Symbol]                       0x08006f34   Section        0  perfc_port_default.o(.text.perfc_port_get_system_timer_freq)
    __arm_cp.3_0                             0x08006f3c   Number         4  perfc_port_default.o(.text.perfc_port_get_system_timer_freq)
    [Anonymous Symbol]                       0x08006f40   Section        0  perfc_port_default.o(.text.perfc_port_get_system_timer_top)
    [Anonymous Symbol]                       0x08006f48   Section        0  perfc_port_default.o(.text.perfc_port_init_system_timer)
    __arm_cp.0_0                             0x08006fa0   Number         4  perfc_port_default.o(.text.perfc_port_init_system_timer)
    __arm_cp.0_1                             0x08006fa4   Number         4  perfc_port_default.o(.text.perfc_port_init_system_timer)
    __arm_cp.0_2                             0x08006fa8   Number         4  perfc_port_default.o(.text.perfc_port_init_system_timer)
    __arm_cp.0_3                             0x08006fac   Number         4  perfc_port_default.o(.text.perfc_port_init_system_timer)
    [Anonymous Symbol]                       0x08006fb0   Section        0  perf_counter.o(.text.perfc_port_insert_to_system_timer_insert_ovf_handler)
    __arm_cp.0_0                             0x080070cc   Number         4  perf_counter.o(.text.perfc_port_insert_to_system_timer_insert_ovf_handler)
    __arm_cp.0_2                             0x080070d0   Number         4  perf_counter.o(.text.perfc_port_insert_to_system_timer_insert_ovf_handler)
    __arm_cp.0_3                             0x080070d4   Number         4  perf_counter.o(.text.perfc_port_insert_to_system_timer_insert_ovf_handler)
    __arm_cp.0_4                             0x080070d8   Number         4  perf_counter.o(.text.perfc_port_insert_to_system_timer_insert_ovf_handler)
    __arm_cp.0_6                             0x080070dc   Number         4  perf_counter.o(.text.perfc_port_insert_to_system_timer_insert_ovf_handler)
    [Anonymous Symbol]                       0x080070e0   Section        0  perfc_port_default.o(.text.perfc_port_is_system_timer_ovf_pending)
    __arm_cp.4_0                             0x080070f0   Number         4  perfc_port_default.o(.text.perfc_port_is_system_timer_ovf_pending)
    perfc_port_resume_global_interrupt       0x080070f5   Thumb Code    18  perf_counter.o(.text.perfc_port_resume_global_interrupt)
    [Anonymous Symbol]                       0x080070f4   Section        0  perf_counter.o(.text.perfc_port_resume_global_interrupt)
    perfc_port_resume_global_interrupt       0x08007107   Thumb Code    18  perfc_port_default.o(.text.perfc_port_resume_global_interrupt)
    [Anonymous Symbol]                       0x08007106   Section        0  perfc_port_default.o(.text.perfc_port_resume_global_interrupt)
    [Anonymous Symbol]                       0x08007118   Section        0  bsp_i2c_slave.o(.text.process_data)
    __arm_cp.3_0                             0x08007178   Number         4  bsp_i2c_slave.o(.text.process_data)
    __arm_cp.3_1                             0x0800717c   Number         4  bsp_i2c_slave.o(.text.process_data)
    __arm_cp.3_2                             0x08007180   Number         4  bsp_i2c_slave.o(.text.process_data)
    [Anonymous Symbol]                       0x08007184   Section        0  perf_counter.o(.text.update_perf_counter)
    __arm_cp.5_0                             0x080071f8   Number         4  perf_counter.o(.text.update_perf_counter)
    __arm_cp.5_1                             0x080071fc   Number         4  perf_counter.o(.text.update_perf_counter)
    __arm_cp.5_2                             0x08007200   Number         4  perf_counter.o(.text.update_perf_counter)
    __arm_cp.5_3                             0x08007204   Number         4  perf_counter.o(.text.update_perf_counter)
    __arm_cp.5_4                             0x08007208   Number         4  perf_counter.o(.text.update_perf_counter)
    i.__0printf                              0x0800720c   Section        0  printfa.o(i.__0printf)
    i.__ARM_clz                              0x0800722c   Section        0  depilogue.o(i.__ARM_clz)
    i.__scatterload_copy                     0x0800725a   Section       14  handlers.o(i.__scatterload_copy)
    i.__scatterload_null                     0x08007268   Section        2  handlers.o(i.__scatterload_null)
    i.__scatterload_zeroinit                 0x0800726a   Section       14  handlers.o(i.__scatterload_zeroinit)
    _fp_digits                               0x08007279   Thumb Code   344  printfa.o(i._fp_digits)
    i._fp_digits                             0x08007278   Section        0  printfa.o(i._fp_digits)
    _printf_core                             0x080073ed   Thumb Code  1754  printfa.o(i._printf_core)
    i._printf_core                           0x080073ec   Section        0  printfa.o(i._printf_core)
    _printf_post_padding                     0x08007ad9   Thumb Code    32  printfa.o(i._printf_post_padding)
    i._printf_post_padding                   0x08007ad8   Section        0  printfa.o(i._printf_post_padding)
    _printf_pre_padding                      0x08007af9   Thumb Code    44  printfa.o(i._printf_pre_padding)
    i._printf_pre_padding                    0x08007af8   Section        0  printfa.o(i._printf_pre_padding)
    [Anonymous Symbol]                       0x08007b9c   Section        0  main.o(.rodata.str1.1)
    [Anonymous Symbol]                       0x08007ba4   Section        0  app_spi_ad7606.o(.rodata.str1.1)
    .init_array                              0x08007bf8   Section        0  cpp_init.o(.init_array)
    .data                                    0x20000000   Section        4  stdout.o(.data)
    PSD_L                                    0x20000004   Data           4  app_spi_ad7606.o(.data.PSD_L)
    [Anonymous Symbol]                       0x20000004   Section        0  app_spi_ad7606.o(.data.PSD_L)
    lpf_x                                    0x20000010   Data           8  app_spi_ad7606.o(.data.lpf_x)
    [Anonymous Symbol]                       0x20000010   Section        0  app_spi_ad7606.o(.data.lpf_x)
    lpf_y                                    0x20000018   Data           8  app_spi_ad7606.o(.data.lpf_y)
    [Anonymous Symbol]                       0x20000018   Section        0  app_spi_ad7606.o(.data.lpf_y)
    s_wMSUnit                                0x20000020   Data           4  perf_counter.o(.data.s_wMSUnit)
    [Anonymous Symbol]                       0x20000020   Section        0  perf_counter.o(.data.s_wMSUnit)
    s_wUSUnit                                0x20000024   Data           4  perf_counter.o(.data.s_wUSUnit)
    [Anonymous Symbol]                       0x20000024   Section        0  perf_counter.o(.data.s_wUSUnit)
    Demo_spi_AD7606.__s_lTimestamp54         0x20000030   Data           8  app_spi_ad7606.o(.bss.Demo_spi_AD7606.__s_lTimestamp54)
    [Anonymous Symbol]                       0x20000030   Section        0  app_spi_ad7606.o(.bss.Demo_spi_AD7606.__s_lTimestamp54)
    Demo_spi_AD7606.__s_lTimestamp60         0x20000038   Data           8  app_spi_ad7606.o(.bss.Demo_spi_AD7606.__s_lTimestamp60)
    [Anonymous Symbol]                       0x20000038   Section        0  app_spi_ad7606.o(.bss.Demo_spi_AD7606.__s_lTimestamp60)
    coordinate_x                             0x2000014c   Data           4  app_spi_ad7606.o(.bss.coordinate_x)
    [Anonymous Symbol]                       0x2000014c   Section        0  app_spi_ad7606.o(.bss.coordinate_x)
    coordinate_y                             0x20000150   Data           4  app_spi_ad7606.o(.bss.coordinate_y)
    [Anonymous Symbol]                       0x20000150   Section        0  app_spi_ad7606.o(.bss.coordinate_y)
    __tagsym$$used.0                         0x20000160   Number         0  core_main.o(.bss.dfCoremarkScore)
    s_RxBuf2                                 0x20000379   Data        1024  bsp_uart_dma.o(.bss.s_RxBuf2)
    [Anonymous Symbol]                       0x20000379   Section        0  bsp_uart_dma.o(.bss.s_RxBuf2)
    s_adc_now                                0x2000077a   Data          16  bsp_spi_ad7606.o(.bss.s_adc_now)
    [Anonymous Symbol]                       0x2000077a   Section        0  bsp_spi_ad7606.o(.bss.s_adc_now)
    s_dat                                    0x2000078a   Data          16  app_spi_ad7606.o(.bss.s_dat)
    [Anonymous Symbol]                       0x2000078a   Section        0  app_spi_ad7606.o(.bss.s_dat)
    s_lOldTimestamp                          0x200007a0   Data           8  perf_counter.o(.bss.s_lOldTimestamp)
    [Anonymous Symbol]                       0x200007a0   Section        0  perf_counter.o(.bss.s_lOldTimestamp)
    s_lOldTimestampMS                        0x200007a8   Data           8  perf_counter.o(.bss.s_lOldTimestampMS)
    [Anonymous Symbol]                       0x200007a8   Section        0  perf_counter.o(.bss.s_lOldTimestampMS)
    s_lOldTimestampUS                        0x200007b0   Data           8  perf_counter.o(.bss.s_lOldTimestampUS)
    [Anonymous Symbol]                       0x200007b0   Section        0  perf_counter.o(.bss.s_lOldTimestampUS)
    s_lSystemClockCounts                     0x200007b8   Data           8  perf_counter.o(.bss.s_lSystemClockCounts)
    [Anonymous Symbol]                       0x200007b8   Section        0  perf_counter.o(.bss.s_lSystemClockCounts)
    s_lSystemMS                              0x200007c0   Data           8  perf_counter.o(.bss.s_lSystemMS)
    [Anonymous Symbol]                       0x200007c0   Section        0  perf_counter.o(.bss.s_lSystemMS)
    s_lSystemUS                              0x200007c8   Data           8  perf_counter.o(.bss.s_lSystemUS)
    [Anonymous Symbol]                       0x200007c8   Section        0  perf_counter.o(.bss.s_lSystemUS)
    s_tUart2                                 0x200007d0   Data          16  bsp_uart_dma.o(.bss.s_tUart2)
    [Anonymous Symbol]                       0x200007d0   Section        0  bsp_uart_dma.o(.bss.s_tUart2)
    s_wMSResidule                            0x200007e0   Data           4  perf_counter.o(.bss.s_wMSResidule)
    [Anonymous Symbol]                       0x200007e0   Section        0  perf_counter.o(.bss.s_wMSResidule)
    s_wUSResidule                            0x200007e4   Data           4  perf_counter.o(.bss.s_wUSResidule)
    [Anonymous Symbol]                       0x200007e4   Section        0  perf_counter.o(.bss.s_wUSResidule)
    STACK                                    0x200007f0   Section     1024  startup_stm32g030xx.o(STACK)

    Global Symbols

    Symbol Name                              Value     Ov Type        Size  Object(Section)

    BuildAttributes$$THM_ISAv3M$S$PE$A:L22$X:L11$S22$IEEE1$IW$~IW$USESV6$~STKCKD$USESV7$~SHL$OTIME$ROPI$EBA8$MICROLIB$REQ8$PRES8$EABIv2 0x00000000   Number         0  anon$$obj.o ABSOLUTE
    __cxa_finalize                            - Undefined Weak Reference
    __decompress                              - Undefined Weak Reference
    _clock_init                               - Undefined Weak Reference
    _microlib_exit                            - Undefined Weak Reference
    __Vectors_Size                           0x000000c0   Number         0  startup_stm32g030xx.o ABSOLUTE
    __Vectors                                0x08000000   Data           4  startup_stm32g030xx.o(RESET)
    __Vectors_End                            0x080000c0   Data           0  startup_stm32g030xx.o(RESET)
    __main                                   0x080000c1   Thumb Code     0  entry.o(.ARM.Collect$$$$00000000)
    _main_stk                                0x080000c1   Thumb Code     0  entry2.o(.ARM.Collect$$$$00000001)
    _main_scatterload                        0x080000c5   Thumb Code     0  entry5.o(.ARM.Collect$$$$00000004)
    __main_after_scatterload                 0x080000c9   Thumb Code     0  entry5.o(.ARM.Collect$$$$00000004)
    _main_clock                              0x080000c9   Thumb Code     0  entry7b.o(.ARM.Collect$$$$00000008)
    _main_cpp_init$empty                     0x080000c9   Thumb Code     0  entry8a.o(.ARM.Collect$$$$00000009)
    _main_cpp_init                           0x080000cd   Thumb Code     0  entry8b.o(.ARM.Collect$$$$0000000A)
    _main_init                               0x080000cd   Thumb Code     0  entry9a.o(.ARM.Collect$$$$0000000B)
    __rt_final_cpp                           0x080000d5   Thumb Code     0  entry10a.o(.ARM.Collect$$$$0000000D)
    __rt_final_exit                          0x080000d5   Thumb Code     0  entry11a.o(.ARM.Collect$$$$0000000F)
    Reset_Handler                            0x080000d9   Thumb Code     8  startup_stm32g030xx.o(.text)
    ADC1_IRQHandler                          0x080000eb   Thumb Code     0  startup_stm32g030xx.o(.text)
    DMA1_Ch4_5_DMAMUX1_OVR_IRQHandler        0x080000eb   Thumb Code     0  startup_stm32g030xx.o(.text)
    EXTI0_1_IRQHandler                       0x080000eb   Thumb Code     0  startup_stm32g030xx.o(.text)
    EXTI2_3_IRQHandler                       0x080000eb   Thumb Code     0  startup_stm32g030xx.o(.text)
    EXTI4_15_IRQHandler                      0x080000eb   Thumb Code     0  startup_stm32g030xx.o(.text)
    FLASH_IRQHandler                         0x080000eb   Thumb Code     0  startup_stm32g030xx.o(.text)
    I2C2_IRQHandler                          0x080000eb   Thumb Code     0  startup_stm32g030xx.o(.text)
    RCC_IRQHandler                           0x080000eb   Thumb Code     0  startup_stm32g030xx.o(.text)
    RTC_TAMP_IRQHandler                      0x080000eb   Thumb Code     0  startup_stm32g030xx.o(.text)
    SPI1_IRQHandler                          0x080000eb   Thumb Code     0  startup_stm32g030xx.o(.text)
    SPI2_IRQHandler                          0x080000eb   Thumb Code     0  startup_stm32g030xx.o(.text)
    TIM14_IRQHandler                         0x080000eb   Thumb Code     0  startup_stm32g030xx.o(.text)
    TIM16_IRQHandler                         0x080000eb   Thumb Code     0  startup_stm32g030xx.o(.text)
    TIM17_IRQHandler                         0x080000eb   Thumb Code     0  startup_stm32g030xx.o(.text)
    TIM1_BRK_UP_TRG_COM_IRQHandler           0x080000eb   Thumb Code     0  startup_stm32g030xx.o(.text)
    TIM1_CC_IRQHandler                       0x080000eb   Thumb Code     0  startup_stm32g030xx.o(.text)
    TIM3_IRQHandler                          0x080000eb   Thumb Code     0  startup_stm32g030xx.o(.text)
    USART1_IRQHandler                        0x080000eb   Thumb Code     0  startup_stm32g030xx.o(.text)
    WWDG_IRQHandler                          0x080000eb   Thumb Code     0  startup_stm32g030xx.o(.text)
    SysTick_Handler                          0x080000f5   Thumb Code     0  systick_wrapper_gnu.o(.text)
    __ensure_systick_wrapper                 0x08000107   Thumb Code     0  systick_wrapper_gnu.o(.text)
    __aeabi_ldivmod                          0x08000111   Thumb Code    76  ldiv.o(.text)
    __aeabi_lmul                             0x0800015d   Thumb Code    48  llmul.o(.text)
    _ll_mul                                  0x0800015d   Thumb Code     0  llmul.o(.text)
    __aeabi_memset                           0x0800018d   Thumb Code    14  memseta.o(.text)
    __aeabi_memset4                          0x0800018d   Thumb Code     0  memseta.o(.text)
    __aeabi_memset8                          0x0800018d   Thumb Code     0  memseta.o(.text)
    __aeabi_memclr                           0x0800019b   Thumb Code     4  memseta.o(.text)
    __aeabi_memclr4                          0x0800019b   Thumb Code     0  memseta.o(.text)
    __aeabi_memclr8                          0x0800019b   Thumb Code     0  memseta.o(.text)
    _memset$wrapper                          0x0800019f   Thumb Code    18  memseta.o(.text)
    __cpp_initialize__aeabi_                 0x080001b1   Thumb Code    32  cpp_init.o(.text)
    __aeabi_fadd                             0x080001d9   Thumb Code   162  fadd.o(.text)
    __aeabi_fsub                             0x0800027b   Thumb Code     8  fadd.o(.text)
    __aeabi_frsub                            0x08000283   Thumb Code     8  fadd.o(.text)
    __aeabi_fmul                             0x0800028b   Thumb Code   122  fmul.o(.text)
    __aeabi_fdiv                             0x08000305   Thumb Code   124  fdiv.o(.text)
    __aeabi_dmul                             0x08000381   Thumb Code   202  dmul.o(.text)
    __aeabi_ddiv                             0x08000451   Thumb Code   234  ddiv.o(.text)
    __aeabi_i2f                              0x08000541   Thumb Code    22  fflti.o(.text)
    __aeabi_f2d                              0x08000557   Thumb Code    40  f2d.o(.text)
    __aeabi_uidiv                            0x0800057f   Thumb Code     0  uidiv_div0.o(.text)
    __aeabi_uidivmod                         0x0800057f   Thumb Code    62  uidiv_div0.o(.text)
    __aeabi_uldivmod                         0x080005bd   Thumb Code    96  uldiv.o(.text)
    __aeabi_llsr                             0x0800061d   Thumb Code    34  llushr.o(.text)
    _ll_ushift_r                             0x0800061d   Thumb Code     0  llushr.o(.text)
    __I$use$fp                               0x0800063f   Thumb Code     0  iusefp.o(.text)
    _float_round                             0x0800063f   Thumb Code    16  fepilogue.o(.text)
    _float_epilogue                          0x0800064f   Thumb Code   114  fepilogue.o(.text)
    _double_round                            0x080006c1   Thumb Code    26  depilogue.o(.text)
    _double_epilogue                         0x080006db   Thumb Code   164  depilogue.o(.text)
    __aeabi_dadd                             0x08000781   Thumb Code   328  dadd.o(.text)
    __aeabi_dsub                             0x080008c9   Thumb Code    12  dadd.o(.text)
    __aeabi_drsub                            0x080008d5   Thumb Code    12  dadd.o(.text)
    __aeabi_d2ulz                            0x080008e5   Thumb Code    54  dfixul.o(.text)
    __aeabi_cdrcmple                         0x08000925   Thumb Code    38  cdrcmple.o(.text)
    __scatterload                            0x0800094d   Thumb Code    38  init.o(.text)
    __scatterload_rt2                        0x0800094d   Thumb Code     0  init.o(.text)
    __aeabi_llsl                             0x0800097d   Thumb Code    32  llshl.o(.text)
    _ll_shift_l                              0x0800097d   Thumb Code     0  llshl.o(.text)
    __aeabi_lasr                             0x0800099d   Thumb Code    38  llsshr.o(.text)
    _ll_sshift_r                             0x0800099d   Thumb Code     0  llsshr.o(.text)
    AD7606_ReadAdc                           0x08000bad   Thumb Code    28  bsp_spi_ad7606.o(.text.AD7606_ReadAdc)
    AD7606_Reset                             0x08000bc9   Thumb Code    54  bsp_spi_ad7606.o(.text.AD7606_Reset)
    AD7606_Scan                              0x08000c01   Thumb Code   120  bsp_spi_ad7606.o(.text.AD7606_Scan)
    AD7606_StartConv                         0x08000c85   Thumb Code    60  bsp_spi_ad7606.o(.text.AD7606_StartConv)
    DMA1_Channel1_IRQHandler                 0x08000d2d   Thumb Code    12  stm32g0xx_it.o(.text.DMA1_Channel1_IRQHandler)
    DMA1_Channel2_3_IRQHandler               0x08000d3d   Thumb Code    12  stm32g0xx_it.o(.text.DMA1_Channel2_3_IRQHandler)
    Demo_spi_AD7606                          0x08000e41   Thumb Code   132  app_spi_ad7606.o(.text.Demo_spi_AD7606)
    Error_Handler                            0x08000ed1   Thumb Code    22  main.o(.text.Error_Handler)
    HAL_DMA_Abort                            0x08000ee9   Thumb Code   192  stm32g0xx_hal_dma.o(.text.HAL_DMA_Abort)
    HAL_DMA_Abort_IT                         0x08000fa9   Thumb Code   184  stm32g0xx_hal_dma.o(.text.HAL_DMA_Abort_IT)
    HAL_DMA_GetState                         0x08001061   Thumb Code    14  stm32g0xx_hal_dma.o(.text.HAL_DMA_GetState)
    HAL_DMA_IRQHandler                       0x08001071   Thumb Code   360  stm32g0xx_hal_dma.o(.text.HAL_DMA_IRQHandler)
    HAL_DMA_Init                             0x080011e1   Thumb Code   252  stm32g0xx_hal_dma.o(.text.HAL_DMA_Init)
    HAL_DMA_Start_IT                         0x080012e5   Thumb Code   264  stm32g0xx_hal_dma.o(.text.HAL_DMA_Start_IT)
    HAL_Delay                                0x080013ed   Thumb Code    64  stm32g0xx_hal.o(.text.HAL_Delay)
    HAL_GPIO_Init                            0x08001431   Thumb Code   688  stm32g0xx_hal_gpio.o(.text.HAL_GPIO_Init)
    HAL_GPIO_ReadPin                         0x08001701   Thumb Code    50  stm32g0xx_hal_gpio.o(.text.HAL_GPIO_ReadPin)
    HAL_GPIO_TogglePin                       0x08001733   Thumb Code    36  stm32g0xx_hal_gpio.o(.text.HAL_GPIO_TogglePin)
    HAL_GPIO_WritePin                        0x08001757   Thumb Code    44  stm32g0xx_hal_gpio.o(.text.HAL_GPIO_WritePin)
    HAL_GetTick                              0x08001785   Thumb Code     8  stm32g0xx_hal.o(.text.HAL_GetTick)
    HAL_I2CEx_ConfigAnalogFilter             0x08001791   Thumb Code   150  stm32g0xx_hal_i2c_ex.o(.text.HAL_I2CEx_ConfigAnalogFilter)
    HAL_I2CEx_ConfigDigitalFilter            0x08001827   Thumb Code   160  stm32g0xx_hal_i2c_ex.o(.text.HAL_I2CEx_ConfigDigitalFilter)
    HAL_I2C_AbortCpltCallback                0x080018c7   Thumb Code     8  stm32g0xx_hal_i2c.o(.text.HAL_I2C_AbortCpltCallback)
    HAL_I2C_AddrCallback                     0x080018d1   Thumb Code   104  bsp_i2c_slave.o(.text.HAL_I2C_AddrCallback)
    HAL_I2C_ER_IRQHandler                    0x0800194d   Thumb Code   198  stm32g0xx_hal_i2c.o(.text.HAL_I2C_ER_IRQHandler)
    HAL_I2C_EV_IRQHandler                    0x08001a13   Thumb Code    48  stm32g0xx_hal_i2c.o(.text.HAL_I2C_EV_IRQHandler)
    HAL_I2C_EnableListen_IT                  0x08001a45   Thumb Code    68  stm32g0xx_hal_i2c.o(.text.HAL_I2C_EnableListen_IT)
    HAL_I2C_ErrorCallback                    0x08001a8d   Thumb Code    76  bsp_i2c_slave.o(.text.HAL_I2C_ErrorCallback)
    HAL_I2C_GetError                         0x08001ae1   Thumb Code    12  stm32g0xx_hal_i2c.o(.text.HAL_I2C_GetError)
    HAL_I2C_Init                             0x08001aed   Thumb Code   284  stm32g0xx_hal_i2c.o(.text.HAL_I2C_Init)
    HAL_I2C_ListenCpltCallback               0x08001c0d   Thumb Code    16  bsp_i2c_slave.o(.text.HAL_I2C_ListenCpltCallback)
    HAL_I2C_MasterRxCpltCallback             0x08001c1d   Thumb Code     8  stm32g0xx_hal_i2c.o(.text.HAL_I2C_MasterRxCpltCallback)
    HAL_I2C_MasterTxCpltCallback             0x08001c25   Thumb Code     8  stm32g0xx_hal_i2c.o(.text.HAL_I2C_MasterTxCpltCallback)
    HAL_I2C_MemRxCpltCallback                0x08001c2d   Thumb Code     8  stm32g0xx_hal_i2c.o(.text.HAL_I2C_MemRxCpltCallback)
    HAL_I2C_MemTxCpltCallback                0x08001c35   Thumb Code     8  stm32g0xx_hal_i2c.o(.text.HAL_I2C_MemTxCpltCallback)
    HAL_I2C_MspInit                          0x08001c3d   Thumb Code   168  i2c.o(.text.HAL_I2C_MspInit)
    HAL_I2C_SlaveRxCpltCallback              0x08001cf5   Thumb Code    96  bsp_i2c_slave.o(.text.HAL_I2C_SlaveRxCpltCallback)
    HAL_I2C_SlaveTxCpltCallback              0x08001d5d   Thumb Code    40  bsp_i2c_slave.o(.text.HAL_I2C_SlaveTxCpltCallback)
    HAL_I2C_Slave_Seq_Receive_IT             0x08001d91   Thumb Code   368  stm32g0xx_hal_i2c.o(.text.HAL_I2C_Slave_Seq_Receive_IT)
    HAL_I2C_Slave_Seq_Transmit_IT            0x08001f05   Thumb Code   368  stm32g0xx_hal_i2c.o(.text.HAL_I2C_Slave_Seq_Transmit_IT)
    HAL_IncTick                              0x08002081   Thumb Code    16  stm32g0xx_hal.o(.text.HAL_IncTick)
    HAL_Init                                 0x08002095   Thumb Code    56  stm32g0xx_hal.o(.text.HAL_Init)
    HAL_InitTick                             0x080020d1   Thumb Code   120  stm32g0xx_hal.o(.text.HAL_InitTick)
    HAL_MspInit                              0x08002151   Thumb Code    52  stm32g0xx_hal_msp.o(.text.HAL_MspInit)
    HAL_NVIC_EnableIRQ                       0x08002189   Thumb Code    22  stm32g0xx_hal_cortex.o(.text.HAL_NVIC_EnableIRQ)
    HAL_NVIC_SetPriority                     0x0800219f   Thumb Code    28  stm32g0xx_hal_cortex.o(.text.HAL_NVIC_SetPriority)
    HAL_PWREx_ControlVoltageScaling          0x080021bd   Thumb Code   112  stm32g0xx_hal_pwr_ex.o(.text.HAL_PWREx_ControlVoltageScaling)
    HAL_RCCEx_PeriphCLKConfig                0x08002239   Thumb Code   536  stm32g0xx_hal_rcc_ex.o(.text.HAL_RCCEx_PeriphCLKConfig)
    HAL_RCC_ClockConfig                      0x08002461   Thumb Code   572  stm32g0xx_hal_rcc.o(.text.HAL_RCC_ClockConfig)
    HAL_RCC_GetHCLKFreq                      0x080026b5   Thumb Code     8  stm32g0xx_hal_rcc.o(.text.HAL_RCC_GetHCLKFreq)
    HAL_RCC_GetPCLK1Freq                     0x080026c1   Thumb Code    36  stm32g0xx_hal_rcc.o(.text.HAL_RCC_GetPCLK1Freq)
    HAL_RCC_GetSysClockFreq                  0x080026e9   Thumb Code   268  stm32g0xx_hal_rcc.o(.text.HAL_RCC_GetSysClockFreq)
    HAL_RCC_OscConfig                        0x08002809   Thumb Code  1652  stm32g0xx_hal_rcc.o(.text.HAL_RCC_OscConfig)
    HAL_SPI_Init                             0x08002ea5   Thumb Code   348  stm32g0xx_hal_spi.o(.text.HAL_SPI_Init)
    HAL_SPI_MspInit                          0x08003001   Thumb Code   108  spi.o(.text.HAL_SPI_MspInit)
    HAL_SPI_Receive                          0x08003079   Thumb Code   664  stm32g0xx_hal_spi.o(.text.HAL_SPI_Receive)
    HAL_SPI_TransmitReceive                  0x08003315   Thumb Code   948  stm32g0xx_hal_spi.o(.text.HAL_SPI_TransmitReceive)
    HAL_SYSTICK_Config                       0x080036cd   Thumb Code    16  stm32g0xx_hal_cortex.o(.text.HAL_SYSTICK_Config)
    HAL_UARTEx_ReceiveToIdle_DMA             0x080036dd   Thumb Code   234  stm32g0xx_hal_uart_ex.o(.text.HAL_UARTEx_ReceiveToIdle_DMA)
    HAL_UARTEx_RxEventCallback               0x080037c7   Thumb Code    48  bsp_uart_dma.o(.text.HAL_UARTEx_RxEventCallback)
    HAL_UARTEx_RxFifoFullCallback            0x080037f7   Thumb Code     8  stm32g0xx_hal_uart_ex.o(.text.HAL_UARTEx_RxFifoFullCallback)
    HAL_UARTEx_TxFifoEmptyCallback           0x080037ff   Thumb Code     8  stm32g0xx_hal_uart_ex.o(.text.HAL_UARTEx_TxFifoEmptyCallback)
    HAL_UARTEx_WakeupCallback                0x08003807   Thumb Code     8  stm32g0xx_hal_uart_ex.o(.text.HAL_UARTEx_WakeupCallback)
    HAL_UART_ErrorCallback                   0x0800380f   Thumb Code     8  stm32g0xx_hal_uart.o(.text.HAL_UART_ErrorCallback)
    HAL_UART_IRQHandler                      0x08003819   Thumb Code  1412  stm32g0xx_hal_uart.o(.text.HAL_UART_IRQHandler)
    HAL_UART_Init                            0x08003da5   Thumb Code   180  stm32g0xx_hal_uart.o(.text.HAL_UART_Init)
    HAL_UART_MspInit                         0x08003e59   Thumb Code   256  usart.o(.text.HAL_UART_MspInit)
    HAL_UART_RxCpltCallback                  0x08003f75   Thumb Code     8  stm32g0xx_hal_uart.o(.text.HAL_UART_RxCpltCallback)
    HAL_UART_RxHalfCpltCallback              0x08003f7d   Thumb Code     8  stm32g0xx_hal_uart.o(.text.HAL_UART_RxHalfCpltCallback)
    HAL_UART_Transmit                        0x08003f85   Thumb Code   364  stm32g0xx_hal_uart.o(.text.HAL_UART_Transmit)
    HAL_UART_TxCpltCallback                  0x080040f5   Thumb Code     8  stm32g0xx_hal_uart.o(.text.HAL_UART_TxCpltCallback)
    HardFault_Handler                        0x080040fd   Thumb Code     4  stm32g0xx_it.o(.text.HardFault_Handler)
    I2C1_IRQHandler                          0x08004131   Thumb Code    36  stm32g0xx_it.o(.text.I2C1_IRQHandler)
    I2C_Slave_GetRegister                    0x08005265   Thumb Code    20  bsp_i2c_slave.o(.text.I2C_Slave_GetRegister)
    I2C_Slave_SetCoordinateRegister          0x080056fd   Thumb Code   128  app_spi_ad7606.o(.text.I2C_Slave_SetCoordinateRegister)
    I2C_Slave_SetRegister                    0x0800577d   Thumb Code    28  bsp_i2c_slave.o(.text.I2C_Slave_SetRegister)
    LPF_Update                               0x08005881   Thumb Code    64  app_spi_ad7606.o(.text.LPF_Update)
    MX_DMA_Init                              0x080058c1   Thumb Code    68  dma.o(.text.MX_DMA_Init)
    MX_GPIO_Init                             0x08005909   Thumb Code   140  gpio.o(.text.MX_GPIO_Init)
    MX_I2C1_Init                             0x08005999   Thumb Code    96  i2c.o(.text.MX_I2C1_Init)
    MX_SPI1_Init                             0x08005a05   Thumb Code    76  spi.o(.text.MX_SPI1_Init)
    MX_USART2_UART_Init                      0x08005a59   Thumb Code    64  usart.o(.text.MX_USART2_UART_Init)
    NMI_Handler                              0x08005aa1   Thumb Code     4  stm32g0xx_it.o(.text.NMI_Handler)
    PendSV_Handler                           0x08005aa5   Thumb Code     2  stm32g0xx_it.o(.text.PendSV_Handler)
    SVC_Handler                              0x08005e8d   Thumb Code     2  stm32g0xx_it.o(.text.SVC_Handler)
    $Super$$SysTick_Handler                  0x08005ee1   Thumb Code     8  stm32g0xx_it.o(.text.SysTick_Handler)
    SystemClock_Config                       0x08005ee9   Thumb Code   126  main.o(.text.SystemClock_Config)
    SystemInit                               0x08005f67   Thumb Code     2  system_stm32g0xx.o(.text.SystemInit)
    UART_AdvFeatureConfig                    0x08005f69   Thumb Code   346  stm32g0xx_hal_uart.o(.text.UART_AdvFeatureConfig)
    UART_CheckIdleState                      0x080060c5   Thumb Code   348  stm32g0xx_hal_uart.o(.text.UART_CheckIdleState)
    UART_SetConfig                           0x08006585   Thumb Code   688  stm32g0xx_hal_uart.o(.text.UART_SetConfig)
    UART_Start_Receive_DMA                   0x08006851   Thumb Code   304  stm32g0xx_hal_uart.o(.text.UART_Start_Receive_DMA)
    UART_WaitOnFlagUntilTimeout              0x0800698d   Thumb Code   264  stm32g0xx_hal_uart.o(.text.UART_WaitOnFlagUntilTimeout)
    USART2_IRQHandler                        0x08006a95   Thumb Code    12  stm32g0xx_it.o(.text.USART2_IRQHandler)
    __perf_counter_init                      0x08006bc9   Thumb Code    10  perf_counter.o(.text.__perf_counter_init)
    __perf_os_patch_init                     0x08006bd3   Thumb Code     2  perf_counter.o(.text.__perf_os_patch_init)
    __perfc_is_time_out                      0x08006bd5   Thumb Code   162  perf_counter.o(.text.__perfc_is_time_out)
    bsp_Init                                 0x08006c77   Thumb Code    22  bsp.o(.text.bsp_Init)
    bsp_InitUart                             0x08006c8d   Thumb Code    12  bsp_uart_dma.o(.text.bsp_InitUart)
    bsp_i2c_Init                             0x08006c99   Thumb Code    20  bsp_i2c_slave.o(.text.bsp_i2c_Init)
    bsp_spi_AD7606_Init                      0x08006cb5   Thumb Code    20  bsp_spi_ad7606.o(.text.bsp_spi_AD7606_Init)
    comGetChar                               0x08006d09   Thumb Code    58  bsp_uart_dma.o(.text.comGetChar)
    fputc                                    0x08006d45   Thumb Code    28  bsp_uart_dma.o(.text.fputc)
    get_system_ticks                         0x08006d65   Thumb Code   116  perf_counter.o(.text.get_system_ticks)
    init_cycle_counter                       0x08006dd9   Thumb Code   132  perf_counter.o(.text.init_cycle_counter)
    main                                     0x08006e69   Thumb Code    56  main.o(.text.main)
    perfc_convert_ms_to_ticks                0x08006ea5   Thumb Code    64  perf_counter.o(.text.perfc_convert_ms_to_ticks)
    perfc_port_clear_system_timer_ovf_pending 0x08006ee5   Thumb Code    12  perfc_port_default.o(.text.perfc_port_clear_system_timer_ovf_pending)
    perfc_port_get_system_timer_elapsed      0x08006f25   Thumb Code    16  perfc_port_default.o(.text.perfc_port_get_system_timer_elapsed)
    perfc_port_get_system_timer_freq         0x08006f35   Thumb Code     8  perfc_port_default.o(.text.perfc_port_get_system_timer_freq)
    perfc_port_get_system_timer_top          0x08006f41   Thumb Code     8  perfc_port_default.o(.text.perfc_port_get_system_timer_top)
    perfc_port_init_system_timer             0x08006f49   Thumb Code    88  perfc_port_default.o(.text.perfc_port_init_system_timer)
    perfc_port_insert_to_system_timer_insert_ovf_handler 0x08006fb1   Thumb Code   284  perf_counter.o(.text.perfc_port_insert_to_system_timer_insert_ovf_handler)
    perfc_port_is_system_timer_ovf_pending   0x080070e1   Thumb Code    16  perfc_port_default.o(.text.perfc_port_is_system_timer_ovf_pending)
    process_data                             0x08007119   Thumb Code    96  bsp_i2c_slave.o(.text.process_data)
    update_perf_counter                      0x08007185   Thumb Code   116  perf_counter.o(.text.update_perf_counter)
    __0printf                                0x0800720d   Thumb Code    24  printfa.o(i.__0printf)
    __1printf                                0x0800720d   Thumb Code     0  printfa.o(i.__0printf)
    __2printf                                0x0800720d   Thumb Code     0  printfa.o(i.__0printf)
    __c89printf                              0x0800720d   Thumb Code     0  printfa.o(i.__0printf)
    printf                                   0x0800720d   Thumb Code     0  printfa.o(i.__0printf)
    __ARM_clz                                0x0800722d   Thumb Code    46  depilogue.o(i.__ARM_clz)
    __scatterload_copy                       0x0800725b   Thumb Code    14  handlers.o(i.__scatterload_copy)
    __scatterload_null                       0x08007269   Thumb Code     2  handlers.o(i.__scatterload_null)
    __scatterload_zeroinit                   0x0800726b   Thumb Code    14  handlers.o(i.__scatterload_zeroinit)
    AHBPrescTable                            0x08007b24   Data          64  system_stm32g0xx.o(.rodata.AHBPrescTable)
    APBPrescTable                            0x08007b64   Data          32  system_stm32g0xx.o(.rodata.APBPrescTable)
    UARTPrescTable                           0x08007b84   Data          24  stm32g0xx_hal_uart.o(.rodata.UARTPrescTable)
    Region$$Table$$Base                      0x08007bd4   Number         0  anon$$obj.o(Region$$Table)
    Region$$Table$$Limit                     0x08007bf4   Number         0  anon$$obj.o(Region$$Table)
    SHT$$INIT_ARRAY$$Base                    0x08007bf4   Number         0  perf_counter.o(.init_array)
    SHT$$INIT_ARRAY$$Limit                   0x08007bf8   Number         0  cpp_init.o(.init_array)
    __stdout                                 0x20000000   Data           4  stdout.o(.data)
    SystemCoreClock                          0x20000008   Data           4  system_stm32g0xx.o(.data.SystemCoreClock)
    g_obs                                    0x2000000c   Data           1  bsp_spi_ad7606.o(.data.g_obs)
    uwTickFreq                               0x20000028   Data           1  stm32g0xx_hal.o(.data.uwTickFreq)
    uwTickPrio                               0x2000002c   Data           4  stm32g0xx_hal.o(.data.uwTickPrio)
    I2C_REGISTERS                            0x20000040   Data         256  bsp_i2c_slave.o(.bss.I2C_REGISTERS)
    RxData                                   0x20000140   Data          11  bsp_i2c_slave.o(.bss.RxData)
    countAddr                                0x20000154   Data           4  bsp_i2c_slave.o(.bss.countAddr)
    countError                               0x20000158   Data           4  bsp_i2c_slave.o(.bss.countError)
    dfCoremarkScore                          0x20000160   Data           8  core_main.o(.bss.dfCoremarkScore)
    g_lLastTimeStamp                         0x20000168   Data           8  perf_counter.o(.bss.g_lLastTimeStamp)
    g_nOffset                                0x20000170   Data           4  perf_counter.o(.bss.g_nOffset)
    hdma_usart2_rx                           0x20000174   Data          92  usart.o(.bss.hdma_usart2_rx)
    hdma_usart2_tx                           0x200001d0   Data          92  usart.o(.bss.hdma_usart2_tx)
    hi2c1                                    0x2000022c   Data          84  i2c.o(.bss.hi2c1)
    hspi1                                    0x20000280   Data         100  spi.o(.bss.hspi1)
    huart2                                   0x200002e4   Data         148  usart.o(.bss.huart2)
    rxCount                                  0x20000378   Data           1  bsp_i2c_slave.o(.bss.rxCount)
    startPos                                 0x200007e8   Data           1  bsp_i2c_slave.o(.bss.startPos)
    txCount                                  0x200007e9   Data           1  bsp_i2c_slave.o(.bss.txCount)
    uwTick                                   0x200007ec   Data           4  stm32g0xx_hal.o(.bss.uwTick)
    __initial_sp                             0x20000bf0   Data           0  startup_stm32g030xx.o(STACK)



==============================================================================

Memory Map of the image

  Image Entry point : 0x080000c1

  Load Region LR_IROM1 (Base: 0x08000000, Size: 0x00007c28, Max: 0x00008000, ABSOLUTE)

    Execution Region ER_IROM1 (Exec base: 0x08000000, Load base: 0x08000000, Size: 0x00007bf8, Max: 0x00008000, ABSOLUTE)

    Exec Addr    Load Addr    Size         Type   Attr      Idx    E Section Name        Object

    0x08000000   0x08000000   0x000000c0   Data   RO            3    RESET               startup_stm32g030xx.o
    0x080000c0   0x080000c0   0x00000000   Code   RO         1463  * .ARM.Collect$$$$00000000  mc_p.l(entry.o)
    0x080000c0   0x080000c0   0x00000004   Code   RO         1533    .ARM.Collect$$$$00000001  mc_p.l(entry2.o)
    0x080000c4   0x080000c4   0x00000004   Code   RO         1536    .ARM.Collect$$$$00000004  mc_p.l(entry5.o)
    0x080000c8   0x080000c8   0x00000000   Code   RO         1538    .ARM.Collect$$$$00000008  mc_p.l(entry7b.o)
    0x080000c8   0x080000c8   0x00000004   Code   RO         1539    .ARM.Collect$$$$00000009  mc_p.l(entry8a.o)
    0x080000cc   0x080000cc   0x00000000   Code   RO         1540    .ARM.Collect$$$$0000000A  mc_p.l(entry8b.o)
    0x080000cc   0x080000cc   0x00000008   Code   RO         1541    .ARM.Collect$$$$0000000B  mc_p.l(entry9a.o)
    0x080000d4   0x080000d4   0x00000000   Code   RO         1543    .ARM.Collect$$$$0000000D  mc_p.l(entry10a.o)
    0x080000d4   0x080000d4   0x00000000   Code   RO         1545    .ARM.Collect$$$$0000000F  mc_p.l(entry11a.o)
    0x080000d4   0x080000d4   0x00000004   Code   RO         1534    .ARM.Collect$$$$00002712  mc_p.l(entry2.o)
    0x080000d8   0x080000d8   0x0000001c   Code   RO            4    .text               startup_stm32g030xx.o
    0x080000f4   0x080000f4   0x0000001c   Code   RO         1428    .text               systick_wrapper_gnu.o
    0x08000110   0x08000110   0x0000004c   Code   RO         1470    .text               mc_p.l(ldiv.o)
    0x0800015c   0x0800015c   0x00000030   Code   RO         1472    .text               mc_p.l(llmul.o)
    0x0800018c   0x0800018c   0x00000024   Code   RO         1474    .text               mc_p.l(memseta.o)
    0x080001b0   0x080001b0   0x00000028   Code   RO         1507    .text               mc_p.l(cpp_init.o)
    0x080001d8   0x080001d8   0x000000b2   Code   RO         1509    .text               mf_p.l(fadd.o)
    0x0800028a   0x0800028a   0x0000007a   Code   RO         1511    .text               mf_p.l(fmul.o)
    0x08000304   0x08000304   0x0000007c   Code   RO         1513    .text               mf_p.l(fdiv.o)
    0x08000380   0x08000380   0x000000d0   Code   RO         1515    .text               mf_p.l(dmul.o)
    0x08000450   0x08000450   0x000000f0   Code   RO         1517    .text               mf_p.l(ddiv.o)
    0x08000540   0x08000540   0x00000016   Code   RO         1523    .text               mf_p.l(fflti.o)
    0x08000556   0x08000556   0x00000028   Code   RO         1531    .text               mf_p.l(f2d.o)
    0x0800057e   0x0800057e   0x0000003e   Code   RO         1550    .text               mc_p.l(uidiv_div0.o)
    0x080005bc   0x080005bc   0x00000060   Code   RO         1556    .text               mc_p.l(uldiv.o)
    0x0800061c   0x0800061c   0x00000022   Code   RO         1558    .text               mc_p.l(llushr.o)
    0x0800063e   0x0800063e   0x00000000   Code   RO         1560    .text               mc_p.l(iusefp.o)
    0x0800063e   0x0800063e   0x00000082   Code   RO         1565    .text               mf_p.l(fepilogue.o)
    0x080006c0   0x080006c0   0x000000be   Code   RO         1567    .text               mf_p.l(depilogue.o)
    0x0800077e   0x0800077e   0x00000002   PAD
    0x08000780   0x08000780   0x00000164   Code   RO         1571    .text               mf_p.l(dadd.o)
    0x080008e4   0x080008e4   0x00000040   Code   RO         1573    .text               mf_p.l(dfixul.o)
    0x08000924   0x08000924   0x00000028   Code   RO         1575    .text               mf_p.l(cdrcmple.o)
    0x0800094c   0x0800094c   0x00000030   Code   RO         1577    .text               mc_p.l(init.o)
    0x0800097c   0x0800097c   0x00000020   Code   RO         1579    .text               mc_p.l(llshl.o)
    0x0800099c   0x0800099c   0x00000026   Code   RO         1581    .text               mc_p.l(llsshr.o)
    0x080009c2   0x080009c2   0x00000002   PAD
    0x080009c4   0x080009c4   0x0000004c   Code   RO          222    .text.AD7606_Disp   app_spi_ad7606.o
    0x08000a10   0x08000a10   0x0000019c   Code   RO          220    .text.AD7606_Mak    app_spi_ad7606.o
    0x08000bac   0x08000bac   0x0000001c   Code   RO          169    .text.AD7606_ReadAdc  bsp_spi_ad7606.o
    0x08000bc8   0x08000bc8   0x00000036   Code   RO          163    .text.AD7606_Reset  bsp_spi_ad7606.o
    0x08000bfe   0x08000bfe   0x00000002   PAD
    0x08000c00   0x08000c00   0x00000084   Code   RO          167    .text.AD7606_Scan   bsp_spi_ad7606.o
    0x08000c84   0x08000c84   0x0000003c   Code   RO          165    .text.AD7606_StartConv  bsp_spi_ad7606.o
    0x08000cc0   0x08000cc0   0x0000006c   Code   RO          136    .text.ComToUart     bsp_uart_dma.o
    0x08000d2c   0x08000d2c   0x00000010   Code   RO           96    .text.DMA1_Channel1_IRQHandler  stm32g0xx_it.o
    0x08000d3c   0x08000d3c   0x00000010   Code   RO           98    .text.DMA1_Channel2_3_IRQHandler  stm32g0xx_it.o
    0x08000d4c   0x08000d4c   0x00000044   Code   RO          587    .text.DMA_CalcDMAMUXChannelBaseAndMask  stm32g0xx_hal_dma.o
    0x08000d90   0x08000d90   0x0000003c   Code   RO          589    .text.DMA_CalcDMAMUXRequestGenBaseAndMask  stm32g0xx_hal_dma.o
    0x08000dcc   0x08000dcc   0x00000074   Code   RO          595    .text.DMA_SetConfig  stm32g0xx_hal_dma.o
    0x08000e40   0x08000e40   0x00000090   Code   RO          218    .text.Demo_spi_AD7606  app_spi_ad7606.o
    0x08000ed0   0x08000ed0   0x00000016   Code   RO           15    .text.Error_Handler  main.o
    0x08000ee6   0x08000ee6   0x00000002   PAD
    0x08000ee8   0x08000ee8   0x000000c0   Code   RO          599    .text.HAL_DMA_Abort  stm32g0xx_hal_dma.o
    0x08000fa8   0x08000fa8   0x000000b8   Code   RO          601    .text.HAL_DMA_Abort_IT  stm32g0xx_hal_dma.o
    0x08001060   0x08001060   0x0000000e   Code   RO          611    .text.HAL_DMA_GetState  stm32g0xx_hal_dma.o
    0x0800106e   0x0800106e   0x00000002   PAD
    0x08001070   0x08001070   0x00000170   Code   RO          605    .text.HAL_DMA_IRQHandler  stm32g0xx_hal_dma.o
    0x080011e0   0x080011e0   0x00000104   Code   RO          585    .text.HAL_DMA_Init  stm32g0xx_hal_dma.o
    0x080012e4   0x080012e4   0x00000108   Code   RO          597    .text.HAL_DMA_Start_IT  stm32g0xx_hal_dma.o
    0x080013ec   0x080013ec   0x00000044   Code   RO          788    .text.HAL_Delay     stm32g0xx_hal.o
    0x08001430   0x08001430   0x000002d0   Code   RO          560    .text.HAL_GPIO_Init  stm32g0xx_hal_gpio.o
    0x08001700   0x08001700   0x00000032   Code   RO          564    .text.HAL_GPIO_ReadPin  stm32g0xx_hal_gpio.o
    0x08001732   0x08001732   0x00000024   Code   RO          568    .text.HAL_GPIO_TogglePin  stm32g0xx_hal_gpio.o
    0x08001756   0x08001756   0x0000002c   Code   RO          566    .text.HAL_GPIO_WritePin  stm32g0xx_hal_gpio.o
    0x08001782   0x08001782   0x00000002   PAD
    0x08001784   0x08001784   0x0000000c   Code   RO          780    .text.HAL_GetTick   stm32g0xx_hal.o
    0x08001790   0x08001790   0x00000096   Code   RO          411    .text.HAL_I2CEx_ConfigAnalogFilter  stm32g0xx_hal_i2c_ex.o
    0x08001826   0x08001826   0x000000a0   Code   RO          413    .text.HAL_I2CEx_ConfigDigitalFilter  stm32g0xx_hal_i2c_ex.o
    0x080018c6   0x080018c6   0x00000008   Code   RO          380    .text.HAL_I2C_AbortCpltCallback  stm32g0xx_hal_i2c.o
    0x080018ce   0x080018ce   0x00000002   PAD
    0x080018d0   0x080018d0   0x0000007c   Code   RO          190    .text.HAL_I2C_AddrCallback  bsp_i2c_slave.o
    0x0800194c   0x0800194c   0x000000c6   Code   RO          358    .text.HAL_I2C_ER_IRQHandler  stm32g0xx_hal_i2c.o
    0x08001a12   0x08001a12   0x00000030   Code   RO          356    .text.HAL_I2C_EV_IRQHandler  stm32g0xx_hal_i2c.o
    0x08001a42   0x08001a42   0x00000002   PAD
    0x08001a44   0x08001a44   0x00000048   Code   RO          350    .text.HAL_I2C_EnableListen_IT  stm32g0xx_hal_i2c.o
    0x08001a8c   0x08001a8c   0x00000054   Code   RO          196    .text.HAL_I2C_ErrorCallback  bsp_i2c_slave.o
    0x08001ae0   0x08001ae0   0x0000000c   Code   RO          386    .text.HAL_I2C_GetError  stm32g0xx_hal_i2c.o
    0x08001aec   0x08001aec   0x00000120   Code   RO          242    .text.HAL_I2C_Init  stm32g0xx_hal_i2c.o
    0x08001c0c   0x08001c0c   0x00000010   Code   RO          188    .text.HAL_I2C_ListenCpltCallback  bsp_i2c_slave.o
    0x08001c1c   0x08001c1c   0x00000008   Code   RO          364    .text.HAL_I2C_MasterRxCpltCallback  stm32g0xx_hal_i2c.o
    0x08001c24   0x08001c24   0x00000008   Code   RO          362    .text.HAL_I2C_MasterTxCpltCallback  stm32g0xx_hal_i2c.o
    0x08001c2c   0x08001c2c   0x00000008   Code   RO          376    .text.HAL_I2C_MemRxCpltCallback  stm32g0xx_hal_i2c.o
    0x08001c34   0x08001c34   0x00000008   Code   RO          374    .text.HAL_I2C_MemTxCpltCallback  stm32g0xx_hal_i2c.o
    0x08001c3c   0x08001c3c   0x000000b8   Code   RO           44    .text.HAL_I2C_MspInit  i2c.o
    0x08001cf4   0x08001cf4   0x00000068   Code   RO          194    .text.HAL_I2C_SlaveRxCpltCallback  bsp_i2c_slave.o
    0x08001d5c   0x08001d5c   0x00000034   Code   RO          192    .text.HAL_I2C_SlaveTxCpltCallback  bsp_i2c_slave.o
    0x08001d90   0x08001d90   0x00000174   Code   RO          346    .text.HAL_I2C_Slave_Seq_Receive_IT  stm32g0xx_hal_i2c.o
    0x08001f04   0x08001f04   0x0000017c   Code   RO          338    .text.HAL_I2C_Slave_Seq_Transmit_IT  stm32g0xx_hal_i2c.o
    0x08002080   0x08002080   0x00000014   Code   RO          778    .text.HAL_IncTick   stm32g0xx_hal.o
    0x08002094   0x08002094   0x0000003c   Code   RO          768    .text.HAL_Init      stm32g0xx_hal.o
    0x080020d0   0x080020d0   0x00000080   Code   RO          770    .text.HAL_InitTick  stm32g0xx_hal.o
    0x08002150   0x08002150   0x00000038   Code   RO          111    .text.HAL_MspInit   stm32g0xx_hal_msp.o
    0x08002188   0x08002188   0x00000016   Code   RO          713    .text.HAL_NVIC_EnableIRQ  stm32g0xx_hal_cortex.o
    0x0800219e   0x0800219e   0x0000001c   Code   RO          709    .text.HAL_NVIC_SetPriority  stm32g0xx_hal_cortex.o
    0x080021ba   0x080021ba   0x00000002   PAD
    0x080021bc   0x080021bc   0x0000007c   Code   RO          696    .text.HAL_PWREx_ControlVoltageScaling  stm32g0xx_hal_pwr_ex.o
    0x08002238   0x08002238   0x00000228   Code   RO          471    .text.HAL_RCCEx_PeriphCLKConfig  stm32g0xx_hal_rcc_ex.o
    0x08002460   0x08002460   0x00000254   Code   RO          434    .text.HAL_RCC_ClockConfig  stm32g0xx_hal_rcc.o
    0x080026b4   0x080026b4   0x0000000c   Code   RO          440    .text.HAL_RCC_GetHCLKFreq  stm32g0xx_hal_rcc.o
    0x080026c0   0x080026c0   0x00000028   Code   RO          442    .text.HAL_RCC_GetPCLK1Freq  stm32g0xx_hal_rcc.o
    0x080026e8   0x080026e8   0x00000120   Code   RO          436    .text.HAL_RCC_GetSysClockFreq  stm32g0xx_hal_rcc.o
    0x08002808   0x08002808   0x0000069c   Code   RO          432    .text.HAL_RCC_OscConfig  stm32g0xx_hal_rcc.o
    0x08002ea4   0x08002ea4   0x0000015c   Code   RO          861    .text.HAL_SPI_Init  stm32g0xx_hal_spi.o
    0x08003000   0x08003000   0x00000078   Code   RO           58    .text.HAL_SPI_MspInit  spi.o
    0x08003078   0x08003078   0x0000029c   Code   RO          873    .text.HAL_SPI_Receive  stm32g0xx_hal_spi.o
    0x08003314   0x08003314   0x000003b8   Code   RO          875    .text.HAL_SPI_TransmitReceive  stm32g0xx_hal_spi.o
    0x080036cc   0x080036cc   0x00000010   Code   RO          725    .text.HAL_SYSTICK_Config  stm32g0xx_hal_cortex.o
    0x080036dc   0x080036dc   0x000000ea   Code   RO         1168    .text.HAL_UARTEx_ReceiveToIdle_DMA  stm32g0xx_hal_uart_ex.o
    0x080037c6   0x080037c6   0x00000030   Code   RO          146    .text.HAL_UARTEx_RxEventCallback  bsp_uart_dma.o
    0x080037f6   0x080037f6   0x00000008   Code   RO         1140    .text.HAL_UARTEx_RxFifoFullCallback  stm32g0xx_hal_uart_ex.o
    0x080037fe   0x080037fe   0x00000008   Code   RO         1142    .text.HAL_UARTEx_TxFifoEmptyCallback  stm32g0xx_hal_uart_ex.o
    0x08003806   0x08003806   0x00000008   Code   RO         1138    .text.HAL_UARTEx_WakeupCallback  stm32g0xx_hal_uart_ex.o
    0x0800380e   0x0800380e   0x00000008   Code   RO         1080    .text.HAL_UART_ErrorCallback  stm32g0xx_hal_uart.o
    0x08003816   0x08003816   0x00000002   PAD
    0x08003818   0x08003818   0x0000058c   Code   RO         1076    .text.HAL_UART_IRQHandler  stm32g0xx_hal_uart.o
    0x08003da4   0x08003da4   0x000000b4   Code   RO          988    .text.HAL_UART_Init  stm32g0xx_hal_uart.o
    0x08003e58   0x08003e58   0x0000011c   Code   RO           72    .text.HAL_UART_MspInit  usart.o
    0x08003f74   0x08003f74   0x00000008   Code   RO         1090    .text.HAL_UART_RxCpltCallback  stm32g0xx_hal_uart.o
    0x08003f7c   0x08003f7c   0x00000008   Code   RO         1092    .text.HAL_UART_RxHalfCpltCallback  stm32g0xx_hal_uart.o
    0x08003f84   0x08003f84   0x00000170   Code   RO         1008    .text.HAL_UART_Transmit  stm32g0xx_hal_uart.o
    0x080040f4   0x080040f4   0x00000008   Code   RO         1086    .text.HAL_UART_TxCpltCallback  stm32g0xx_hal_uart.o
    0x080040fc   0x080040fc   0x00000004   Code   RO           88    .text.HardFault_Handler  stm32g0xx_it.o
    0x08004100   0x08004100   0x00000030   Code   RO          148    .text.HuartToUart   bsp_uart_dma.o
    0x08004130   0x08004130   0x00000028   Code   RO          100    .text.I2C1_IRQHandler  stm32g0xx_it.o
    0x08004158   0x08004158   0x0000003e   Code   RO          342    .text.I2C_DMAAbort  stm32g0xx_hal_i2c.o
    0x08004196   0x08004196   0x000000cc   Code   RO          340    .text.I2C_Disable_IRQ  stm32g0xx_hal_i2c.o
    0x08004262   0x08004262   0x00000002   PAD
    0x08004264   0x08004264   0x00000138   Code   RO          274    .text.I2C_Enable_IRQ  stm32g0xx_hal_i2c.o
    0x0800439c   0x0800439c   0x00000040   Code   RO          266    .text.I2C_Flush_TXDR  stm32g0xx_hal_i2c.o
    0x080043dc   0x080043dc   0x00000130   Code   RO          398    .text.I2C_ITAddrCplt  stm32g0xx_hal_i2c.o
    0x0800450c   0x0800450c   0x000001e8   Code   RO          360    .text.I2C_ITError   stm32g0xx_hal_i2c.o
    0x080046f4   0x080046f4   0x000000a0   Code   RO          394    .text.I2C_ITListenCplt  stm32g0xx_hal_i2c.o
    0x08004794   0x08004794   0x000001b4   Code   RO          390    .text.I2C_ITMasterCplt  stm32g0xx_hal_i2c.o
    0x08004948   0x08004948   0x0000007e   Code   RO          388    .text.I2C_ITMasterSeqCplt  stm32g0xx_hal_i2c.o
    0x080049c6   0x080049c6   0x00000002   PAD
    0x080049c8   0x080049c8   0x00000318   Code   RO          392    .text.I2C_ITSlaveCplt  stm32g0xx_hal_i2c.o
    0x08004ce0   0x08004ce0   0x000000ca   Code   RO          396    .text.I2C_ITSlaveSeqCplt  stm32g0xx_hal_i2c.o
    0x08004daa   0x08004daa   0x00000002   PAD
    0x08004dac   0x08004dac   0x00000228   Code   RO          286    .text.I2C_Master_ISR_DMA  stm32g0xx_hal_i2c.o
    0x08004fd4   0x08004fd4   0x00000290   Code   RO          322    .text.I2C_Mem_ISR_DMA  stm32g0xx_hal_i2c.o
    0x08005264   0x08005264   0x00000018   Code   RO          182    .text.I2C_Slave_GetRegister  bsp_i2c_slave.o
    0x0800527c   0x0800527c   0x00000234   Code   RO          298    .text.I2C_Slave_ISR_DMA  stm32g0xx_hal_i2c.o
    0x080054b0   0x080054b0   0x0000024c   Code   RO          280    .text.I2C_Slave_ISR_IT  stm32g0xx_hal_i2c.o
    0x080056fc   0x080056fc   0x00000080   Code   RO          224    .text.I2C_Slave_SetCoordinateRegister  app_spi_ad7606.o
    0x0800577c   0x0800577c   0x00000020   Code   RO          184    .text.I2C_Slave_SetRegister  bsp_i2c_slave.o
    0x0800579c   0x0800579c   0x00000054   Code   RO          254    .text.I2C_TransferConfig  stm32g0xx_hal_i2c.o
    0x080057f0   0x080057f0   0x00000052   Code   RO          400    .text.I2C_TreatErrorCallback  stm32g0xx_hal_i2c.o
    0x08005842   0x08005842   0x00000002   PAD
    0x08005844   0x08005844   0x0000002c   Code   RO          132    .text.InitHardUart  bsp_uart_dma.o
    0x08005870   0x08005870   0x00000010   Code   RO          444    .text.LL_RCC_GetAPB1Prescaler  stm32g0xx_hal_rcc.o
    0x08005880   0x08005880   0x00000040   Code   RO          216    .text.LPF_Update    app_spi_ad7606.o
    0x080058c0   0x080058c0   0x00000048   Code   RO           34    .text.MX_DMA_Init   dma.o
    0x08005908   0x08005908   0x00000090   Code   RO           26    .text.MX_GPIO_Init  gpio.o
    0x08005998   0x08005998   0x0000006c   Code   RO           42    .text.MX_I2C1_Init  i2c.o
    0x08005a04   0x08005a04   0x00000054   Code   RO           56    .text.MX_SPI1_Init  spi.o
    0x08005a58   0x08005a58   0x00000048   Code   RO           70    .text.MX_USART2_UART_Init  usart.o
    0x08005aa0   0x08005aa0   0x00000004   Code   RO           86    .text.NMI_Handler   stm32g0xx_it.o
    0x08005aa4   0x08005aa4   0x00000002   Code   RO           92    .text.PendSV_Handler  stm32g0xx_it.o
    0x08005aa6   0x08005aa6   0x000000d0   Code   RO          877    .text.SPI_EndRxTransaction  stm32g0xx_hal_spi.o
    0x08005b76   0x08005b76   0x00000096   Code   RO          871    .text.SPI_EndRxTxTransaction  stm32g0xx_hal_spi.o
    0x08005c0c   0x08005c0c   0x00000150   Code   RO          927    .text.SPI_WaitFifoStateUntilTimeout  stm32g0xx_hal_spi.o
    0x08005d5c   0x08005d5c   0x00000130   Code   RO          929    .text.SPI_WaitFlagStateUntilTimeout  stm32g0xx_hal_spi.o
    0x08005e8c   0x08005e8c   0x00000002   Code   RO           90    .text.SVC_Handler   stm32g0xx_it.o
    0x08005e8e   0x08005e8e   0x00000002   PAD
    0x08005e90   0x08005e90   0x00000050   Code   RO          727    .text.SysTick_Config  stm32g0xx_hal_cortex.o
    0x08005ee0   0x08005ee0   0x00000008   Code   RO           94    .text.SysTick_Handler  stm32g0xx_it.o
    0x08005ee8   0x08005ee8   0x0000007e   Code   RO           13    .text.SystemClock_Config  main.o
    0x08005f66   0x08005f66   0x00000002   Code   RO         1181    .text.SystemInit    system_stm32g0xx.o
    0x08005f68   0x08005f68   0x0000015a   Code   RO          992    .text.UART_AdvFeatureConfig  stm32g0xx_hal_uart.o
    0x080060c2   0x080060c2   0x00000002   PAD
    0x080060c4   0x080060c4   0x00000160   Code   RO          996    .text.UART_CheckIdleState  stm32g0xx_hal_uart.o
    0x08006224   0x08006224   0x00000024   Code   RO         1078    .text.UART_DMAAbortOnError  stm32g0xx_hal_uart.o
    0x08006248   0x08006248   0x0000007e   Code   RO         1034    .text.UART_DMAError  stm32g0xx_hal_uart.o
    0x080062c6   0x080062c6   0x00000116   Code   RO         1124    .text.UART_DMAReceiveCplt  stm32g0xx_hal_uart.o
    0x080063dc   0x080063dc   0x00000036   Code   RO         1126    .text.UART_DMARxHalfCplt  stm32g0xx_hal_uart.o
    0x08006412   0x08006412   0x00000002   PAD
    0x08006414   0x08006414   0x000000b8   Code   RO         1048    .text.UART_EndRxTransfer  stm32g0xx_hal_uart.o
    0x080064cc   0x080064cc   0x0000004c   Code   RO         1084    .text.UART_EndTransmit_IT  stm32g0xx_hal_uart.o
    0x08006518   0x08006518   0x0000006c   Code   RO         1046    .text.UART_EndTxTransfer  stm32g0xx_hal_uart.o
    0x08006584   0x08006584   0x000002cc   Code   RO          994    .text.UART_SetConfig  stm32g0xx_hal_uart.o
    0x08006850   0x08006850   0x0000013c   Code   RO         1038    .text.UART_Start_Receive_DMA  stm32g0xx_hal_uart.o
    0x0800698c   0x0800698c   0x00000108   Code   RO         1010    .text.UART_WaitOnFlagUntilTimeout  stm32g0xx_hal_uart.o
    0x08006a94   0x08006a94   0x0000000c   Code   RO          102    .text.USART2_IRQHandler  stm32g0xx_it.o
    0x08006aa0   0x08006aa0   0x00000054   Code   RO          142    .text.UartGetChar   bsp_uart_dma.o
    0x08006af4   0x08006af4   0x00000024   Code   RO          130    .text.UartVarInit   bsp_uart_dma.o
    0x08006b18   0x08006b18   0x0000002c   Code   RO          715    .text.__NVIC_EnableIRQ  stm32g0xx_hal_cortex.o
    0x08006b44   0x08006b44   0x00000084   Code   RO          711    .text.__NVIC_SetPriority  stm32g0xx_hal_cortex.o
    0x08006bc8   0x08006bc8   0x0000000a   Code   RO         1326    .text.__perf_counter_init  perf_counter.o
    0x08006bd2   0x08006bd2   0x00000002   Code   RO         1316    .text.__perf_os_patch_init  perf_counter.o
    0x08006bd4   0x08006bd4   0x000000a2   Code   RO         1348    .text.__perfc_is_time_out  perf_counter.o
    0x08006c76   0x08006c76   0x00000016   Code   RO          119    .text.bsp_Init      bsp.o
    0x08006c8c   0x08006c8c   0x0000000c   Code   RO          128    .text.bsp_InitUart  bsp_uart_dma.o
    0x08006c98   0x08006c98   0x0000001c   Code   RO          180    .text.bsp_i2c_Init  bsp_i2c_slave.o
    0x08006cb4   0x08006cb4   0x00000014   Code   RO          161    .text.bsp_spi_AD7606_Init  bsp_spi_ad7606.o
    0x08006cc8   0x08006cc8   0x00000040   Code   RO         1332    .text.check_systick  perf_counter.o
    0x08006d08   0x08006d08   0x0000003a   Code   RO          140    .text.comGetChar    bsp_uart_dma.o
    0x08006d42   0x08006d42   0x00000002   PAD
    0x08006d44   0x08006d44   0x00000020   Code   RO          150    .text.fputc         bsp_uart_dma.o
    0x08006d64   0x08006d64   0x00000074   Code   RO         1320    .text.get_system_ticks  perf_counter.o
    0x08006dd8   0x08006dd8   0x00000090   Code   RO         1322    .text.init_cycle_counter  perf_counter.o
    0x08006e68   0x08006e68   0x0000003c   Code   RO           11    .text.main          main.o
    0x08006ea4   0x08006ea4   0x00000040   Code   RO         1342    .text.perfc_convert_ms_to_ticks  perf_counter.o
    0x08006ee4   0x08006ee4   0x0000000c   Code   RO         1416    .text.perfc_port_clear_system_timer_ovf_pending  perfc_port_default.o
    0x08006ef0   0x08006ef0   0x0000001a   Code   RO         1310    .text.perfc_port_disable_global_interrupt  perf_counter.o
    0x08006f0a   0x08006f0a   0x0000001a   Code   RO         1404    .text.perfc_port_disable_global_interrupt  perfc_port_default.o
    0x08006f24   0x08006f24   0x00000010   Code   RO         1414    .text.perfc_port_get_system_timer_elapsed  perfc_port_default.o
    0x08006f34   0x08006f34   0x0000000c   Code   RO         1408    .text.perfc_port_get_system_timer_freq  perfc_port_default.o
    0x08006f40   0x08006f40   0x00000008   Code   RO         1412    .text.perfc_port_get_system_timer_top  perfc_port_default.o
    0x08006f48   0x08006f48   0x00000068   Code   RO         1402    .text.perfc_port_init_system_timer  perfc_port_default.o
    0x08006fb0   0x08006fb0   0x00000130   Code   RO         1308    .text.perfc_port_insert_to_system_timer_insert_ovf_handler  perf_counter.o
    0x080070e0   0x080070e0   0x00000014   Code   RO         1410    .text.perfc_port_is_system_timer_ovf_pending  perfc_port_default.o
    0x080070f4   0x080070f4   0x00000012   Code   RO         1312    .text.perfc_port_resume_global_interrupt  perf_counter.o
    0x08007106   0x08007106   0x00000012   Code   RO         1406    .text.perfc_port_resume_global_interrupt  perfc_port_default.o
    0x08007118   0x08007118   0x0000006c   Code   RO          186    .text.process_data  bsp_i2c_slave.o
    0x08007184   0x08007184   0x00000088   Code   RO         1318    .text.update_perf_counter  perf_counter.o
    0x0800720c   0x0800720c   0x00000020   Code   RO         1477    i.__0printf         mc_p.l(printfa.o)
    0x0800722c   0x0800722c   0x0000002e   Code   RO         1569    i.__ARM_clz         mf_p.l(depilogue.o)
    0x0800725a   0x0800725a   0x0000000e   Code   RO         1585    i.__scatterload_copy  mc_p.l(handlers.o)
    0x08007268   0x08007268   0x00000002   Code   RO         1586    i.__scatterload_null  mc_p.l(handlers.o)
    0x0800726a   0x0800726a   0x0000000e   Code   RO         1587    i.__scatterload_zeroinit  mc_p.l(handlers.o)
    0x08007278   0x08007278   0x00000174   Code   RO         1484    i._fp_digits        mc_p.l(printfa.o)
    0x080073ec   0x080073ec   0x000006ec   Code   RO         1485    i._printf_core      mc_p.l(printfa.o)
    0x08007ad8   0x08007ad8   0x00000020   Code   RO         1486    i._printf_post_padding  mc_p.l(printfa.o)
    0x08007af8   0x08007af8   0x0000002c   Code   RO         1487    i._printf_pre_padding  mc_p.l(printfa.o)
    0x08007b24   0x08007b24   0x00000040   Data   RO         1186    .rodata.AHBPrescTable  system_stm32g0xx.o
    0x08007b64   0x08007b64   0x00000020   Data   RO         1187    .rodata.APBPrescTable  system_stm32g0xx.o
    0x08007b84   0x08007b84   0x00000018   Data   RO         1128    .rodata.UARTPrescTable  stm32g0xx_hal_uart.o
    0x08007b9c   0x08007b9c   0x00000008   Data   RO           17    .rodata.str1.1      main.o
    0x08007ba4   0x08007ba4   0x0000002e   Data   RO          234    .rodata.str1.1      app_spi_ad7606.o
    0x08007bd2   0x08007bd2   0x00000002   PAD
    0x08007bd4   0x08007bd4   0x00000020   Data   RO         1584    Region$$Table       anon$$obj.o
    0x08007bf4   0x08007bf4   0x00000004   Data   RO         1394    .init_array         perf_counter.o
    0x08007bf8   0x08007bf4   0x00000000   Data   RO         1505    .init_array         mc_p.l(cpp_init.o)


    Execution Region RW_IRAM1 (Exec base: 0x20000000, Load base: 0x08007bf8, Size: 0x00000bf0, Max: 0x00002000, ABSOLUTE)

    Exec Addr    Load Addr    Size         Type   Attr      Idx    E Section Name        Object

    0x20000000   0x08007bf8   0x00000004   Data   RW         1547    .data               mc_p.l(stdout.o)
    0x20000004   0x08007bfc   0x00000004   Data   RW          233    .data.PSD_L         app_spi_ad7606.o
    0x20000008   0x08007c00   0x00000004   Data   RW         1185    .data.SystemCoreClock  system_stm32g0xx.o
    0x2000000c   0x08007c04   0x00000001   Data   RW          171    .data.g_obs         bsp_spi_ad7606.o
    0x2000000d   0x08007c05   0x00000003   PAD
    0x20000010   0x08007c08   0x00000008   Data   RW          229    .data.lpf_x         app_spi_ad7606.o
    0x20000018   0x08007c10   0x00000008   Data   RW          230    .data.lpf_y         app_spi_ad7606.o
    0x20000020   0x08007c18   0x00000004   Data   RW         1386    .data.s_wMSUnit     perf_counter.o
    0x20000024   0x08007c1c   0x00000004   Data   RW         1389    .data.s_wUSUnit     perf_counter.o
    0x20000028   0x08007c20   0x00000001   Data   RW          827    .data.uwTickFreq    stm32g0xx_hal.o
    0x20000029   0x08007c21   0x00000003   PAD
    0x2000002c   0x08007c24   0x00000004   Data   RW          826    .data.uwTickPrio    stm32g0xx_hal.o
    0x20000030        -       0x00000008   Zero   RW          226    .bss.Demo_spi_AD7606.__s_lTimestamp54  app_spi_ad7606.o
    0x20000038        -       0x00000008   Zero   RW          227    .bss.Demo_spi_AD7606.__s_lTimestamp60  app_spi_ad7606.o
    0x20000040        -       0x00000100   Zero   RW          198    .bss.I2C_REGISTERS  bsp_i2c_slave.o
    0x20000140        -       0x0000000b   Zero   RW          204    .bss.RxData         bsp_i2c_slave.o
    0x2000014b   0x08007c28   0x00000001   PAD
    0x2000014c        -       0x00000004   Zero   RW          231    .bss.coordinate_x   app_spi_ad7606.o
    0x20000150        -       0x00000004   Zero   RW          232    .bss.coordinate_y   app_spi_ad7606.o
    0x20000154        -       0x00000004   Zero   RW          201    .bss.countAddr      bsp_i2c_slave.o
    0x20000158        -       0x00000004   Zero   RW          203    .bss.countError     bsp_i2c_slave.o
    0x2000015c   0x08007c28   0x00000004   PAD
    0x20000160        -       0x00000008   Zero   RW         1297    .bss.dfCoremarkScore  core_main.o
    0x20000168        -       0x00000008   Zero   RW         1383    .bss.g_lLastTimeStamp  perf_counter.o
    0x20000170        -       0x00000004   Zero   RW         1382    .bss.g_nOffset      perf_counter.o
    0x20000174        -       0x0000005c   Zero   RW           77    .bss.hdma_usart2_rx  usart.o
    0x200001d0        -       0x0000005c   Zero   RW           78    .bss.hdma_usart2_tx  usart.o
    0x2000022c        -       0x00000054   Zero   RW           48    .bss.hi2c1          i2c.o
    0x20000280        -       0x00000064   Zero   RW           62    .bss.hspi1          spi.o
    0x200002e4        -       0x00000094   Zero   RW           76    .bss.huart2         usart.o
    0x20000378        -       0x00000001   Zero   RW          205    .bss.rxCount        bsp_i2c_slave.o
    0x20000379        -       0x00000400   Zero   RW          153    .bss.s_RxBuf2       bsp_uart_dma.o
    0x20000779   0x08007c28   0x00000001   PAD
    0x2000077a        -       0x00000010   Zero   RW          172    .bss.s_adc_now      bsp_spi_ad7606.o
    0x2000078a        -       0x00000010   Zero   RW          228    .bss.s_dat          app_spi_ad7606.o
    0x2000079a   0x08007c28   0x00000006   PAD
    0x200007a0        -       0x00000008   Zero   RW         1391    .bss.s_lOldTimestamp  perf_counter.o
    0x200007a8        -       0x00000008   Zero   RW         1393    .bss.s_lOldTimestampMS  perf_counter.o
    0x200007b0        -       0x00000008   Zero   RW         1392    .bss.s_lOldTimestampUS  perf_counter.o
    0x200007b8        -       0x00000008   Zero   RW         1384    .bss.s_lSystemClockCounts  perf_counter.o
    0x200007c0        -       0x00000008   Zero   RW         1387    .bss.s_lSystemMS    perf_counter.o
    0x200007c8        -       0x00000008   Zero   RW         1390    .bss.s_lSystemUS    perf_counter.o
    0x200007d0        -       0x00000010   Zero   RW          152    .bss.s_tUart2       bsp_uart_dma.o
    0x200007e0        -       0x00000004   Zero   RW         1385    .bss.s_wMSResidule  perf_counter.o
    0x200007e4        -       0x00000004   Zero   RW         1388    .bss.s_wUSResidule  perf_counter.o
    0x200007e8        -       0x00000001   Zero   RW          200    .bss.startPos       bsp_i2c_slave.o
    0x200007e9        -       0x00000001   Zero   RW          206    .bss.txCount        bsp_i2c_slave.o
    0x200007ea   0x08007c28   0x00000002   PAD
    0x200007ec        -       0x00000004   Zero   RW          828    .bss.uwTick         stm32g0xx_hal.o
    0x200007f0        -       0x00000400   Zero   RW            1    STACK               startup_stm32g030xx.o


==============================================================================

Image component sizes


      Code (inc. data)   RO Data    RW Data    ZI Data      Debug   Object Name

       824         44         46         20         40       3124   app_spi_ad7606.o
        22          0          0          0          0        373   bsp.o
       572         76          0          0        278       5707   bsp_i2c_slave.o
       294         12          0          1         16       2014   bsp_spi_ad7606.o
       470         28          0          0       1040       6309   bsp_uart_dma.o
         0          0          0          0          8       5571   core_main.o
        72          4          0          0          0       1840   dma.o
       144          4          0          0          0       1965   gpio.o
       292         28          0          0         84       6176   i2c.o
       208          4          8          0          0       2146   main.o
      1046         52          4          8         68      10320   perf_counter.o
       216         24          0          0          0       3140   perfc_port_default.o
       204         20          0          0        100       5035   spi.o
        28          8        192          0       1024        604   startup_stm32g030xx.o
       288         24          0          5          4       6489   stm32g0xx_hal.o
       322         24          0          0          0       6336   stm32g0xx_hal_cortex.o
      1526         32          0          0          0       7344   stm32g0xx_hal_dma.o
       850         32          0          0          0       4401   stm32g0xx_hal_gpio.o
      7086        112          0          0          0      38384   stm32g0xx_hal_i2c.o
       310          0          0          0          0       5879   stm32g0xx_hal_i2c_ex.o
        56          4          0          0          0       1293   stm32g0xx_hal_msp.o
       124         12          0          0          0       3999   stm32g0xx_hal_pwr_ex.o
      2644        124          0          0          0       8924   stm32g0xx_hal_rcc.o
       552         16          0          0          0       5394   stm32g0xx_hal_rcc_ex.o
      2966         12          0          0          0      21621   stm32g0xx_hal_spi.o
      4856        160         24          0          0      41140   stm32g0xx_hal_uart.o
       258          0          0          0          0       9804   stm32g0xx_hal_uart_ex.o
       104         12          0          0          0       1116   stm32g0xx_it.o
         2          0         96          4          0       1886   system_stm32g0xx.o
        28          8          0          0          0        525   systick_wrapper_gnu.o
       356         36          0          0        332       6143   usart.o

    ----------------------------------------------------------------------
     26752        912        404         44       3008     225002   Object Totals
         0          0         32          0          0          0   (incl. Generated)
        32          0          2          6         14          0   (incl. Padding)

    ----------------------------------------------------------------------

      Code (inc. data)   RO Data    RW Data    ZI Data      Debug   Library Member Name

        40          8          0          0          0         72   cpp_init.o
         0          0          0          0          0          0   entry.o
         0          0          0          0          0          0   entry10a.o
         0          0          0          0          0          0   entry11a.o
         8          4          0          0          0          0   entry2.o
         4          0          0          0          0          0   entry5.o
         0          0          0          0          0          0   entry7b.o
         4          0          0          0          0          0   entry8a.o
         0          0          0          0          0          0   entry8b.o
         8          4          0          0          0          0   entry9a.o
        30          0          0          0          0          0   handlers.o
        48         10          0          0          0         68   init.o
         0          0          0          0          0          0   iusefp.o
        76          0          0          0          0         76   ldiv.o
        48          0          0          0          0         72   llmul.o
        32          0          0          0          0         68   llshl.o
        38          0          0          0          0         68   llsshr.o
        34          0          0          0          0         68   llushr.o
        36          0          0          0          0        100   memseta.o
      2252         98          0          0          0        412   printfa.o
         0          0          0          4          0          0   stdout.o
        62          0          0          0          0         72   uidiv_div0.o
        96          0          0          0          0         84   uldiv.o
        40          2          0          0          0         68   cdrcmple.o
       356          4          0          0          0        140   dadd.o
       240          6          0          0          0         84   ddiv.o
       236          0          0          0          0        216   depilogue.o
        64         10          0          0          0         68   dfixul.o
       208          6          0          0          0         88   dmul.o
        40          0          0          0          0         60   f2d.o
       178          0          0          0          0        108   fadd.o
       124          0          0          0          0         72   fdiv.o
       130          0          0          0          0        144   fepilogue.o
        22          0          0          0          0         68   fflti.o
       122          0          0          0          0         72   fmul.o

    ----------------------------------------------------------------------
      4580        152          0          4          0       2348   Library Totals
         4          0          0          0          0          0   (incl. Padding)

    ----------------------------------------------------------------------

      Code (inc. data)   RO Data    RW Data    ZI Data      Debug   Library Name

      2816        124          0          4          0       1160   mc_p.l
      1760         28          0          0          0       1188   mf_p.l

    ----------------------------------------------------------------------
      4580        152          0          4          0       2348   Library Totals

    ----------------------------------------------------------------------

==============================================================================


      Code (inc. data)   RO Data    RW Data    ZI Data      Debug   

     31332       1064        404         48       3008     225810   Grand Totals
     31332       1064        404         48       3008     225810   ELF Image Totals
     31332       1064        404         48          0          0   ROM Totals

==============================================================================

    Total RO  Size (Code + RO Data)                31736 (  30.99kB)
    Total RW  Size (RW Data + ZI Data)              3056 (   2.98kB)
    Total ROM Size (Code + RO Data + RW Data)      31784 (  31.04kB)

==============================================================================

