Component: ARM Compiler 5.06 update 7 (build 960) Tool: armlink [4d3601]

==============================================================================

Section Cross References

    uart.o(.text) refers to stm32f10x_gpio.o(.text) for GPIO_Init
    uart.o(.text) refers to stm32f10x_usart.o(.text) for USART_Init
    uart.o(.text) refers to misc.o(.text) for NVIC_Init
    uart.o(.text) refers to uart.o(.data) for tail
    uart.o(.text) refers to uart.o(.bss) for uartBuf
    sc.o(.text) refers to scserail.o(.text) for writeSC
    sc.o(.text) refers to sc.o(.data) for End
    sc.o(.text) refers to malloc.o(i.malloc) for malloc
    sc.o(.text) refers to malloc.o(i.free) for free
    scserail.o(.text) refers to uart.o(.text) for Uart_Read
    scserail.o(.text) refers to scserail.o(.data) for IOTimeOut
    scserail.o(.text) refers to scserail.o(.bss) for wBuf
    st.o(.text) refers to sc.o(.text) for Host2SC
    st.o(.text) refers to st.o(.data) for Err
    st.o(.text) refers to st.o(.bss) for Mem
    stm32f10x_adc.o(.text) refers to stm32f10x_rcc.o(.text) for RCC_APB2PeriphResetCmd
    stm32f10x_bkp.o(.text) refers to stm32f10x_rcc.o(.text) for RCC_BackupResetCmd
    stm32f10x_can.o(.text) refers to stm32f10x_rcc.o(.text) for RCC_APB1PeriphResetCmd
    stm32f10x_cec.o(.text) refers to stm32f10x_rcc.o(.text) for RCC_APB1PeriphResetCmd
    stm32f10x_dac.o(.text) refers to stm32f10x_rcc.o(.text) for RCC_APB1PeriphResetCmd
    stm32f10x_gpio.o(.text) refers to stm32f10x_rcc.o(.text) for RCC_APB2PeriphResetCmd
    stm32f10x_i2c.o(.text) refers to stm32f10x_rcc.o(.text) for RCC_APB1PeriphResetCmd
    stm32f10x_pwr.o(.text) refers to stm32f10x_rcc.o(.text) for RCC_APB1PeriphResetCmd
    stm32f10x_rcc.o(.text) refers to stm32f10x_rcc.o(.data) for APBAHBPrescTable
    stm32f10x_spi.o(.text) refers to stm32f10x_rcc.o(.text) for RCC_APB2PeriphResetCmd
    stm32f10x_tim.o(.text) refers to stm32f10x_rcc.o(.text) for RCC_APB2PeriphResetCmd
    stm32f10x_usart.o(.text) refers to stm32f10x_rcc.o(.text) for RCC_APB2PeriphResetCmd
    stm32f10x_wwdg.o(.text) refers to stm32f10x_rcc.o(.text) for RCC_APB1PeriphResetCmd
    system_stm32f10x.o(.text) refers to system_stm32f10x.o(.data) for SystemCoreClock
    startup_stm32f10x_md.o(RESET) refers to startup_stm32f10x_md.o(STACK) for __initial_sp
    startup_stm32f10x_md.o(RESET) refers to startup_stm32f10x_md.o(.text) for Reset_Handler
    startup_stm32f10x_md.o(RESET) refers to wiring.o(.text) for SysTick_Handler
    startup_stm32f10x_md.o(RESET) refers to uart.o(.text) for USART2_IRQHandler
    startup_stm32f10x_md.o(.text) refers to system_stm32f10x.o(.text) for SystemInit
    startup_stm32f10x_md.o(.text) refers to entry.o(.ARM.Collect$$$$00000000) for __main
    writepos.o(.text) refers to uart.o(.text) for Uart_Init
    writepos.o(.text) refers to wiring.o(.text) for delay
    writepos.o(.text) refers to st.o(.text) for WritePosEx
    main.o(.text) refers to stm32f10x_rcc.o(.text) for RCC_APB2PeriphClockCmd
    main.o(.text) refers to misc.o(.text) for NVIC_PriorityGroupConfig
    main.o(.text) refers to writepos.o(.text) for setup
    main.o(.text) refers to system_stm32f10x.o(.data) for SystemCoreClock
    wiring.o(.text) refers to wiring.o(.data) for TimingMillis
    entry.o(.ARM.Collect$$$$00000000) refers (Special) to entry10a.o(.ARM.Collect$$$$0000000F) for __rt_final_cpp
    entry.o(.ARM.Collect$$$$00000000) refers (Special) to entry11a.o(.ARM.Collect$$$$00000011) for __rt_final_exit
    entry.o(.ARM.Collect$$$$00000000) refers (Special) to entry12b.o(.ARM.Collect$$$$0000000E) for __rt_lib_shutdown_fini
    entry.o(.ARM.Collect$$$$00000000) refers (Special) to entry7b.o(.ARM.Collect$$$$00000008) for _main_clock
    entry.o(.ARM.Collect$$$$00000000) refers (Special) to entry8b.o(.ARM.Collect$$$$0000000A) for _main_cpp_init
    entry.o(.ARM.Collect$$$$00000000) refers (Special) to entry9a.o(.ARM.Collect$$$$0000000B) for _main_init
    entry.o(.ARM.Collect$$$$00000000) refers (Special) to entry5.o(.ARM.Collect$$$$00000004) for _main_scatterload
    entry.o(.ARM.Collect$$$$00000000) refers (Special) to entry2.o(.ARM.Collect$$$$00000001) for _main_stk
    malloc.o(i.free) refers to mvars.o(.data) for __microlib_freelist
    malloc.o(i.malloc) refers to mvars.o(.data) for __microlib_freelist_initialised
    malloc.o(i.malloc) refers to mvars.o(.data) for __microlib_freelist
    malloc.o(i.malloc) refers to startup_stm32f10x_md.o(HEAP) for __heap_base
    mallocr.o(i.__free$realloc) refers to mvars.o(.data) for __microlib_freelist
    mallocr.o(i.__malloc$realloc) refers to mallocr.o(i.internal_alloc) for internal_alloc
    mallocr.o(i.__malloc$realloc) refers to mvars.o(.data) for __microlib_freelist_initialised
    mallocr.o(i.__malloc$realloc) refers to startup_stm32f10x_md.o(HEAP) for __heap_base
    mallocr.o(i.__malloc$realloc) refers to mvars.o(.data) for __microlib_freelist
    mallocr.o(i.internal_alloc) refers to memcpya.o(.text) for __aeabi_memcpy
    mallocr.o(i.internal_alloc) refers to mvars.o(.data) for __microlib_freelist
    mallocr.o(i.realloc) refers to mallocr.o(i.__free$realloc) for __free$realloc
    mallocr.o(i.realloc) refers to mallocr.o(i.internal_alloc) for internal_alloc
    mallocr.o(i.realloc) refers to mallocr.o(i.__malloc$realloc) for __malloc$realloc
    mallocr.o(i.realloc) refers to mvars.o(.data) for __microlib_freelist
    malloca.o(i.__aligned_malloc) refers to mvars.o(.data) for __microlib_freelist_initialised
    malloca.o(i.__aligned_malloc) refers to mvars.o(.data) for __microlib_freelist
    malloca.o(i.__aligned_malloc) refers to startup_stm32f10x_md.o(HEAP) for __heap_base
    malloca.o(i.__free$memalign) refers to mvars.o(.data) for __microlib_freelist
    malloca.o(i.__malloc$memalign) refers to malloca.o(i.__aligned_malloc) for __aligned_malloc
    mallocra.o(i.__aligned_malloc$realloc) refers to mallocra.o(i.internal_alloc) for internal_alloc
    mallocra.o(i.__aligned_malloc$realloc) refers to mvars.o(.data) for __microlib_freelist_initialised
    mallocra.o(i.__aligned_malloc$realloc) refers to startup_stm32f10x_md.o(HEAP) for __heap_base
    mallocra.o(i.__aligned_malloc$realloc) refers to mvars.o(.data) for __microlib_freelist
    mallocra.o(i.__free$realloc$memalign) refers to mvars.o(.data) for __microlib_freelist
    mallocra.o(i.__malloc$realloc$memalign) refers to mallocra.o(i.__aligned_malloc$realloc) for __aligned_malloc$realloc
    mallocra.o(i.__realloc$memalign) refers to mallocra.o(i.__free$realloc$memalign) for __free$realloc$memalign
    mallocra.o(i.__realloc$memalign) refers to mallocra.o(i.internal_alloc) for internal_alloc
    mallocra.o(i.__realloc$memalign) refers to mallocra.o(i.__malloc$realloc$memalign) for __malloc$realloc$memalign
    mallocra.o(i.__realloc$memalign) refers to mvars.o(.data) for __microlib_freelist
    mallocra.o(i.internal_alloc) refers to memcpya.o(.text) for __aeabi_memcpy
    mallocra.o(i.internal_alloc) refers to mvars.o(.data) for __microlib_freelist
    entry2.o(.ARM.Collect$$$$00000001) refers to entry2.o(.ARM.Collect$$$$00002712) for __lit__00000000
    entry2.o(.ARM.Collect$$$$00002712) refers to startup_stm32f10x_md.o(STACK) for __initial_sp
    entry2.o(__vectab_stack_and_reset_area) refers to startup_stm32f10x_md.o(STACK) for __initial_sp
    entry2.o(__vectab_stack_and_reset_area) refers to entry.o(.ARM.Collect$$$$00000000) for __main
    entry5.o(.ARM.Collect$$$$00000004) refers to init.o(.text) for __scatterload
    entry9a.o(.ARM.Collect$$$$0000000B) refers to main.o(.text) for main
    entry9b.o(.ARM.Collect$$$$0000000C) refers to main.o(.text) for main
    init.o(.text) refers to entry5.o(.ARM.Collect$$$$00000004) for __main_after_scatterload


==============================================================================

Removing Unused input sections from the image.

    Removing stm32f10x_adc.o(.text), (1102 bytes).
    Removing stm32f10x_bkp.o(.text), (196 bytes).
    Removing stm32f10x_can.o(.text), (2544 bytes).
    Removing stm32f10x_cec.o(.text), (288 bytes).
    Removing stm32f10x_crc.o(.text), (72 bytes).
    Removing stm32f10x_dac.o(.text), (396 bytes).
    Removing stm32f10x_dbgmcu.o(.text), (48 bytes).
    Removing stm32f10x_dma.o(.text), (596 bytes).
    Removing stm32f10x_exti.o(.text), (284 bytes).
    Removing stm32f10x_flash.o(.text), (1468 bytes).
    Removing stm32f10x_fsmc.o(.text), (1548 bytes).
    Removing stm32f10x_i2c.o(.text), (1028 bytes).
    Removing stm32f10x_iwdg.o(.text), (64 bytes).
    Removing stm32f10x_pwr.o(.text), (204 bytes).
    Removing stm32f10x_rtc.o(.text), (328 bytes).
    Removing stm32f10x_sdio.o(.text), (468 bytes).
    Removing stm32f10x_spi.o(.text), (780 bytes).
    Removing stm32f10x_tim.o(.text), (3610 bytes).
    Removing stm32f10x_wwdg.o(.text), (136 bytes).

19 unused section(s) (total 15160 bytes) removed from the image.

==============================================================================

Image Symbol Table

    Local Symbols

    Symbol Name                              Value     Ov Type        Size  Object(Section)

    ../clib/microlib/init/entry.s            0x00000000   Number         0  entry12b.o ABSOLUTE
    ../clib/microlib/init/entry.s            0x00000000   Number         0  entry8b.o ABSOLUTE
    ../clib/microlib/init/entry.s            0x00000000   Number         0  entry8a.o ABSOLUTE
    ../clib/microlib/init/entry.s            0x00000000   Number         0  entry12a.o ABSOLUTE
    ../clib/microlib/init/entry.s            0x00000000   Number         0  entry7b.o ABSOLUTE
    ../clib/microlib/init/entry.s            0x00000000   Number         0  entry.o ABSOLUTE
    ../clib/microlib/init/entry.s            0x00000000   Number         0  entry9b.o ABSOLUTE
    ../clib/microlib/init/entry.s            0x00000000   Number         0  entry11b.o ABSOLUTE
    ../clib/microlib/init/entry.s            0x00000000   Number         0  entry11a.o ABSOLUTE
    ../clib/microlib/init/entry.s            0x00000000   Number         0  entry7a.o ABSOLUTE
    ../clib/microlib/init/entry.s            0x00000000   Number         0  entry10b.o ABSOLUTE
    ../clib/microlib/init/entry.s            0x00000000   Number         0  entry10a.o ABSOLUTE
    ../clib/microlib/init/entry.s            0x00000000   Number         0  entry5.o ABSOLUTE
    ../clib/microlib/init/entry.s            0x00000000   Number         0  entry2.o ABSOLUTE
    ../clib/microlib/init/entry.s            0x00000000   Number         0  entry9a.o ABSOLUTE
    ../clib/microlib/malloc/malloc.c         0x00000000   Number         0  malloc.o ABSOLUTE
    ../clib/microlib/malloc/malloc.c         0x00000000   Number         0  mallocra.o ABSOLUTE
    ../clib/microlib/malloc/malloc.c         0x00000000   Number         0  malloca.o ABSOLUTE
    ../clib/microlib/malloc/malloc.c         0x00000000   Number         0  mallocr.o ABSOLUTE
    ../clib/microlib/malloc/mvars.c          0x00000000   Number         0  mvars.o ABSOLUTE
    ../clib/microlib/string/memcpy.c         0x00000000   Number         0  memcpyb.o ABSOLUTE
    ../clib/microlib/string/memcpy.c         0x00000000   Number         0  memcpya.o ABSOLUTE
    ..\SCSLib\SC.c                           0x00000000   Number         0  sc.o ABSOLUTE
    ..\SCSLib\SCSerail.c                     0x00000000   Number         0  scserail.o ABSOLUTE
    ..\SCSLib\ST.c                           0x00000000   Number         0  st.o ABSOLUTE
    ..\SCSLib\uart.c                         0x00000000   Number         0  uart.o ABSOLUTE
    ..\STM32F10x\STM32F10x_StdPeriph_Driver\src\misc.c 0x00000000   Number         0  misc.o ABSOLUTE
    ..\STM32F10x\STM32F10x_StdPeriph_Driver\src\stm32f10x_adc.c 0x00000000   Number         0  stm32f10x_adc.o ABSOLUTE
    ..\STM32F10x\STM32F10x_StdPeriph_Driver\src\stm32f10x_bkp.c 0x00000000   Number         0  stm32f10x_bkp.o ABSOLUTE
    ..\STM32F10x\STM32F10x_StdPeriph_Driver\src\stm32f10x_can.c 0x00000000   Number         0  stm32f10x_can.o ABSOLUTE
    ..\STM32F10x\STM32F10x_StdPeriph_Driver\src\stm32f10x_cec.c 0x00000000   Number         0  stm32f10x_cec.o ABSOLUTE
    ..\STM32F10x\STM32F10x_StdPeriph_Driver\src\stm32f10x_crc.c 0x00000000   Number         0  stm32f10x_crc.o ABSOLUTE
    ..\STM32F10x\STM32F10x_StdPeriph_Driver\src\stm32f10x_dac.c 0x00000000   Number         0  stm32f10x_dac.o ABSOLUTE
    ..\STM32F10x\STM32F10x_StdPeriph_Driver\src\stm32f10x_dbgmcu.c 0x00000000   Number         0  stm32f10x_dbgmcu.o ABSOLUTE
    ..\STM32F10x\STM32F10x_StdPeriph_Driver\src\stm32f10x_dma.c 0x00000000   Number         0  stm32f10x_dma.o ABSOLUTE
    ..\STM32F10x\STM32F10x_StdPeriph_Driver\src\stm32f10x_exti.c 0x00000000   Number         0  stm32f10x_exti.o ABSOLUTE
    ..\STM32F10x\STM32F10x_StdPeriph_Driver\src\stm32f10x_flash.c 0x00000000   Number         0  stm32f10x_flash.o ABSOLUTE
    ..\STM32F10x\STM32F10x_StdPeriph_Driver\src\stm32f10x_fsmc.c 0x00000000   Number         0  stm32f10x_fsmc.o ABSOLUTE
    ..\STM32F10x\STM32F10x_StdPeriph_Driver\src\stm32f10x_gpio.c 0x00000000   Number         0  stm32f10x_gpio.o ABSOLUTE
    ..\STM32F10x\STM32F10x_StdPeriph_Driver\src\stm32f10x_i2c.c 0x00000000   Number         0  stm32f10x_i2c.o ABSOLUTE
    ..\STM32F10x\STM32F10x_StdPeriph_Driver\src\stm32f10x_iwdg.c 0x00000000   Number         0  stm32f10x_iwdg.o ABSOLUTE
    ..\STM32F10x\STM32F10x_StdPeriph_Driver\src\stm32f10x_pwr.c 0x00000000   Number         0  stm32f10x_pwr.o ABSOLUTE
    ..\STM32F10x\STM32F10x_StdPeriph_Driver\src\stm32f10x_rcc.c 0x00000000   Number         0  stm32f10x_rcc.o ABSOLUTE
    ..\STM32F10x\STM32F10x_StdPeriph_Driver\src\stm32f10x_rtc.c 0x00000000   Number         0  stm32f10x_rtc.o ABSOLUTE
    ..\STM32F10x\STM32F10x_StdPeriph_Driver\src\stm32f10x_sdio.c 0x00000000   Number         0  stm32f10x_sdio.o ABSOLUTE
    ..\STM32F10x\STM32F10x_StdPeriph_Driver\src\stm32f10x_spi.c 0x00000000   Number         0  stm32f10x_spi.o ABSOLUTE
    ..\STM32F10x\STM32F10x_StdPeriph_Driver\src\stm32f10x_tim.c 0x00000000   Number         0  stm32f10x_tim.o ABSOLUTE
    ..\STM32F10x\STM32F10x_StdPeriph_Driver\src\stm32f10x_usart.c 0x00000000   Number         0  stm32f10x_usart.o ABSOLUTE
    ..\STM32F10x\STM32F10x_StdPeriph_Driver\src\stm32f10x_wwdg.c 0x00000000   Number         0  stm32f10x_wwdg.o ABSOLUTE
    ..\STM32F10x\STM32F10x_StdPeriph_Driver\src\system_stm32f10x.c 0x00000000   Number         0  system_stm32f10x.o ABSOLUTE
    ..\STM32F10x\startup\startup_stm32f10x_md.s 0x00000000   Number         0  startup_stm32f10x_md.o ABSOLUTE
    ..\examples\WritePos.c                   0x00000000   Number         0  writepos.o ABSOLUTE
    ..\examples\main.c                       0x00000000   Number         0  main.o ABSOLUTE
    ..\examples\wiring.c                     0x00000000   Number         0  wiring.o ABSOLUTE
    dc.s                                     0x00000000   Number         0  dc.o ABSOLUTE
    handlers.s                               0x00000000   Number         0  handlers.o ABSOLUTE
    init.s                                   0x00000000   Number         0  init.o ABSOLUTE
    RESET                                    0x08000000   Section      236  startup_stm32f10x_md.o(RESET)
    .ARM.Collect$$$$00000000                 0x080000ec   Section        0  entry.o(.ARM.Collect$$$$00000000)
    .ARM.Collect$$$$00000001                 0x080000ec   Section        4  entry2.o(.ARM.Collect$$$$00000001)
    .ARM.Collect$$$$00000004                 0x080000f0   Section        4  entry5.o(.ARM.Collect$$$$00000004)
    .ARM.Collect$$$$00000008                 0x080000f4   Section        0  entry7b.o(.ARM.Collect$$$$00000008)
    .ARM.Collect$$$$0000000A                 0x080000f4   Section        0  entry8b.o(.ARM.Collect$$$$0000000A)
    .ARM.Collect$$$$0000000B                 0x080000f4   Section        8  entry9a.o(.ARM.Collect$$$$0000000B)
    .ARM.Collect$$$$0000000E                 0x080000fc   Section        4  entry12b.o(.ARM.Collect$$$$0000000E)
    .ARM.Collect$$$$0000000F                 0x08000100   Section        0  entry10a.o(.ARM.Collect$$$$0000000F)
    .ARM.Collect$$$$00000011                 0x08000100   Section        0  entry11a.o(.ARM.Collect$$$$00000011)
    .ARM.Collect$$$$00002712                 0x08000100   Section        4  entry2.o(.ARM.Collect$$$$00002712)
    __lit__00000000                          0x08000100   Data           4  entry2.o(.ARM.Collect$$$$00002712)
    .text                                    0x08000104   Section        0  uart.o(.text)
    .text                                    0x08000250   Section        0  sc.o(.text)
    .text                                    0x08000938   Section        0  scserail.o(.text)
    .text                                    0x08000a48   Section        0  st.o(.text)
    .text                                    0x08000e44   Section        0  misc.o(.text)
    .text                                    0x08000f20   Section        0  stm32f10x_gpio.o(.text)
    .text                                    0x0800127c   Section        0  stm32f10x_rcc.o(.text)
    .text                                    0x08001620   Section        0  stm32f10x_usart.o(.text)
    .text                                    0x08001a28   Section        0  system_stm32f10x.o(.text)
    SetSysClockTo72                          0x08001a29   Thumb Code   214  system_stm32f10x.o(.text)
    SetSysClock                              0x08001aff   Thumb Code     8  system_stm32f10x.o(.text)
    .text                                    0x08001c08   Section       36  startup_stm32f10x_md.o(.text)
    .text                                    0x08001c2c   Section        0  writepos.o(.text)
    .text                                    0x08001c74   Section        0  main.o(.text)
    .text                                    0x08001d1c   Section        0  wiring.o(.text)
    .text                                    0x08001d48   Section       36  init.o(.text)
    i.__scatterload_copy                     0x08001d6c   Section       14  handlers.o(i.__scatterload_copy)
    i.__scatterload_null                     0x08001d7a   Section        2  handlers.o(i.__scatterload_null)
    i.__scatterload_zeroinit                 0x08001d7c   Section       14  handlers.o(i.__scatterload_zeroinit)
    i.free                                   0x08001d8c   Section        0  malloc.o(i.free)
    i.malloc                                 0x08001ddc   Section        0  malloc.o(i.malloc)
    .data                                    0x20000000   Section        8  uart.o(.data)
    .data                                    0x20000008   Section       20  sc.o(.data)
    Level                                    0x20000008   Data           1  sc.o(.data)
    End                                      0x20000009   Data           1  sc.o(.data)
    .data                                    0x2000001c   Section        5  scserail.o(.data)
    .data                                    0x20000024   Section        4  st.o(.data)
    Err                                      0x20000024   Data           4  st.o(.data)
    .data                                    0x20000028   Section       20  stm32f10x_rcc.o(.data)
    APBAHBPrescTable                         0x20000028   Data          16  stm32f10x_rcc.o(.data)
    ADCPrescTable                            0x20000038   Data           4  stm32f10x_rcc.o(.data)
    .data                                    0x2000003c   Section       20  system_stm32f10x.o(.data)
    .data                                    0x20000050   Section        4  wiring.o(.data)
    .data                                    0x20000054   Section        4  mvars.o(.data)
    .data                                    0x20000058   Section        4  mvars.o(.data)
    .bss                                     0x2000005c   Section      128  uart.o(.bss)
    .bss                                     0x200000dc   Section      128  scserail.o(.bss)
    .bss                                     0x2000015c   Section       15  st.o(.bss)
    Mem                                      0x2000015c   Data          15  st.o(.bss)
    HEAP                                     0x20000170   Section      512  startup_stm32f10x_md.o(HEAP)
    STACK                                    0x20000370   Section     1024  startup_stm32f10x_md.o(STACK)

    Global Symbols

    Symbol Name                              Value     Ov Type        Size  Object(Section)

    BuildAttributes$$THM_ISAv4$P$D$K$B$S$PE$A:L22UL41UL21$X:L11$S22US41US21$IEEE1$IW$USESV6$~STKCKD$USESV7$~SHL$OSPACE$EBA8$MICROLIB$REQ8$PRES8$EABIv2 0x00000000   Number         0  anon$$obj.o ABSOLUTE
    __ARM_use_no_argv                        0x00000000   Number         0  main.o ABSOLUTE
    __arm_fini_                               - Undefined Weak Reference
    __cpp_initialize__aeabi_                  - Undefined Weak Reference
    __cxa_finalize                            - Undefined Weak Reference
    __decompress                              - Undefined Weak Reference
    _clock_init                               - Undefined Weak Reference
    _microlib_exit                            - Undefined Weak Reference
    __Vectors_Size                           0x000000ec   Number         0  startup_stm32f10x_md.o ABSOLUTE
    __Vectors                                0x08000000   Data           4  startup_stm32f10x_md.o(RESET)
    __Vectors_End                            0x080000ec   Data           0  startup_stm32f10x_md.o(RESET)
    __main                                   0x080000ed   Thumb Code     0  entry.o(.ARM.Collect$$$$00000000)
    _main_stk                                0x080000ed   Thumb Code     0  entry2.o(.ARM.Collect$$$$00000001)
    _main_scatterload                        0x080000f1   Thumb Code     0  entry5.o(.ARM.Collect$$$$00000004)
    __main_after_scatterload                 0x080000f5   Thumb Code     0  entry5.o(.ARM.Collect$$$$00000004)
    _main_clock                              0x080000f5   Thumb Code     0  entry7b.o(.ARM.Collect$$$$00000008)
    _main_cpp_init                           0x080000f5   Thumb Code     0  entry8b.o(.ARM.Collect$$$$0000000A)
    _main_init                               0x080000f5   Thumb Code     0  entry9a.o(.ARM.Collect$$$$0000000B)
    __rt_lib_shutdown_fini                   0x080000fd   Thumb Code     0  entry12b.o(.ARM.Collect$$$$0000000E)
    __rt_final_cpp                           0x08000101   Thumb Code     0  entry10a.o(.ARM.Collect$$$$0000000F)
    __rt_final_exit                          0x08000101   Thumb Code     0  entry11a.o(.ARM.Collect$$$$00000011)
    Uart_Flush                               0x08000105   Thumb Code    12  uart.o(.text)
    Uart_Read                                0x08000111   Thumb Code    52  uart.o(.text)
    Uart_Init                                0x08000145   Thumb Code   140  uart.o(.text)
    USART2_IRQHandler                        0x080001d1   Thumb Code    50  uart.o(.text)
    Uart_Send                                0x08000203   Thumb Code    58  uart.o(.text)
    Host2SC                                  0x08000251   Thumb Code    22  sc.o(.text)
    SC2Host                                  0x08000267   Thumb Code    24  sc.o(.text)
    writeBuf                                 0x0800027f   Thumb Code   146  sc.o(.text)
    checkHead                                0x08000311   Thumb Code    78  sc.o(.text)
    Ack                                      0x0800035f   Thumb Code   100  sc.o(.text)
    genWrite                                 0x080003c3   Thumb Code    42  sc.o(.text)
    regWrite                                 0x080003ed   Thumb Code    42  sc.o(.text)
    regAction                                0x08000417   Thumb Code    36  sc.o(.text)
    syncWrite                                0x0800043b   Thumb Code   190  sc.o(.text)
    writeByte                                0x080004f9   Thumb Code    42  sc.o(.text)
    writeWord                                0x08000523   Thumb Code    52  sc.o(.text)
    Read                                     0x08000557   Thumb Code   164  sc.o(.text)
    readByte                                 0x080005fb   Thumb Code    36  sc.o(.text)
    readWord                                 0x0800061f   Thumb Code    56  sc.o(.text)
    Ping                                     0x08000657   Thumb Code   130  sc.o(.text)
    syncReadPacketTx                         0x080006d9   Thumb Code   148  sc.o(.text)
    syncReadBegin                            0x0800076d   Thumb Code    34  sc.o(.text)
    syncReadEnd                              0x0800078f   Thumb Code    24  sc.o(.text)
    syncReadPacketRx                         0x080007a7   Thumb Code   248  sc.o(.text)
    syncReadRxPacketToByte                   0x0800089f   Thumb Code    38  sc.o(.text)
    syncReadRxPacketToWrod                   0x080008c5   Thumb Code    86  sc.o(.text)
    readSCTimeOut                            0x08000939   Thumb Code    58  scserail.o(.text)
    readSC                                   0x08000973   Thumb Code    64  scserail.o(.text)
    writeSC                                  0x080009b3   Thumb Code    50  scserail.o(.text)
    writeByteSC                              0x080009e5   Thumb Code    34  scserail.o(.text)
    SCDelay                                  0x08000a07   Thumb Code    16  scserail.o(.text)
    rFlushSC                                 0x08000a17   Thumb Code    12  scserail.o(.text)
    wFlushSC                                 0x08000a23   Thumb Code    26  scserail.o(.text)
    getErr                                   0x08000a49   Thumb Code     6  st.o(.text)
    WritePosEx                               0x08000a4f   Thumb Code    80  st.o(.text)
    RegWritePosEx                            0x08000a9f   Thumb Code    80  st.o(.text)
    RegWriteAction                           0x08000aef   Thumb Code    10  st.o(.text)
    SyncWritePosEx                           0x08000af9   Thumb Code   204  st.o(.text)
    WheelMode                                0x08000bc5   Thumb Code    16  st.o(.text)
    WriteSpe                                 0x08000bd5   Thumb Code    66  st.o(.text)
    EnableTorque                             0x08000c17   Thumb Code    18  st.o(.text)
    unLockEprom                              0x08000c29   Thumb Code    16  st.o(.text)
    LockEprom                                0x08000c39   Thumb Code    16  st.o(.text)
    CalibrationOfs                           0x08000c49   Thumb Code    16  st.o(.text)
    FeedBack                                 0x08000c59   Thumb Code    42  st.o(.text)
    ReadPos                                  0x08000c83   Thumb Code    72  st.o(.text)
    ReadSpeed                                0x08000ccb   Thumb Code    76  st.o(.text)
    ReadLoad                                 0x08000d17   Thumb Code    72  st.o(.text)
    ReadVoltage                              0x08000d5f   Thumb Code    48  st.o(.text)
    ReadTemper                               0x08000d8f   Thumb Code    48  st.o(.text)
    ReadMove                                 0x08000dbf   Thumb Code    48  st.o(.text)
    ReadCurrent                              0x08000def   Thumb Code    86  st.o(.text)
    NVIC_PriorityGroupConfig                 0x08000e45   Thumb Code    10  misc.o(.text)
    NVIC_Init                                0x08000e4f   Thumb Code   100  misc.o(.text)
    NVIC_SetVectorTable                      0x08000eb3   Thumb Code    14  misc.o(.text)
    NVIC_SystemLPConfig                      0x08000ec1   Thumb Code    34  misc.o(.text)
    SysTick_CLKSourceConfig                  0x08000ee3   Thumb Code    40  misc.o(.text)
    GPIO_DeInit                              0x08000f21   Thumb Code   172  stm32f10x_gpio.o(.text)
    GPIO_AFIODeInit                          0x08000fcd   Thumb Code    20  stm32f10x_gpio.o(.text)
    GPIO_Init                                0x08000fe1   Thumb Code   278  stm32f10x_gpio.o(.text)
    GPIO_StructInit                          0x080010f7   Thumb Code    16  stm32f10x_gpio.o(.text)
    GPIO_ReadInputDataBit                    0x08001107   Thumb Code    18  stm32f10x_gpio.o(.text)
    GPIO_ReadInputData                       0x08001119   Thumb Code     8  stm32f10x_gpio.o(.text)
    GPIO_ReadOutputDataBit                   0x08001121   Thumb Code    18  stm32f10x_gpio.o(.text)
    GPIO_ReadOutputData                      0x08001133   Thumb Code     8  stm32f10x_gpio.o(.text)
    GPIO_SetBits                             0x0800113b   Thumb Code     4  stm32f10x_gpio.o(.text)
    GPIO_ResetBits                           0x0800113f   Thumb Code     4  stm32f10x_gpio.o(.text)
    GPIO_WriteBit                            0x08001143   Thumb Code    10  stm32f10x_gpio.o(.text)
    GPIO_Write                               0x0800114d   Thumb Code     4  stm32f10x_gpio.o(.text)
    GPIO_PinLockConfig                       0x08001151   Thumb Code    18  stm32f10x_gpio.o(.text)
    GPIO_EventOutputConfig                   0x08001163   Thumb Code    26  stm32f10x_gpio.o(.text)
    GPIO_EventOutputCmd                      0x0800117d   Thumb Code     6  stm32f10x_gpio.o(.text)
    GPIO_PinRemapConfig                      0x08001183   Thumb Code   138  stm32f10x_gpio.o(.text)
    GPIO_EXTILineConfig                      0x0800120d   Thumb Code    66  stm32f10x_gpio.o(.text)
    GPIO_ETH_MediaInterfaceConfig            0x0800124f   Thumb Code     8  stm32f10x_gpio.o(.text)
    RCC_DeInit                               0x0800127d   Thumb Code    64  stm32f10x_rcc.o(.text)
    RCC_HSEConfig                            0x080012bd   Thumb Code    70  stm32f10x_rcc.o(.text)
    RCC_GetFlagStatus                        0x08001303   Thumb Code    56  stm32f10x_rcc.o(.text)
    RCC_WaitForHSEStartUp                    0x0800133b   Thumb Code    56  stm32f10x_rcc.o(.text)
    RCC_AdjustHSICalibrationValue            0x08001373   Thumb Code    20  stm32f10x_rcc.o(.text)
    RCC_HSICmd                               0x08001387   Thumb Code     6  stm32f10x_rcc.o(.text)
    RCC_PLLConfig                            0x0800138d   Thumb Code    24  stm32f10x_rcc.o(.text)
    RCC_PLLCmd                               0x080013a5   Thumb Code     6  stm32f10x_rcc.o(.text)
    RCC_SYSCLKConfig                         0x080013ab   Thumb Code    18  stm32f10x_rcc.o(.text)
    RCC_GetSYSCLKSource                      0x080013bd   Thumb Code    10  stm32f10x_rcc.o(.text)
    RCC_HCLKConfig                           0x080013c7   Thumb Code    18  stm32f10x_rcc.o(.text)
    RCC_PCLK1Config                          0x080013d9   Thumb Code    18  stm32f10x_rcc.o(.text)
    RCC_PCLK2Config                          0x080013eb   Thumb Code    20  stm32f10x_rcc.o(.text)
    RCC_ITConfig                             0x080013ff   Thumb Code    26  stm32f10x_rcc.o(.text)
    RCC_USBCLKConfig                         0x08001419   Thumb Code     8  stm32f10x_rcc.o(.text)
    RCC_ADCCLKConfig                         0x08001421   Thumb Code    18  stm32f10x_rcc.o(.text)
    RCC_LSEConfig                            0x08001433   Thumb Code    50  stm32f10x_rcc.o(.text)
    RCC_LSICmd                               0x08001465   Thumb Code     6  stm32f10x_rcc.o(.text)
    RCC_RTCCLKConfig                         0x0800146b   Thumb Code    12  stm32f10x_rcc.o(.text)
    RCC_RTCCLKCmd                            0x08001477   Thumb Code     8  stm32f10x_rcc.o(.text)
    RCC_GetClocksFreq                        0x0800147f   Thumb Code   192  stm32f10x_rcc.o(.text)
    RCC_AHBPeriphClockCmd                    0x0800153f   Thumb Code    26  stm32f10x_rcc.o(.text)
    RCC_APB2PeriphClockCmd                   0x08001559   Thumb Code    26  stm32f10x_rcc.o(.text)
    RCC_APB1PeriphClockCmd                   0x08001573   Thumb Code    26  stm32f10x_rcc.o(.text)
    RCC_APB2PeriphResetCmd                   0x0800158d   Thumb Code    26  stm32f10x_rcc.o(.text)
    RCC_APB1PeriphResetCmd                   0x080015a7   Thumb Code    26  stm32f10x_rcc.o(.text)
    RCC_BackupResetCmd                       0x080015c1   Thumb Code     8  stm32f10x_rcc.o(.text)
    RCC_ClockSecuritySystemCmd               0x080015c9   Thumb Code     6  stm32f10x_rcc.o(.text)
    RCC_MCOConfig                            0x080015cf   Thumb Code     6  stm32f10x_rcc.o(.text)
    RCC_ClearFlag                            0x080015d5   Thumb Code    14  stm32f10x_rcc.o(.text)
    RCC_GetITStatus                          0x080015e3   Thumb Code    20  stm32f10x_rcc.o(.text)
    RCC_ClearITPendingBit                    0x080015f7   Thumb Code     6  stm32f10x_rcc.o(.text)
    USART_DeInit                             0x08001621   Thumb Code   134  stm32f10x_usart.o(.text)
    USART_Init                               0x080016a7   Thumb Code   210  stm32f10x_usart.o(.text)
    USART_StructInit                         0x08001779   Thumb Code    24  stm32f10x_usart.o(.text)
    USART_ClockInit                          0x08001791   Thumb Code    34  stm32f10x_usart.o(.text)
    USART_ClockStructInit                    0x080017b3   Thumb Code    12  stm32f10x_usart.o(.text)
    USART_Cmd                                0x080017bf   Thumb Code    24  stm32f10x_usart.o(.text)
    USART_ITConfig                           0x080017d7   Thumb Code    74  stm32f10x_usart.o(.text)
    USART_DMACmd                             0x08001821   Thumb Code    18  stm32f10x_usart.o(.text)
    USART_SetAddress                         0x08001833   Thumb Code    18  stm32f10x_usart.o(.text)
    USART_WakeUpConfig                       0x08001845   Thumb Code    18  stm32f10x_usart.o(.text)
    USART_ReceiverWakeUpCmd                  0x08001857   Thumb Code    24  stm32f10x_usart.o(.text)
    USART_LINBreakDetectLengthConfig         0x0800186f   Thumb Code    18  stm32f10x_usart.o(.text)
    USART_LINCmd                             0x08001881   Thumb Code    24  stm32f10x_usart.o(.text)
    USART_SendData                           0x08001899   Thumb Code     8  stm32f10x_usart.o(.text)
    USART_ReceiveData                        0x080018a1   Thumb Code    10  stm32f10x_usart.o(.text)
    USART_SendBreak                          0x080018ab   Thumb Code    10  stm32f10x_usart.o(.text)
    USART_SetGuardTime                       0x080018b5   Thumb Code    16  stm32f10x_usart.o(.text)
    USART_SetPrescaler                       0x080018c5   Thumb Code    16  stm32f10x_usart.o(.text)
    USART_SmartCardCmd                       0x080018d5   Thumb Code    24  stm32f10x_usart.o(.text)
    USART_SmartCardNACKCmd                   0x080018ed   Thumb Code    24  stm32f10x_usart.o(.text)
    USART_HalfDuplexCmd                      0x08001905   Thumb Code    24  stm32f10x_usart.o(.text)
    USART_OverSampling8Cmd                   0x0800191d   Thumb Code    22  stm32f10x_usart.o(.text)
    USART_OneBitMethodCmd                    0x08001933   Thumb Code    24  stm32f10x_usart.o(.text)
    USART_IrDAConfig                         0x0800194b   Thumb Code    18  stm32f10x_usart.o(.text)
    USART_IrDACmd                            0x0800195d   Thumb Code    24  stm32f10x_usart.o(.text)
    USART_GetFlagStatus                      0x08001975   Thumb Code    26  stm32f10x_usart.o(.text)
    USART_ClearFlag                          0x0800198f   Thumb Code    18  stm32f10x_usart.o(.text)
    USART_GetITStatus                        0x080019a1   Thumb Code    84  stm32f10x_usart.o(.text)
    USART_ClearITPendingBit                  0x080019f5   Thumb Code    52  stm32f10x_usart.o(.text)
    SystemInit                               0x08001b07   Thumb Code    78  system_stm32f10x.o(.text)
    SystemCoreClockUpdate                    0x08001b55   Thumb Code   142  system_stm32f10x.o(.text)
    Reset_Handler                            0x08001c09   Thumb Code     8  startup_stm32f10x_md.o(.text)
    NMI_Handler                              0x08001c11   Thumb Code     2  startup_stm32f10x_md.o(.text)
    HardFault_Handler                        0x08001c13   Thumb Code     2  startup_stm32f10x_md.o(.text)
    MemManage_Handler                        0x08001c15   Thumb Code     2  startup_stm32f10x_md.o(.text)
    BusFault_Handler                         0x08001c17   Thumb Code     2  startup_stm32f10x_md.o(.text)
    UsageFault_Handler                       0x08001c19   Thumb Code     2  startup_stm32f10x_md.o(.text)
    SVC_Handler                              0x08001c1b   Thumb Code     2  startup_stm32f10x_md.o(.text)
    DebugMon_Handler                         0x08001c1d   Thumb Code     2  startup_stm32f10x_md.o(.text)
    PendSV_Handler                           0x08001c1f   Thumb Code     2  startup_stm32f10x_md.o(.text)
    ADC1_2_IRQHandler                        0x08001c23   Thumb Code     0  startup_stm32f10x_md.o(.text)
    CAN1_RX1_IRQHandler                      0x08001c23   Thumb Code     0  startup_stm32f10x_md.o(.text)
    CAN1_SCE_IRQHandler                      0x08001c23   Thumb Code     0  startup_stm32f10x_md.o(.text)
    DMA1_Channel1_IRQHandler                 0x08001c23   Thumb Code     0  startup_stm32f10x_md.o(.text)
    DMA1_Channel2_IRQHandler                 0x08001c23   Thumb Code     0  startup_stm32f10x_md.o(.text)
    DMA1_Channel3_IRQHandler                 0x08001c23   Thumb Code     0  startup_stm32f10x_md.o(.text)
    DMA1_Channel4_IRQHandler                 0x08001c23   Thumb Code     0  startup_stm32f10x_md.o(.text)
    DMA1_Channel5_IRQHandler                 0x08001c23   Thumb Code     0  startup_stm32f10x_md.o(.text)
    DMA1_Channel6_IRQHandler                 0x08001c23   Thumb Code     0  startup_stm32f10x_md.o(.text)
    DMA1_Channel7_IRQHandler                 0x08001c23   Thumb Code     0  startup_stm32f10x_md.o(.text)
    EXTI0_IRQHandler                         0x08001c23   Thumb Code     0  startup_stm32f10x_md.o(.text)
    EXTI15_10_IRQHandler                     0x08001c23   Thumb Code     0  startup_stm32f10x_md.o(.text)
    EXTI1_IRQHandler                         0x08001c23   Thumb Code     0  startup_stm32f10x_md.o(.text)
    EXTI2_IRQHandler                         0x08001c23   Thumb Code     0  startup_stm32f10x_md.o(.text)
    EXTI3_IRQHandler                         0x08001c23   Thumb Code     0  startup_stm32f10x_md.o(.text)
    EXTI4_IRQHandler                         0x08001c23   Thumb Code     0  startup_stm32f10x_md.o(.text)
    EXTI9_5_IRQHandler                       0x08001c23   Thumb Code     0  startup_stm32f10x_md.o(.text)
    FLASH_IRQHandler                         0x08001c23   Thumb Code     0  startup_stm32f10x_md.o(.text)
    I2C1_ER_IRQHandler                       0x08001c23   Thumb Code     0  startup_stm32f10x_md.o(.text)
    I2C1_EV_IRQHandler                       0x08001c23   Thumb Code     0  startup_stm32f10x_md.o(.text)
    I2C2_ER_IRQHandler                       0x08001c23   Thumb Code     0  startup_stm32f10x_md.o(.text)
    I2C2_EV_IRQHandler                       0x08001c23   Thumb Code     0  startup_stm32f10x_md.o(.text)
    PVD_IRQHandler                           0x08001c23   Thumb Code     0  startup_stm32f10x_md.o(.text)
    RCC_IRQHandler                           0x08001c23   Thumb Code     0  startup_stm32f10x_md.o(.text)
    RTCAlarm_IRQHandler                      0x08001c23   Thumb Code     0  startup_stm32f10x_md.o(.text)
    RTC_IRQHandler                           0x08001c23   Thumb Code     0  startup_stm32f10x_md.o(.text)
    SPI1_IRQHandler                          0x08001c23   Thumb Code     0  startup_stm32f10x_md.o(.text)
    SPI2_IRQHandler                          0x08001c23   Thumb Code     0  startup_stm32f10x_md.o(.text)
    TAMPER_IRQHandler                        0x08001c23   Thumb Code     0  startup_stm32f10x_md.o(.text)
    TIM1_BRK_IRQHandler                      0x08001c23   Thumb Code     0  startup_stm32f10x_md.o(.text)
    TIM1_CC_IRQHandler                       0x08001c23   Thumb Code     0  startup_stm32f10x_md.o(.text)
    TIM1_TRG_COM_IRQHandler                  0x08001c23   Thumb Code     0  startup_stm32f10x_md.o(.text)
    TIM1_UP_IRQHandler                       0x08001c23   Thumb Code     0  startup_stm32f10x_md.o(.text)
    TIM2_IRQHandler                          0x08001c23   Thumb Code     0  startup_stm32f10x_md.o(.text)
    TIM3_IRQHandler                          0x08001c23   Thumb Code     0  startup_stm32f10x_md.o(.text)
    TIM4_IRQHandler                          0x08001c23   Thumb Code     0  startup_stm32f10x_md.o(.text)
    USART1_IRQHandler                        0x08001c23   Thumb Code     0  startup_stm32f10x_md.o(.text)
    USART3_IRQHandler                        0x08001c23   Thumb Code     0  startup_stm32f10x_md.o(.text)
    USBWakeUp_IRQHandler                     0x08001c23   Thumb Code     0  startup_stm32f10x_md.o(.text)
    USB_HP_CAN1_TX_IRQHandler                0x08001c23   Thumb Code     0  startup_stm32f10x_md.o(.text)
    USB_LP_CAN1_RX0_IRQHandler               0x08001c23   Thumb Code     0  startup_stm32f10x_md.o(.text)
    WWDG_IRQHandler                          0x08001c23   Thumb Code     0  startup_stm32f10x_md.o(.text)
    setup                                    0x08001c2d   Thumb Code    20  writepos.o(.text)
    loop                                     0x08001c41   Thumb Code    50  writepos.o(.text)
    initSys                                  0x08001c75   Thumb Code   140  main.o(.text)
    main                                     0x08001d01   Thumb Code    16  main.o(.text)
    millis                                   0x08001d1d   Thumb Code     6  wiring.o(.text)
    delay                                    0x08001d23   Thumb Code    22  wiring.o(.text)
    SysTick_Handler                          0x08001d39   Thumb Code    12  wiring.o(.text)
    __scatterload                            0x08001d49   Thumb Code    28  init.o(.text)
    __scatterload_rt2                        0x08001d49   Thumb Code     0  init.o(.text)
    __scatterload_copy                       0x08001d6d   Thumb Code    14  handlers.o(i.__scatterload_copy)
    __scatterload_null                       0x08001d7b   Thumb Code     2  handlers.o(i.__scatterload_null)
    __scatterload_zeroinit                   0x08001d7d   Thumb Code    14  handlers.o(i.__scatterload_zeroinit)
    free                                     0x08001d8d   Thumb Code    76  malloc.o(i.free)
    malloc                                   0x08001ddd   Thumb Code    92  malloc.o(i.malloc)
    Region$$Table$$Base                      0x08001e48   Number         0  anon$$obj.o(Region$$Table)
    Region$$Table$$Limit                     0x08001e68   Number         0  anon$$obj.o(Region$$Table)
    head                                     0x20000000   Data           4  uart.o(.data)
    tail                                     0x20000004   Data           4  uart.o(.data)
    syncReadRxPacketIndex                    0x2000000a   Data           1  sc.o(.data)
    syncReadRxPacketLen                      0x2000000b   Data           1  sc.o(.data)
    syncReadRxPacket                         0x2000000c   Data           4  sc.o(.data)
    syncReadRxBuff                           0x20000010   Data           4  sc.o(.data)
    syncReadRxBuffLen                        0x20000014   Data           2  sc.o(.data)
    syncReadRxBuffMax                        0x20000016   Data           2  sc.o(.data)
    syncTimeOut                              0x20000018   Data           4  sc.o(.data)
    IOTimeOut                                0x2000001c   Data           4  scserail.o(.data)
    wLen                                     0x20000020   Data           1  scserail.o(.data)
    SystemCoreClock                          0x2000003c   Data           4  system_stm32f10x.o(.data)
    AHBPrescTable                            0x20000040   Data          16  system_stm32f10x.o(.data)
    TimingMillis                             0x20000050   Data           4  wiring.o(.data)
    __microlib_freelist                      0x20000054   Data           4  mvars.o(.data)
    __microlib_freelist_initialised          0x20000058   Data           4  mvars.o(.data)
    uartBuf                                  0x2000005c   Data         128  uart.o(.bss)
    wBuf                                     0x200000dc   Data         128  scserail.o(.bss)
    __heap_base                              0x20000170   Data           0  startup_stm32f10x_md.o(HEAP)
    __heap_limit                             0x20000370   Data           0  startup_stm32f10x_md.o(HEAP)
    __initial_sp                             0x20000770   Data           0  startup_stm32f10x_md.o(STACK)



==============================================================================

Memory Map of the image

  Image Entry point : 0x080000ed

  Load Region LR_IROM1 (Base: 0x08000000, Size: 0x00001ec4, Max: 0x00010000, ABSOLUTE)

    Execution Region ER_IROM1 (Exec base: 0x08000000, Load base: 0x08000000, Size: 0x00001e68, Max: 0x00010000, ABSOLUTE)

    Exec Addr    Load Addr    Size         Type   Attr      Idx    E Section Name        Object

    0x08000000   0x08000000   0x000000ec   Data   RO          471    RESET               startup_stm32f10x_md.o
    0x080000ec   0x080000ec   0x00000000   Code   RO          529  * .ARM.Collect$$$$00000000  mc_w.l(entry.o)
    0x080000ec   0x080000ec   0x00000004   Code   RO          560    .ARM.Collect$$$$00000001  mc_w.l(entry2.o)
    0x080000f0   0x080000f0   0x00000004   Code   RO          563    .ARM.Collect$$$$00000004  mc_w.l(entry5.o)
    0x080000f4   0x080000f4   0x00000000   Code   RO          565    .ARM.Collect$$$$00000008  mc_w.l(entry7b.o)
    0x080000f4   0x080000f4   0x00000000   Code   RO          567    .ARM.Collect$$$$0000000A  mc_w.l(entry8b.o)
    0x080000f4   0x080000f4   0x00000008   Code   RO          568    .ARM.Collect$$$$0000000B  mc_w.l(entry9a.o)
    0x080000fc   0x080000fc   0x00000004   Code   RO          575    .ARM.Collect$$$$0000000E  mc_w.l(entry12b.o)
    0x08000100   0x08000100   0x00000000   Code   RO          570    .ARM.Collect$$$$0000000F  mc_w.l(entry10a.o)
    0x08000100   0x08000100   0x00000000   Code   RO          572    .ARM.Collect$$$$00000011  mc_w.l(entry11a.o)
    0x08000100   0x08000100   0x00000004   Code   RO          561    .ARM.Collect$$$$00002712  mc_w.l(entry2.o)
    0x08000104   0x08000104   0x0000014c   Code   RO            1    .text               uart.o
    0x08000250   0x08000250   0x000006e8   Code   RO          112    .text               sc.o
    0x08000938   0x08000938   0x00000110   Code   RO          136    .text               scserail.o
    0x08000a48   0x08000a48   0x000003fc   Code   RO          152    .text               st.o
    0x08000e44   0x08000e44   0x000000dc   Code   RO          173    .text               misc.o
    0x08000f20   0x08000f20   0x0000035c   Code   RO          317    .text               stm32f10x_gpio.o
    0x0800127c   0x0800127c   0x000003a4   Code   RO          365    .text               stm32f10x_rcc.o
    0x08001620   0x08001620   0x00000408   Code   RO          427    .text               stm32f10x_usart.o
    0x08001a28   0x08001a28   0x000001e0   Code   RO          451    .text               system_stm32f10x.o
    0x08001c08   0x08001c08   0x00000024   Code   RO          472    .text               startup_stm32f10x_md.o
    0x08001c2c   0x08001c2c   0x00000046   Code   RO          477    .text               writepos.o
    0x08001c72   0x08001c72   0x00000002   PAD
    0x08001c74   0x08001c74   0x000000a8   Code   RO          498    .text               main.o
    0x08001d1c   0x08001d1c   0x0000002c   Code   RO          514    .text               wiring.o
    0x08001d48   0x08001d48   0x00000024   Code   RO          582    .text               mc_w.l(init.o)
    0x08001d6c   0x08001d6c   0x0000000e   Code   RO          586    i.__scatterload_copy  mc_w.l(handlers.o)
    0x08001d7a   0x08001d7a   0x00000002   Code   RO          587    i.__scatterload_null  mc_w.l(handlers.o)
    0x08001d7c   0x08001d7c   0x0000000e   Code   RO          588    i.__scatterload_zeroinit  mc_w.l(handlers.o)
    0x08001d8a   0x08001d8a   0x00000002   PAD
    0x08001d8c   0x08001d8c   0x00000050   Code   RO          532    i.free              mc_w.l(malloc.o)
    0x08001ddc   0x08001ddc   0x0000006c   Code   RO          533    i.malloc            mc_w.l(malloc.o)
    0x08001e48   0x08001e48   0x00000020   Data   RO          584    Region$$Table       anon$$obj.o


    Execution Region RW_IRAM1 (Exec base: 0x20000000, Load base: 0x08001e68, Size: 0x00000770, Max: 0x00005000, ABSOLUTE)

    Exec Addr    Load Addr    Size         Type   Attr      Idx    E Section Name        Object

    0x20000000   0x08001e68   0x00000008   Data   RW            3    .data               uart.o
    0x20000008   0x08001e70   0x00000014   Data   RW          113    .data               sc.o
    0x2000001c   0x08001e84   0x00000005   Data   RW          138    .data               scserail.o
    0x20000021   0x08001e89   0x00000003   PAD
    0x20000024   0x08001e8c   0x00000004   Data   RW          154    .data               st.o
    0x20000028   0x08001e90   0x00000014   Data   RW          366    .data               stm32f10x_rcc.o
    0x2000003c   0x08001ea4   0x00000014   Data   RW          452    .data               system_stm32f10x.o
    0x20000050   0x08001eb8   0x00000004   Data   RW          515    .data               wiring.o
    0x20000054   0x08001ebc   0x00000004   Data   RW          580    .data               mc_w.l(mvars.o)
    0x20000058   0x08001ec0   0x00000004   Data   RW          581    .data               mc_w.l(mvars.o)
    0x2000005c        -       0x00000080   Zero   RW            2    .bss                uart.o
    0x200000dc        -       0x00000080   Zero   RW          137    .bss                scserail.o
    0x2000015c        -       0x0000000f   Zero   RW          153    .bss                st.o
    0x2000016b   0x08001ec4   0x00000005   PAD
    0x20000170        -       0x00000200   Zero   RW          470    HEAP                startup_stm32f10x_md.o
    0x20000370        -       0x00000400   Zero   RW          469    STACK               startup_stm32f10x_md.o


==============================================================================

Image component sizes


      Code (inc. data)   RO Data    RW Data    ZI Data      Debug   Object Name

       168         12          0          0          0      15982   main.o
       220         22          0          0          0       1909   misc.o
      1768         38          0         20          0       8433   sc.o
       272         12          0          5        128       2527   scserail.o
      1020         10          0          4         15       5765   st.o
        36          8        236          0       1536        852   startup_stm32f10x_md.o
       860         38          0          0          0       5841   stm32f10x_gpio.o
       932         36          0         20          0       9044   stm32f10x_rcc.o
      1032         22          0          0          0       8568   stm32f10x_usart.o
       480         38          0         20          0       2007   system_stm32f10x.o
       332         20          0          8        128     233401   uart.o
        44          4          0          4          0       1358   wiring.o
        70          0          0          0          0        553   writepos.o

    ----------------------------------------------------------------------
      7236        260        268         84       1812     296240   Object Totals
         0          0         32          0          0          0   (incl. Generated)
         2          0          0          3          5          0   (incl. Padding)

    ----------------------------------------------------------------------

      Code (inc. data)   RO Data    RW Data    ZI Data      Debug   Library Member Name

         0          0          0          0          0          0   entry.o
         0          0          0          0          0          0   entry10a.o
         0          0          0          0          0          0   entry11a.o
         4          0          0          0          0          0   entry12b.o
         8          4          0          0          0          0   entry2.o
         4          0          0          0          0          0   entry5.o
         0          0          0          0          0          0   entry7b.o
         0          0          0          0          0          0   entry8b.o
         8          4          0          0          0          0   entry9a.o
        30          0          0          0          0          0   handlers.o
        36          8          0          0          0         68   init.o
       188         20          0          0          0        160   malloc.o
         0          0          0          8          0          0   mvars.o

    ----------------------------------------------------------------------
       280         36          0          8          0        228   Library Totals
         2          0          0          0          0          0   (incl. Padding)

    ----------------------------------------------------------------------

      Code (inc. data)   RO Data    RW Data    ZI Data      Debug   Library Name

       278         36          0          8          0        228   mc_w.l

    ----------------------------------------------------------------------
       280         36          0          8          0        228   Library Totals

    ----------------------------------------------------------------------

==============================================================================


      Code (inc. data)   RO Data    RW Data    ZI Data      Debug   

      7516        296        268         92       1812     295424   Grand Totals
      7516        296        268         92       1812     295424   ELF Image Totals
      7516        296        268         92          0          0   ROM Totals

==============================================================================

    Total RO  Size (Code + RO Data)                 7784 (   7.60kB)
    Total RW  Size (RW Data + ZI Data)              1904 (   1.86kB)
    Total ROM Size (Code + RO Data + RW Data)       7876 (   7.69kB)

==============================================================================

