Component: ARM Compiler 5.06 update 7 (build 960) Tool: armlink [4d3601]

==============================================================================

Section Cross References

    main.o(i.PrintfHardInfo) refers to printf8.o(i.__0printf$8) for __2printf
    main.o(i.PrintfLogo) refers to printf8.o(i.__0printf$8) for __2printf
    main.o(i.main) refers to bsp.o(i.bsp_Init) for bsp_Init
    main.o(i.main) refers to printf8.o(i.__0printf$8) for __2printf
    main.o(i.main) refers to main.o(i.PrintfLogo) for PrintfLogo
    main.o(i.main) refers to main.o(i.PrintfHardInfo) for PrintfHardInfo
    main.o(i.main) refers to demo_spi_ad7606.o(i.Demo_spi_AD7606) for Demo_spi_AD7606
    demo_spi_ad7606.o(i.AD7606_Disp) refers to printf8.o(i.__0printf$8) for __2printf
    demo_spi_ad7606.o(i.AD7606_Disp) refers to demo_spi_ad7606.o(.bss) for .bss
    demo_spi_ad7606.o(i.Demo_spi_AD7606) refers to bsp_spi_ad7606.o(i.bsp_spi_InitAD7606) for bsp_spi_InitAD7606
    demo_spi_ad7606.o(i.Demo_spi_AD7606) refers to bsp_timer.o(i.bsp_StartAutoTimer) for bsp_StartAutoTimer
    demo_spi_ad7606.o(i.Demo_spi_AD7606) refers to demo_spi_ad7606.o(i.DispMenu) for DispMenu
    demo_spi_ad7606.o(i.Demo_spi_AD7606) refers to bsp.o(i.bsp_Idle) for bsp_Idle
    demo_spi_ad7606.o(i.Demo_spi_AD7606) refers to bsp_timer.o(i.bsp_CheckTimer) for bsp_CheckTimer
    demo_spi_ad7606.o(i.Demo_spi_AD7606) refers to bsp_spi_ad7606.o(i.AD7606_Scan) for AD7606_Scan
    demo_spi_ad7606.o(i.Demo_spi_AD7606) refers to bsp_spi_ad7606.o(i.AD7606_ReadAdc) for AD7606_ReadAdc
    demo_spi_ad7606.o(i.Demo_spi_AD7606) refers to demo_spi_ad7606.o(i.AD7606_Disp) for AD7606_Disp
    demo_spi_ad7606.o(i.Demo_spi_AD7606) refers to bsp_uart_fifo.o(i.comGetChar) for comGetChar
    demo_spi_ad7606.o(i.Demo_spi_AD7606) refers to bsp_spi_ad7606.o(i.AD7606_SetInputRange) for AD7606_SetInputRange
    demo_spi_ad7606.o(i.Demo_spi_AD7606) refers to bsp_spi_ad7606.o(.data) for g_tAD7606
    demo_spi_ad7606.o(i.Demo_spi_AD7606) refers to demo_spi_ad7606.o(.bss) for .bss
    demo_spi_ad7606.o(i.DispMenu) refers to printf8.o(i.__0printf$8) for __2printf
    bsp_key.o(i.bsp_ClearKey) refers to bsp_key.o(.bss) for .bss
    bsp_key.o(i.bsp_DetectKey) refers to bsp_key.o(i.bsp_PutKey) for bsp_PutKey
    bsp_key.o(i.bsp_DetectKey) refers to bsp_key.o(.bss) for .bss
    bsp_key.o(i.bsp_GetKey) refers to bsp_key.o(.bss) for .bss
    bsp_key.o(i.bsp_GetKey2) refers to bsp_key.o(.bss) for .bss
    bsp_key.o(i.bsp_GetKeyState) refers to bsp_key.o(.bss) for .bss
    bsp_key.o(i.bsp_InitKey) refers to bsp_key.o(i.bsp_InitKeyVar) for bsp_InitKeyVar
    bsp_key.o(i.bsp_InitKey) refers to bsp_key.o(i.bsp_InitKeyHard) for bsp_InitKeyHard
    bsp_key.o(i.bsp_InitKeyHard) refers to stm32f10x_rcc.o(i.RCC_APB2PeriphClockCmd) for RCC_APB2PeriphClockCmd
    bsp_key.o(i.bsp_InitKeyHard) refers to stm32f10x_gpio.o(i.GPIO_Init) for GPIO_Init
    bsp_key.o(i.bsp_InitKeyVar) refers to bsp_key.o(.bss) for .bss
    bsp_key.o(i.bsp_InitKeyVar) refers to bsp_key.o(i.IsKeyDown1) for IsKeyDown1
    bsp_key.o(i.bsp_InitKeyVar) refers to bsp_key.o(i.IsKeyDown2) for IsKeyDown2
    bsp_key.o(i.bsp_InitKeyVar) refers to bsp_key.o(i.IsKeyDown3) for IsKeyDown3
    bsp_key.o(i.bsp_InitKeyVar) refers to bsp_key.o(i.IsKeyDown4) for IsKeyDown4
    bsp_key.o(i.bsp_InitKeyVar) refers to bsp_key.o(i.IsKeyDown5) for IsKeyDown5
    bsp_key.o(i.bsp_InitKeyVar) refers to bsp_key.o(i.IsKeyDown6) for IsKeyDown6
    bsp_key.o(i.bsp_InitKeyVar) refers to bsp_key.o(i.IsKeyDown7) for IsKeyDown7
    bsp_key.o(i.bsp_InitKeyVar) refers to bsp_key.o(i.IsKeyDown8) for IsKeyDown8
    bsp_key.o(i.bsp_InitKeyVar) refers to bsp_key.o(i.IsKeyDown9) for IsKeyDown9
    bsp_key.o(i.bsp_InitKeyVar) refers to bsp_key.o(i.IsKeyDown10) for IsKeyDown10
    bsp_key.o(i.bsp_KeyScan) refers to bsp_key.o(i.bsp_DetectKey) for bsp_DetectKey
    bsp_key.o(i.bsp_PutKey) refers to bsp_key.o(.bss) for .bss
    bsp_key.o(i.bsp_SetKeyParam) refers to bsp_key.o(.bss) for .bss
    bsp_led.o(i.bsp_InitLed) refers to stm32f10x_rcc.o(i.RCC_APB2PeriphClockCmd) for RCC_APB2PeriphClockCmd
    bsp_led.o(i.bsp_InitLed) refers to bsp_led.o(i.bsp_LedOff) for bsp_LedOff
    bsp_led.o(i.bsp_InitLed) refers to stm32f10x_gpio.o(i.GPIO_Init) for GPIO_Init
    bsp_spi_bus.o(i.bsp_InitSPIBus) refers to stm32f10x_rcc.o(i.RCC_APB2PeriphClockCmd) for RCC_APB2PeriphClockCmd
    bsp_spi_bus.o(i.bsp_InitSPIBus) refers to stm32f10x_gpio.o(i.GPIO_Init) for GPIO_Init
    bsp_spi_bus.o(i.bsp_SpiBusBusy) refers to bsp_spi_bus.o(.data) for .data
    bsp_spi_bus.o(i.bsp_SpiBusEnter) refers to bsp_spi_bus.o(.data) for .data
    bsp_spi_bus.o(i.bsp_SpiBusExit) refers to bsp_spi_bus.o(.data) for .data
    bsp_spi_bus.o(i.bsp_spiRead0) refers to stm32f10x_gpio.o(i.GPIO_ReadInputDataBit) for GPIO_ReadInputDataBit
    bsp_spi_bus.o(i.bsp_spiRead0) refers to bsp_spi_bus.o(i.bsp_spiDelay) for bsp_spiDelay
[...]
    printf4.o(i.__0vsprintf$4) refers to printf4.o(i._sputc) for _sputc
    printf4.o(i._printf_core) refers to uldiv.o(.text) for __aeabi_uldivmod
    printf5.o(i.__0fprintf$5) refers to printf5.o(i._printf_core) for _printf_core
    printf5.o(i.__0fprintf$5) refers to bsp_uart_fifo.o(i.fputc) for fputc
    printf5.o(i.__0printf$5) refers to printf5.o(i._printf_core) for _printf_core
    printf5.o(i.__0printf$5) refers to bsp_uart_fifo.o(i.fputc) for fputc
    printf5.o(i.__0printf$5) refers to stdout.o(.data) for __stdout
    printf5.o(i.__0snprintf$5) refers to printf5.o(i._printf_core) for _printf_core
    printf5.o(i.__0snprintf$5) refers to printf5.o(i._snputc) for _snputc
    printf5.o(i.__0sprintf$5) refers to printf5.o(i._printf_core) for _printf_core
    printf5.o(i.__0sprintf$5) refers to printf5.o(i._sputc) for _sputc
    printf5.o(i.__0vfprintf$5) refers to printf5.o(i._printf_core) for _printf_core
    printf5.o(i.__0vfprintf$5) refers to bsp_uart_fifo.o(i.fputc) for fputc
    printf5.o(i.__0vprintf$5) refers to printf5.o(i._printf_core) for _printf_core
    printf5.o(i.__0vprintf$5) refers to bsp_uart_fifo.o(i.fputc) for fputc
    printf5.o(i.__0vprintf$5) refers to stdout.o(.data) for __stdout
    printf5.o(i.__0vsnprintf$5) refers to printf5.o(i._printf_core) for _printf_core
    printf5.o(i.__0vsnprintf$5) refers to printf5.o(i._snputc) for _snputc
    printf5.o(i.__0vsprintf$5) refers to printf5.o(i._printf_core) for _printf_core
    printf5.o(i.__0vsprintf$5) refers to printf5.o(i._sputc) for _sputc
    printf5.o(i._printf_core) refers to uldiv.o(.text) for __aeabi_uldivmod
    printf6.o(i.__0fprintf$6) refers to printf6.o(i._printf_core) for _printf_core
    printf6.o(i.__0fprintf$6) refers to bsp_uart_fifo.o(i.fputc) for fputc
    printf6.o(i.__0printf$6) refers to printf6.o(i._printf_core) for _printf_core
    printf6.o(i.__0printf$6) refers to bsp_uart_fifo.o(i.fputc) for fputc
    printf6.o(i.__0printf$6) refers to stdout.o(.data) for __stdout
    printf6.o(i.__0snprintf$6) refers to printf6.o(i._printf_core) for _printf_core
    printf6.o(i.__0snprintf$6) refers to printf6.o(i._snputc) for _snputc
    printf6.o(i.__0sprintf$6) refers to printf6.o(i._printf_core) for _printf_core
    printf6.o(i.__0sprintf$6) refers to printf6.o(i._sputc) for _sputc
    printf6.o(i.__0vfprintf$6) refers to printf6.o(i._printf_core) for _printf_core
    printf6.o(i.__0vfprintf$6) refers to bsp_uart_fifo.o(i.fputc) for fputc
    printf6.o(i.__0vprintf$6) refers to printf6.o(i._printf_core) for _printf_core
    printf6.o(i.__0vprintf$6) refers to bsp_uart_fifo.o(i.fputc) for fputc
    printf6.o(i.__0vprintf$6) refers to stdout.o(.data) for __stdout
    printf6.o(i.__0vsnprintf$6) refers to printf6.o(i._printf_core) for _printf_core
    printf6.o(i.__0vsnprintf$6) refers to printf6.o(i._snputc) for _snputc
    printf6.o(i.__0vsprintf$6) refers to printf6.o(i._printf_core) for _printf_core
    printf6.o(i.__0vsprintf$6) refers to printf6.o(i._sputc) for _sputc
    printf6.o(i._printf_core) refers to printf6.o(i._printf_pre_padding) for _printf_pre_padding
    printf6.o(i._printf_core) refers to uidiv.o(.text) for __aeabi_uidivmod
    printf6.o(i._printf_core) refers to printf6.o(i._printf_post_padding) for _printf_post_padding
    printf7.o(i.__0fprintf$7) refers to printf7.o(i._printf_core) for _printf_core
    printf7.o(i.__0fprintf$7) refers to bsp_uart_fifo.o(i.fputc) for fputc
    printf7.o(i.__0printf$7) refers to printf7.o(i._printf_core) for _printf_core
    printf7.o(i.__0printf$7) refers to bsp_uart_fifo.o(i.fputc) for fputc
    printf7.o(i.__0printf$7) refers to stdout.o(.data) for __stdout
    printf7.o(i.__0snprintf$7) refers to printf7.o(i._printf_core) for _printf_core
    printf7.o(i.__0snprintf$7) refers to printf7.o(i._snputc) for _snputc
    printf7.o(i.__0sprintf$7) refers to printf7.o(i._printf_core) for _printf_core
    printf7.o(i.__0sprintf$7) refers to printf7.o(i._sputc) for _sputc
    printf7.o(i.__0vfprintf$7) refers to printf7.o(i._printf_core) for _printf_core
    printf7.o(i.__0vfprintf$7) refers to bsp_uart_fifo.o(i.fputc) for fputc
    printf7.o(i.__0vprintf$7) refers to printf7.o(i._printf_core) for _printf_core
    printf7.o(i.__0vprintf$7) refers to bsp_uart_fifo.o(i.fputc) for fputc
    printf7.o(i.__0vprintf$7) refers to stdout.o(.data) for __stdout
    printf7.o(i.__0vsnprintf$7) refers to printf7.o(i._printf_core) for _printf_core
    printf7.o(i.__0vsnprintf$7) refers to printf7.o(i._snputc) for _snputc
    printf7.o(i.__0vsprintf$7) refers to printf7.o(i._printf_core) for _printf_core
    printf7.o(i.__0vsprintf$7) refers to printf7.o(i._sputc) for _sputc
    printf7.o(i._printf_core) refers to printf7.o(i._printf_pre_padding) for _printf_pre_padding
    printf7.o(i._printf_core) refers to uldiv.o(.text) for __aeabi_uldivmod
    printf7.o(i._printf_core) refers to printf7.o(i._printf_post_padding) for _printf_post_padding
    printf8.o(i.__0fprintf$8) refers to printf8.o(i._printf_core) for _printf_core
    printf8.o(i.__0fprintf$8) refers to bsp_uart_fifo.o(i.fputc) for fputc
    printf8.o(i.__0printf$8) refers to printf8.o(i._printf_core) for _printf_core
    printf8.o(i.__0printf$8) refers to bsp_uart_fifo.o(i.fputc) for fputc
    printf8.o(i.__0printf$8) refers to stdout.o(.data) for __stdout
    printf8.o(i.__0snprintf$8) refers to printf8.o(i._printf_core) for _printf_core
    printf8.o(i.__0snprintf$8) refers to printf8.o(i._snputc) for _snputc
    printf8.o(i.__0sprintf$8) refers to printf8.o(i._printf_core) for _printf_core
    printf8.o(i.__0sprintf$8) refers to printf8.o(i._sputc) for _sputc
    printf8.o(i.__0vfprintf$8) refers to printf8.o(i._printf_core) for _printf_core
    printf8.o(i.__0vfprintf$8) refers to bsp_uart_fifo.o(i.fputc) for fputc
    printf8.o(i.__0vprintf$8) refers to printf8.o(i._printf_core) for _printf_core
    printf8.o(i.__0vprintf$8) refers to bsp_uart_fifo.o(i.fputc) for fputc
    printf8.o(i.__0vprintf$8) refers to stdout.o(.data) for __stdout
    printf8.o(i.__0vsnprintf$8) refers to printf8.o(i._printf_core) for _printf_core
    printf8.o(i.__0vsnprintf$8) refers to printf8.o(i._snputc) for _snputc
    printf8.o(i.__0vsprintf$8) refers to printf8.o(i._printf_core) for _printf_core
    printf8.o(i.__0vsprintf$8) refers to printf8.o(i._sputc) for _sputc
    printf8.o(i._printf_core) refers to printf8.o(i._printf_pre_padding) for _printf_pre_padding
    printf8.o(i._printf_core) refers to uldiv.o(.text) for __aeabi_uldivmod
    printf8.o(i._printf_core) refers to printf8.o(i._printf_post_padding) for _printf_post_padding
    printfa.o(i.__0fprintf) refers (Special) to iusefp.o(.text) for __I$use$fp
    printfa.o(i.__0fprintf) refers to printfa.o(i._printf_core) for _printf_core
    printfa.o(i.__0fprintf) refers to bsp_uart_fifo.o(i.fputc) for fputc
    printfa.o(i.__0printf) refers (Special) to iusefp.o(.text) for __I$use$fp
    printfa.o(i.__0printf) refers to printfa.o(i._printf_core) for _printf_core
    printfa.o(i.__0printf) refers to bsp_uart_fifo.o(i.fputc) for fputc
    printfa.o(i.__0printf) refers to stdout.o(.data) for __stdout
    printfa.o(i.__0snprintf) refers (Special) to iusefp.o(.text) for __I$use$fp
    printfa.o(i.__0snprintf) refers to printfa.o(i._printf_core) for _printf_core
    printfa.o(i.__0snprintf) refers to printfa.o(i._snputc) for _snputc
    printfa.o(i.__0sprintf) refers (Special) to iusefp.o(.text) for __I$use$fp
    printfa.o(i.__0sprintf) refers to printfa.o(i._printf_core) for _printf_core
    printfa.o(i.__0sprintf) refers to printfa.o(i._sputc) for _sputc
    printfa.o(i.__0vfprintf) refers (Special) to iusefp.o(.text) for __I$use$fp
    printfa.o(i.__0vfprintf) refers to printfa.o(i._printf_core) for _printf_core
    printfa.o(i.__0vfprintf) refers to bsp_uart_fifo.o(i.fputc) for fputc
    printfa.o(i.__0vprintf) refers (Special) to iusefp.o(.text) for __I$use$fp
    printfa.o(i.__0vprintf) refers to printfa.o(i._printf_core) for _printf_core
    printfa.o(i.__0vprintf) refers to bsp_uart_fifo.o(i.fputc) for fputc
    printfa.o(i.__0vprintf) refers to stdout.o(.data) for __stdout
    printfa.o(i.__0vsnprintf) refers (Special) to iusefp.o(.text) for __I$use$fp
    printfa.o(i.__0vsnprintf) refers to printfa.o(i._printf_core) for _printf_core
    printfa.o(i.__0vsnprintf) refers to printfa.o(i._snputc) for _snputc
    printfa.o(i.__0vsprintf) refers (Special) to iusefp.o(.text) for __I$use$fp
    printfa.o(i.__0vsprintf) refers to printfa.o(i._printf_core) for _printf_core
    printfa.o(i.__0vsprintf) refers to printfa.o(i._sputc) for _sputc
    printfa.o(i._fp_digits) refers (Special) to iusefp.o(.text) for __I$use$fp
    printfa.o(i._fp_digits) refers to dmul.o(.text) for __aeabi_dmul
    printfa.o(i._fp_digits) refers to ddiv.o(.text) for __aeabi_ddiv
    printfa.o(i._fp_digits) refers to cdrcmple.o(.text) for __aeabi_cdrcmple
    printfa.o(i._fp_digits) refers to dadd.o(.text) for __aeabi_dadd
    printfa.o(i._fp_digits) refers to dfixul.o(.text) for __aeabi_d2ulz
    printfa.o(i._fp_digits) refers to uldiv.o(.text) for __aeabi_uldivmod
    printfa.o(i._printf_core) refers (Special) to iusefp.o(.text) for __I$use$fp
    printfa.o(i._printf_core) refers to printfa.o(i._printf_pre_padding) for _printf_pre_padding
    printfa.o(i._printf_core) refers to uldiv.o(.text) for __aeabi_uldivmod
    printfa.o(i._printf_core) refers to printfa.o(i._printf_post_padding) for _printf_post_padding
    printfa.o(i._printf_core) refers to printfa.o(i._fp_digits) for _fp_digits
    printfa.o(i._printf_core) refers to uidiv.o(.text) for __aeabi_uidivmod
    printfa.o(i._printf_post_padding) refers (Special) to iusefp.o(.text) for __I$use$fp
    printfa.o(i._printf_pre_padding) refers (Special) to iusefp.o(.text) for __I$use$fp
    printfa.o(i._snputc) refers (Special) to iusefp.o(.text) for __I$use$fp
    printfa.o(i._sputc) refers (Special) to iusefp.o(.text) for __I$use$fp
    entry2.o(.ARM.Collect$$$$00000001) refers to entry2.o(.ARM.Collect$$$$00002712) for __lit__00000000
    entry2.o(.ARM.Collect$$$$00002712) refers to startup_stm32f10x_hd.o(STACK) for __initial_sp
    entry2.o(__vectab_stack_and_reset_area) refers to startup_stm32f10x_hd.o(STACK) for __initial_sp
    entry2.o(__vectab_stack_and_reset_area) refers to entry.o(.ARM.Collect$$$$00000000) for __main
    entry5.o(.ARM.Collect$$$$00000004) refers to init.o(.text) for __scatterload
    entry9a.o(.ARM.Collect$$$$0000000B) refers to main.o(i.main) for main
    entry9b.o(.ARM.Collect$$$$0000000C) refers to main.o(i.main) for main
    uldiv.o(.text) refers to llushr.o(.text) for __aeabi_llsr
    uldiv.o(.text) refers to llshl.o(.text) for __aeabi_llsl
    dadd.o(.text) refers to llshl.o(.text) for __aeabi_llsl
    dadd.o(.text) refers to llsshr.o(.text) for __aeabi_lasr
    dadd.o(.text) refers to depilogue.o(.text) for _double_epilogue
    dmul.o(.text) refers to depilogue.o(.text) for _double_epilogue
    ddiv.o(.text) refers to depilogue.o(.text) for _double_round
    dfixul.o(.text) refers to llushr.o(.text) for __aeabi_llsr
    dfixul.o(.text) refers to llshl.o(.text) for __aeabi_llsl
    init.o(.text) refers to entry5.o(.ARM.Collect$$$$00000004) for __main_after_scatterload
    depilogue.o(.text) refers to llshl.o(.text) for __aeabi_llsl
    depilogue.o(.text) refers to llushr.o(.text) for __aeabi_llsr


==============================================================================

Removing Unused input sections from the image.

    Removing main.o(.rev16_text), (4 bytes).
    Removing main.o(.revsh_text), (4 bytes).
    Removing demo_spi_ad7606.o(.rev16_text), (4 bytes).
    Removing demo_spi_ad7606.o(.revsh_text), (4 bytes).
    Removing bsp_key.o(.rev16_text), (4 bytes).
    Removing bsp_key.o(.revsh_text), (4 bytes).
    Removing bsp_key.o(i.bsp_ClearKey), (12 bytes).
    Removing bsp_key.o(i.bsp_GetKey), (36 bytes).
    Removing bsp_key.o(i.bsp_GetKey2), (36 bytes).
    Removing bsp_key.o(i.bsp_GetKeyState), (16 bytes).
    Removing bsp_key.o(i.bsp_SetKeyParam), (20 bytes).
    Removing bsp_led.o(.rev16_text), (4 bytes).
    Removing bsp_led.o(.revsh_text), (4 bytes).
    Removing bsp_led.o(i.bsp_InitLed), (112 bytes).
    Removing bsp_led.o(i.bsp_IsLedOn), (60 bytes).
    Removing bsp_led.o(i.bsp_LedOff), (48 bytes).
    Removing bsp_led.o(i.bsp_LedOn), (48 bytes).
    Removing bsp_led.o(i.bsp_LedToggle), (56 bytes).
    Removing bsp_spi_bus.o(.rev16_text), (4 bytes).
    Removing bsp_spi_bus.o(.revsh_text), (4 bytes).
    Removing bsp_spi_bus.o(i.bsp_SetSpiSck), (20 bytes).
    Removing bsp_spi_bus.o(i.bsp_SpiBusBusy), (12 bytes).
    Removing bsp_spi_bus.o(i.bsp_SpiBusEnter), (12 bytes).
    Removing bsp_spi_bus.o(i.bsp_SpiBusExit), (12 bytes).
    Removing bsp_spi_bus.o(i.bsp_spiRead0), (76 bytes).
    Removing bsp_spi_bus.o(i.bsp_spiWrite0), (60 bytes).
    Removing bsp_spi_bus.o(i.bsp_spiWrite1), (56 bytes).
    Removing bsp_spi_bus.o(.data), (1 bytes).
    Removing bsp_timer.o(.rev16_text), (4 bytes).
    Removing bsp_timer.o(.revsh_text), (4 bytes).
    Removing bsp_timer.o(i.bsp_CheckRunTime), (40 bytes).
    Removing bsp_timer.o(i.bsp_DelayMS), (48 bytes).
    Removing bsp_timer.o(i.bsp_DelayUS), (64 bytes).
    Removing bsp_timer.o(i.bsp_GetRunTime), (24 bytes).
    Removing bsp_timer.o(i.bsp_StartHardTimer), (160 bytes).
    Removing bsp_timer.o(i.bsp_StartTimer), (124 bytes).
    Removing bsp_timer.o(i.bsp_StopTimer), (124 bytes).
    Removing bsp_uart_fifo.o(.rev16_text), (4 bytes).
    Removing bsp_uart_fifo.o(.revsh_text), (4 bytes).
    Removing bsp_uart_fifo.o(i.bsp_SetUart1Baud), (44 bytes).
    Removing bsp_uart_fifo.o(i.bsp_SetUart2Baud), (44 bytes).
    Removing bsp_uart_fifo.o(i.comClearRxFifo), (20 bytes).
    Removing bsp_uart_fifo.o(i.comClearTxFifo), (20 bytes).
    Removing bsp_uart_fifo.o(i.fgetc), (20 bytes).
    Removing bsp.o(.rev16_text), (4 bytes).
    Removing bsp.o(.revsh_text), (4 bytes).
    Removing stm32f10x_it.o(.rev16_text), (4 bytes).
    Removing stm32f10x_it.o(.revsh_text), (4 bytes).
    Removing stm32f10x_assert.o(.rev16_text), (4 bytes).
    Removing stm32f10x_assert.o(.revsh_text), (4 bytes).
    Removing bsp_spi_ad7606.o(.rev16_text), (4 bytes).
    Removing bsp_spi_ad7606.o(.revsh_text), (4 bytes).
    Removing bsp_spi_ad7606.o(i.AD7606_CfgSpiHard), (84 bytes).
    Removing startup_stm32f10x_hd.o(HEAP), (512 bytes).
    Removing stm32f10x_gpio.o(.rev16_text), (4 bytes).
    Removing stm32f10x_gpio.o(.revsh_text), (4 bytes).
    Removing stm32f10x_gpio.o(i.GPIO_AFIODeInit), (22 bytes).
    Removing stm32f10x_gpio.o(i.GPIO_DeInit), (180 bytes).
    Removing stm32f10x_gpio.o(i.GPIO_ETH_MediaInterfaceConfig), (12 bytes).
    Removing stm32f10x_gpio.o(i.GPIO_EXTILineConfig), (40 bytes).
    Removing stm32f10x_gpio.o(i.GPIO_EventOutputCmd), (12 bytes).
    Removing stm32f10x_gpio.o(i.GPIO_EventOutputConfig), (28 bytes).
    Removing stm32f10x_gpio.o(i.GPIO_PinLockConfig), (16 bytes).
    Removing stm32f10x_gpio.o(i.GPIO_ReadInputData), (6 bytes).
    Removing stm32f10x_gpio.o(i.GPIO_ReadOutputData), (6 bytes).
    Removing stm32f10x_gpio.o(i.GPIO_ReadOutputDataBit), (14 bytes).
    Removing stm32f10x_gpio.o(i.GPIO_StructInit), (16 bytes).
    Removing stm32f10x_gpio.o(i.GPIO_Write), (4 bytes).
    Removing stm32f10x_gpio.o(i.GPIO_WriteBit), (10 bytes).
    Removing stm32f10x_rcc.o(.rev16_text), (4 bytes).
    Removing stm32f10x_rcc.o(.revsh_text), (4 bytes).
    Removing stm32f10x_rcc.o(i.RCC_ADCCLKConfig), (20 bytes).
    Removing stm32f10x_rcc.o(i.RCC_AHBPeriphClockCmd), (24 bytes).
    Removing stm32f10x_rcc.o(i.RCC_APB1PeriphResetCmd), (24 bytes).
    Removing stm32f10x_rcc.o(i.RCC_APB2PeriphResetCmd), (24 bytes).
    Removing stm32f10x_rcc.o(i.RCC_AdjustHSICalibrationValue), (20 bytes).
    Removing stm32f10x_rcc.o(i.RCC_BackupResetCmd), (12 bytes).
    Removing stm32f10x_rcc.o(i.RCC_ClearFlag), (16 bytes).
    Removing stm32f10x_rcc.o(i.RCC_ClearITPendingBit), (12 bytes).
    Removing stm32f10x_rcc.o(i.RCC_ClockSecuritySystemCmd), (12 bytes).
    Removing stm32f10x_rcc.o(i.RCC_DeInit), (64 bytes).
    Removing stm32f10x_rcc.o(i.RCC_GetFlagStatus), (48 bytes).
    Removing stm32f10x_rcc.o(i.RCC_GetITStatus), (20 bytes).
    Removing stm32f10x_rcc.o(i.RCC_GetSYSCLKSource), (16 bytes).
    Removing stm32f10x_rcc.o(i.RCC_HCLKConfig), (20 bytes).
    Removing stm32f10x_rcc.o(i.RCC_HSEConfig), (52 bytes).
    Removing stm32f10x_rcc.o(i.RCC_HSICmd), (12 bytes).
    Removing stm32f10x_rcc.o(i.RCC_ITConfig), (24 bytes).
    Removing stm32f10x_rcc.o(i.RCC_LSEConfig), (32 bytes).
    Removing stm32f10x_rcc.o(i.RCC_LSICmd), (12 bytes).
    Removing stm32f10x_rcc.o(i.RCC_MCOConfig), (12 bytes).
    Removing stm32f10x_rcc.o(i.RCC_PCLK1Config), (20 bytes).
    Removing stm32f10x_rcc.o(i.RCC_PCLK2Config), (20 bytes).
    Removing stm32f10x_rcc.o(i.RCC_PLLCmd), (12 bytes).
    Removing stm32f10x_rcc.o(i.RCC_PLLConfig), (20 bytes).
    Removing stm32f10x_rcc.o(i.RCC_RTCCLKCmd), (12 bytes).
    Removing stm32f10x_rcc.o(i.RCC_RTCCLKConfig), (16 bytes).
    Removing stm32f10x_rcc.o(i.RCC_SYSCLKConfig), (20 bytes).
    Removing stm32f10x_rcc.o(i.RCC_USBCLKConfig), (12 bytes).
    Removing stm32f10x_rcc.o(i.RCC_WaitForHSEStartUp), (44 bytes).
    Removing stm32f10x_spi.o(.rev16_text), (4 bytes).
    Removing stm32f10x_spi.o(.revsh_text), (4 bytes).
    Removing stm32f10x_spi.o(i.I2S_Cmd), (20 bytes).
    Removing stm32f10x_spi.o(i.I2S_Init), (152 bytes).
    Removing stm32f10x_spi.o(i.I2S_StructInit), (18 bytes).
    Removing stm32f10x_spi.o(i.SPI_BiDirectionalLineConfig), (22 bytes).
    Removing stm32f10x_spi.o(i.SPI_CalculateCRC), (20 bytes).
    Removing stm32f10x_spi.o(i.SPI_Cmd), (20 bytes).
    Removing stm32f10x_spi.o(i.SPI_DataSizeConfig), (16 bytes).
    Removing stm32f10x_spi.o(i.SPI_GetCRC), (12 bytes).
    Removing stm32f10x_spi.o(i.SPI_GetCRCPolynomial), (4 bytes).
    Removing stm32f10x_spi.o(i.SPI_I2S_ClearFlag), (6 bytes).
    Removing stm32f10x_spi.o(i.SPI_I2S_ClearITPendingBit), (14 bytes).
    Removing stm32f10x_spi.o(i.SPI_I2S_DMACmd), (16 bytes).
    Removing stm32f10x_spi.o(i.SPI_I2S_DeInit), (84 bytes).
    Removing stm32f10x_spi.o(i.SPI_I2S_GetFlagStatus), (14 bytes).
    Removing stm32f10x_spi.o(i.SPI_I2S_GetITStatus), (42 bytes).
    Removing stm32f10x_spi.o(i.SPI_I2S_ITConfig), (24 bytes).
    Removing stm32f10x_spi.o(i.SPI_I2S_ReceiveData), (4 bytes).
    Removing stm32f10x_spi.o(i.SPI_I2S_SendData), (4 bytes).
    Removing stm32f10x_spi.o(i.SPI_Init), (56 bytes).
    Removing stm32f10x_spi.o(i.SPI_NSSInternalSoftwareConfig), (24 bytes).
    Removing stm32f10x_spi.o(i.SPI_SSOutputCmd), (20 bytes).
    Removing stm32f10x_spi.o(i.SPI_StructInit), (24 bytes).
    Removing stm32f10x_spi.o(i.SPI_TransmitCRC), (10 bytes).
    Removing stm32f10x_usart.o(.rev16_text), (4 bytes).
    Removing stm32f10x_usart.o(.revsh_text), (4 bytes).
    Removing stm32f10x_usart.o(i.USART_ClearITPendingBit), (12 bytes).
    Removing stm32f10x_usart.o(i.USART_ClockInit), (30 bytes).
    Removing stm32f10x_usart.o(i.USART_ClockStructInit), (12 bytes).
    Removing stm32f10x_usart.o(i.USART_DMACmd), (16 bytes).
    Removing stm32f10x_usart.o(i.USART_DeInit), (116 bytes).
    Removing stm32f10x_usart.o(i.USART_GetFlagStatus), (14 bytes).
    Removing stm32f10x_usart.o(i.USART_HalfDuplexCmd), (20 bytes).
    Removing stm32f10x_usart.o(i.USART_IrDACmd), (20 bytes).
    Removing stm32f10x_usart.o(i.USART_IrDAConfig), (16 bytes).
    Removing stm32f10x_usart.o(i.USART_LINBreakDetectLengthConfig), (16 bytes).
    Removing stm32f10x_usart.o(i.USART_LINCmd), (20 bytes).
    Removing stm32f10x_usart.o(i.USART_OneBitMethodCmd), (20 bytes).
    Removing stm32f10x_usart.o(i.USART_OverSampling8Cmd), (20 bytes).
    Removing stm32f10x_usart.o(i.USART_ReceiverWakeUpCmd), (20 bytes).
    Removing stm32f10x_usart.o(i.USART_SendBreak), (10 bytes).
    Removing stm32f10x_usart.o(i.USART_SetAddress), (16 bytes).
    Removing stm32f10x_usart.o(i.USART_SetGuardTime), (16 bytes).
    Removing stm32f10x_usart.o(i.USART_SetPrescaler), (16 bytes).
    Removing stm32f10x_usart.o(i.USART_SmartCardCmd), (20 bytes).
    Removing stm32f10x_usart.o(i.USART_SmartCardNACKCmd), (20 bytes).
    Removing stm32f10x_usart.o(i.USART_StructInit), (22 bytes).
    Removing stm32f10x_usart.o(i.USART_WakeUpConfig), (16 bytes).
    Removing misc.o(.rev16_text), (4 bytes).
    Removing misc.o(.revsh_text), (4 bytes).
    Removing misc.o(i.NVIC_SetVectorTable), (20 bytes).
    Removing misc.o(i.NVIC_SystemLPConfig), (24 bytes).
    Removing misc.o(i.SysTick_CLKSourceConfig), (24 bytes).
    Removing stm32f10x_tim.o(.rev16_text), (4 bytes).
    Removing stm32f10x_tim.o(.revsh_text), (4 bytes).
    Removing stm32f10x_tim.o(i.TI1_Config), (108 bytes).
    Removing stm32f10x_tim.o(i.TI2_Config), (124 bytes).
    Removing stm32f10x_tim.o(i.TIM_ARRPreloadConfig), (20 bytes).
    Removing stm32f10x_tim.o(i.TIM_BDTRConfig), (34 bytes).
    Removing stm32f10x_tim.o(i.TIM_BDTRStructInit), (18 bytes).
    Removing stm32f10x_tim.o(i.TIM_CCPreloadControl), (20 bytes).
    Removing stm32f10x_tim.o(i.TIM_CCxCmd), (22 bytes).
    Removing stm32f10x_tim.o(i.TIM_CCxNCmd), (22 bytes).
    Removing stm32f10x_tim.o(i.TIM_ClearFlag), (6 bytes).
    Removing stm32f10x_tim.o(i.TIM_ClearOC1Ref), (12 bytes).
    Removing stm32f10x_tim.o(i.TIM_ClearOC2Ref), (20 bytes).
    Removing stm32f10x_tim.o(i.TIM_ClearOC3Ref), (12 bytes).
    Removing stm32f10x_tim.o(i.TIM_ClearOC4Ref), (20 bytes).
    Removing stm32f10x_tim.o(i.TIM_CounterModeConfig), (12 bytes).
    Removing stm32f10x_tim.o(i.TIM_CtrlPWMOutputs), (22 bytes).
    Removing stm32f10x_tim.o(i.TIM_DMACmd), (16 bytes).
    Removing stm32f10x_tim.o(i.TIM_DMAConfig), (8 bytes).
    Removing stm32f10x_tim.o(i.TIM_DeInit), (368 bytes).
    Removing stm32f10x_tim.o(i.TIM_ETRClockMode1Config), (18 bytes).
    Removing stm32f10x_tim.o(i.TIM_ETRClockMode2Config), (18 bytes).
    Removing stm32f10x_tim.o(i.TIM_ETRConfig), (24 bytes).
    Removing stm32f10x_tim.o(i.TIM_EncoderInterfaceConfig), (50 bytes).
    Removing stm32f10x_tim.o(i.TIM_ForcedOC1Config), (12 bytes).
    Removing stm32f10x_tim.o(i.TIM_ForcedOC2Config), (20 bytes).
    Removing stm32f10x_tim.o(i.TIM_ForcedOC3Config), (12 bytes).
    Removing stm32f10x_tim.o(i.TIM_ForcedOC4Config), (20 bytes).
    Removing stm32f10x_tim.o(i.TIM_GenerateEvent), (4 bytes).
    Removing stm32f10x_tim.o(i.TIM_GetCapture1), (4 bytes).
    Removing stm32f10x_tim.o(i.TIM_GetCapture2), (4 bytes).
    Removing stm32f10x_tim.o(i.TIM_GetCapture3), (4 bytes).
    Removing stm32f10x_tim.o(i.TIM_GetCapture4), (6 bytes).
    Removing stm32f10x_tim.o(i.TIM_GetCounter), (4 bytes).
    Removing stm32f10x_tim.o(i.TIM_GetFlagStatus), (14 bytes).
    Removing stm32f10x_tim.o(i.TIM_GetPrescaler), (4 bytes).
    Removing stm32f10x_tim.o(i.TIM_ICInit), (300 bytes).
    Removing stm32f10x_tim.o(i.TIM_ICStructInit), (16 bytes).
    Removing stm32f10x_tim.o(i.TIM_ITRxExternalClockConfig), (18 bytes).
    Removing stm32f10x_tim.o(i.TIM_InternalClockConfig), (10 bytes).
    Removing stm32f10x_tim.o(i.TIM_OC1FastConfig), (12 bytes).
    Removing stm32f10x_tim.o(i.TIM_OC1Init), (128 bytes).
    Removing stm32f10x_tim.o(i.TIM_OC1NPolarityConfig), (12 bytes).
    Removing stm32f10x_tim.o(i.TIM_OC1PolarityConfig), (12 bytes).
    Removing stm32f10x_tim.o(i.TIM_OC1PreloadConfig), (12 bytes).
    Removing stm32f10x_tim.o(i.TIM_OC2FastConfig), (20 bytes).
    Removing stm32f10x_tim.o(i.TIM_OC2Init), (128 bytes).
    Removing stm32f10x_tim.o(i.TIM_OC2NPolarityConfig), (20 bytes).
    Removing stm32f10x_tim.o(i.TIM_OC2PolarityConfig), (20 bytes).
    Removing stm32f10x_tim.o(i.TIM_OC2PreloadConfig), (20 bytes).
    Removing stm32f10x_tim.o(i.TIM_OC3FastConfig), (12 bytes).
    Removing stm32f10x_tim.o(i.TIM_OC3Init), (124 bytes).
    Removing stm32f10x_tim.o(i.TIM_OC3NPolarityConfig), (20 bytes).
    Removing stm32f10x_tim.o(i.TIM_OC3PolarityConfig), (20 bytes).
    Removing stm32f10x_tim.o(i.TIM_OC3PreloadConfig), (12 bytes).
    Removing stm32f10x_tim.o(i.TIM_OC4FastConfig), (20 bytes).
    Removing stm32f10x_tim.o(i.TIM_OC4Init), (100 bytes).
    Removing stm32f10x_tim.o(i.TIM_OC4PolarityConfig), (20 bytes).
    Removing stm32f10x_tim.o(i.TIM_OC4PreloadConfig), (20 bytes).
    Removing stm32f10x_tim.o(i.TIM_OCStructInit), (20 bytes).
    Removing stm32f10x_tim.o(i.TIM_PWMIConfig), (108 bytes).
    Removing stm32f10x_tim.o(i.TIM_PrescalerConfig), (6 bytes).
    Removing stm32f10x_tim.o(i.TIM_SelectCCDMA), (20 bytes).
    Removing stm32f10x_tim.o(i.TIM_SelectCOM), (20 bytes).
    Removing stm32f10x_tim.o(i.TIM_SelectHallSensor), (20 bytes).
    Removing stm32f10x_tim.o(i.TIM_SelectInputTrigger), (12 bytes).
    Removing stm32f10x_tim.o(i.TIM_SelectMasterSlaveMode), (16 bytes).
    Removing stm32f10x_tim.o(i.TIM_SelectOCxM), (70 bytes).
    Removing stm32f10x_tim.o(i.TIM_SelectOnePulseMode), (16 bytes).
    Removing stm32f10x_tim.o(i.TIM_SelectOutputTrigger), (16 bytes).
    Removing stm32f10x_tim.o(i.TIM_SelectSlaveMode), (16 bytes).
    Removing stm32f10x_tim.o(i.TIM_SetAutoreload), (4 bytes).
    Removing stm32f10x_tim.o(i.TIM_SetClockDivision), (16 bytes).
    Removing stm32f10x_tim.o(i.TIM_SetCompare1), (4 bytes).
    Removing stm32f10x_tim.o(i.TIM_SetCompare2), (4 bytes).
    Removing stm32f10x_tim.o(i.TIM_SetCompare3), (4 bytes).
    Removing stm32f10x_tim.o(i.TIM_SetCompare4), (6 bytes).
    Removing stm32f10x_tim.o(i.TIM_SetCounter), (4 bytes).
    Removing stm32f10x_tim.o(i.TIM_SetIC1Prescaler), (16 bytes).
    Removing stm32f10x_tim.o(i.TIM_SetIC2Prescaler), (24 bytes).
    Removing stm32f10x_tim.o(i.TIM_SetIC3Prescaler), (16 bytes).
    Removing stm32f10x_tim.o(i.TIM_SetIC4Prescaler), (24 bytes).
    Removing stm32f10x_tim.o(i.TIM_TIxExternalClockConfig), (46 bytes).
    Removing stm32f10x_tim.o(i.TIM_TimeBaseStructInit), (18 bytes).
    Removing stm32f10x_tim.o(i.TIM_UpdateDisableConfig), (20 bytes).
    Removing stm32f10x_tim.o(i.TIM_UpdateRequestConfig), (20 bytes).
    Removing system_stm32f10x.o(.rev16_text), (4 bytes).
    Removing system_stm32f10x.o(.revsh_text), (4 bytes).
    Removing system_stm32f10x.o(i.SystemCoreClockUpdate), (100 bytes).
    Removing dadd.o(.text), (334 bytes).
    Removing dmul.o(.text), (228 bytes).
    Removing ddiv.o(.text), (222 bytes).
    Removing dfixul.o(.text), (48 bytes).
    Removing cdrcmple.o(.text), (48 bytes).
    Removing depilogue.o(.text), (186 bytes).

249 unused section(s) (total 8255 bytes) removed from the image.

==============================================================================

Image Symbol Table

    Local Symbols

    Symbol Name                              Value     Ov Type        Size  Object(Section)

    ../clib/microlib/division.c              0x00000000   Number         0  uldiv.o ABSOLUTE
    ../clib/microlib/division.c              0x00000000   Number         0  uidiv.o ABSOLUTE
    ../clib/microlib/init/entry.s            0x00000000   Number         0  entry11a.o ABSOLUTE
    ../clib/microlib/init/entry.s            0x00000000   Number         0  entry.o ABSOLUTE
    ../clib/microlib/init/entry.s            0x00000000   Number         0  entry12b.o ABSOLUTE
    ../clib/microlib/init/entry.s            0x00000000   Number         0  entry10b.o ABSOLUTE
    ../clib/microlib/init/entry.s            0x00000000   Number         0  entry10a.o ABSOLUTE
    ../clib/microlib/init/entry.s            0x00000000   Number         0  entry9a.o ABSOLUTE
    ../clib/microlib/init/entry.s            0x00000000   Number         0  entry8b.o ABSOLUTE
    ../clib/microlib/init/entry.s            0x00000000   Number         0  entry8a.o ABSOLUTE
    ../clib/microlib/init/entry.s            0x00000000   Number         0  entry12a.o ABSOLUTE
    ../clib/microlib/init/entry.s            0x00000000   Number         0  entry7b.o ABSOLUTE
    ../clib/microlib/init/entry.s            0x00000000   Number         0  entry7a.o ABSOLUTE
    ../clib/microlib/init/entry.s            0x00000000   Number         0  entry5.o ABSOLUTE
    ../clib/microlib/init/entry.s            0x00000000   Number         0  entry2.o ABSOLUTE
    ../clib/microlib/init/entry.s            0x00000000   Number         0  entry11b.o ABSOLUTE
    ../clib/microlib/init/entry.s            0x00000000   Number         0  entry9b.o ABSOLUTE
    ../clib/microlib/longlong.c              0x00000000   Number         0  llshl.o ABSOLUTE
    ../clib/microlib/longlong.c              0x00000000   Number         0  llushr.o ABSOLUTE
    ../clib/microlib/longlong.c              0x00000000   Number         0  llsshr.o ABSOLUTE
    ../clib/microlib/printf/printf.c         0x00000000   Number         0  printfa.o ABSOLUTE
    ../clib/microlib/printf/printf.c         0x00000000   Number         0  printf8.o ABSOLUTE
    ../clib/microlib/printf/printf.c         0x00000000   Number         0  printf7.o ABSOLUTE
    ../clib/microlib/printf/printf.c         0x00000000   Number         0  printf5.o ABSOLUTE
    ../clib/microlib/printf/printf.c         0x00000000   Number         0  printf4.o ABSOLUTE
    ../clib/microlib/printf/printf.c         0x00000000   Number         0  printf3.o ABSOLUTE
    ../clib/microlib/printf/printf.c         0x00000000   Number         0  printf1.o ABSOLUTE
    ../clib/microlib/printf/printf.c         0x00000000   Number         0  printf0.o ABSOLUTE
    ../clib/microlib/printf/printf.c         0x00000000   Number         0  printf6.o ABSOLUTE
    ../clib/microlib/printf/printf.c         0x00000000   Number         0  printf2.o ABSOLUTE
    ../clib/microlib/printf/printf.c         0x00000000   Number         0  printfb.o ABSOLUTE
    ../clib/microlib/printf/stubs.s          0x00000000   Number         0  stubs.o ABSOLUTE
    ../clib/microlib/stdio/streams.c         0x00000000   Number         0  stdout.o ABSOLUTE
    ../clib/microlib/stubs.s                 0x00000000   Number         0  iusefp.o ABSOLUTE
    ../fplib/microlib/fpadd.c                0x00000000   Number         0  dadd.o ABSOLUTE
    ../fplib/microlib/fpdiv.c                0x00000000   Number         0  ddiv.o ABSOLUTE
    ../fplib/microlib/fpepilogue.c           0x00000000   Number         0  depilogue.o ABSOLUTE
    ../fplib/microlib/fpfix.c                0x00000000   Number         0  dfixul.o ABSOLUTE
    ../fplib/microlib/fpmul.c                0x00000000   Number         0  dmul.o ABSOLUTE
    ..\..\Libraries\CMSIS\Device\ST\STM32F10x\Source\Templates\arm\startup_stm32f10x_hd.s 0x00000000   Number         0  startup_stm32f10x_hd.o ABSOLUTE
    ..\..\Libraries\STM32F10x_StdPeriph_Driver\src\misc.c 0x00000000   Number         0  misc.o ABSOLUTE
    ..\..\Libraries\STM32F10x_StdPeriph_Driver\src\stm32f10x_gpio.c 0x00000000   Number         0  stm32f10x_gpio.o ABSOLUTE
    ..\..\Libraries\STM32F10x_StdPeriph_Driver\src\stm32f10x_rcc.c 0x00000000   Number         0  stm32f10x_rcc.o ABSOLUTE
    ..\..\Libraries\STM32F10x_StdPeriph_Driver\src\stm32f10x_spi.c 0x00000000   Number         0  stm32f10x_spi.o ABSOLUTE
    ..\..\Libraries\STM32F10x_StdPeriph_Driver\src\stm32f10x_tim.c 0x00000000   Number         0  stm32f10x_tim.o ABSOLUTE
    ..\..\Libraries\STM32F10x_StdPeriph_Driver\src\stm32f10x_usart.c 0x00000000   Number         0  stm32f10x_usart.o ABSOLUTE
    ..\..\User\app\src\demo_spi_ad7606.c     0x00000000   Number         0  demo_spi_ad7606.o ABSOLUTE
    ..\..\User\app\src\main.c                0x00000000   Number         0  main.o ABSOLUTE
    ..\..\User\bsp\bsp.c                     0x00000000   Number         0  bsp.o ABSOLUTE
    ..\..\User\bsp\src\bsp_key.c             0x00000000   Number         0  bsp_key.o ABSOLUTE
    ..\..\User\bsp\src\bsp_led.c             0x00000000   Number         0  bsp_led.o ABSOLUTE
    ..\..\User\bsp\src\bsp_spi_ad7606.c      0x00000000   Number         0  bsp_spi_ad7606.o ABSOLUTE
    ..\..\User\bsp\src\bsp_spi_bus.c         0x00000000   Number         0  bsp_spi_bus.o ABSOLUTE
    ..\..\User\bsp\src\bsp_timer.c           0x00000000   Number         0  bsp_timer.o ABSOLUTE
    ..\..\User\bsp\src\bsp_uart_fifo.c       0x00000000   Number         0  bsp_uart_fifo.o ABSOLUTE
    ..\..\User\bsp\stm32f10x_assert.c        0x00000000   Number         0  stm32f10x_assert.o ABSOLUTE
    ..\..\User\bsp\stm32f10x_it.c            0x00000000   Number         0  stm32f10x_it.o ABSOLUTE
    ..\..\User\bsp\system_stm32f10x.c        0x00000000   Number         0  system_stm32f10x.o ABSOLUTE
    ..\\..\\Libraries\\STM32F10x_StdPeriph_Driver\\src\\misc.c 0x00000000   Number         0  misc.o ABSOLUTE
    ..\\..\\Libraries\\STM32F10x_StdPeriph_Driver\\src\\stm32f10x_gpio.c 0x00000000   Number         0  stm32f10x_gpio.o ABSOLUTE
    ..\\..\\Libraries\\STM32F10x_StdPeriph_Driver\\src\\stm32f10x_rcc.c 0x00000000   Number         0  stm32f10x_rcc.o ABSOLUTE
    ..\\..\\Libraries\\STM32F10x_StdPeriph_Driver\\src\\stm32f10x_spi.c 0x00000000   Number         0  stm32f10x_spi.o ABSOLUTE
    ..\\..\\Libraries\\STM32F10x_StdPeriph_Driver\\src\\stm32f10x_tim.c 0x00000000   Number         0  stm32f10x_tim.o ABSOLUTE
    ..\\..\\Libraries\\STM32F10x_StdPeriph_Driver\\src\\stm32f10x_usart.c 0x00000000   Number         0  stm32f10x_usart.o ABSOLUTE
    ..\\..\\User\\app\\src\\demo_spi_ad7606.c 0x00000000   Number         0  demo_spi_ad7606.o ABSOLUTE
    ..\\..\\User\\app\\src\\main.c           0x00000000   Number         0  main.o ABSOLUTE
    ..\\..\\User\\bsp\\bsp.c                 0x00000000   Number         0  bsp.o ABSOLUTE
    ..\\..\\User\\bsp\\src\\bsp_key.c        0x00000000   Number         0  bsp_key.o ABSOLUTE
    ..\\..\\User\\bsp\\src\\bsp_led.c        0x00000000   Number         0  bsp_led.o ABSOLUTE
    ..\\..\\User\\bsp\\src\\bsp_spi_ad7606.c 0x00000000   Number         0  bsp_spi_ad7606.o ABSOLUTE
    ..\\..\\User\\bsp\\src\\bsp_spi_bus.c    0x00000000   Number         0  bsp_spi_bus.o ABSOLUTE
    ..\\..\\User\\bsp\\src\\bsp_timer.c      0x00000000   Number         0  bsp_timer.o ABSOLUTE
    ..\\..\\User\\bsp\\src\\bsp_uart_fifo.c  0x00000000   Number         0  bsp_uart_fifo.o ABSOLUTE
    ..\\..\\User\\bsp\\stm32f10x_assert.c    0x00000000   Number         0  stm32f10x_assert.o ABSOLUTE
    ..\\..\\User\\bsp\\stm32f10x_it.c        0x00000000   Number         0  stm32f10x_it.o ABSOLUTE
    ..\\..\\User\\bsp\\system_stm32f10x.c    0x00000000   Number         0  system_stm32f10x.o ABSOLUTE
    cdrcmple.s                               0x00000000   Number         0  cdrcmple.o ABSOLUTE
    dc.s                                     0x00000000   Number         0  dc.o ABSOLUTE
    handlers.s                               0x00000000   Number         0  handlers.o ABSOLUTE
    init.s                                   0x00000000   Number         0  init.o ABSOLUTE
    RESET                                    0x08000000   Section      304  startup_stm32f10x_hd.o(RESET)
    .ARM.Collect$$$$00000000                 0x08000130   Section        0  entry.o(.ARM.Collect$$$$00000000)
    .ARM.Collect$$$$00000001                 0x08000130   Section        4  entry2.o(.ARM.Collect$$$$00000001)
    .ARM.Collect$$$$00000004                 0x08000134   Section        4  entry5.o(.ARM.Collect$$$$00000004)
    .ARM.Collect$$$$00000008                 0x08000138   Section        0  entry7b.o(.ARM.Collect$$$$00000008)
    .ARM.Collect$$$$0000000A                 0x08000138   Section        0  entry8b.o(.ARM.Collect$$$$0000000A)
    .ARM.Collect$$$$0000000B                 0x08000138   Section        8  entry9a.o(.ARM.Collect$$$$0000000B)
    .ARM.Collect$$$$0000000E                 0x08000140   Section        4  entry12b.o(.ARM.Collect$$$$0000000E)
    .ARM.Collect$$$$0000000F                 0x08000144   Section        0  entry10a.o(.ARM.Collect$$$$0000000F)
    .ARM.Collect$$$$00000011                 0x08000144   Section        0  entry11a.o(.ARM.Collect$$$$00000011)
    .ARM.Collect$$$$00002712                 0x08000144   Section        4  entry2.o(.ARM.Collect$$$$00002712)
    __lit__00000000                          0x08000144   Data           4  entry2.o(.ARM.Collect$$$$00002712)
    .text                                    0x08000148   Section       36  startup_stm32f10x_hd.o(.text)
    .text                                    0x0800016c   Section        0  uldiv.o(.text)
    .text                                    0x080001d0   Section       36  init.o(.text)
    .text                                    0x080001f4   Section        0  llshl.o(.text)
    .text                                    0x08000212   Section        0  llushr.o(.text)
    i.AD7606_ConfigGPIO                      0x08000234   Section        0  bsp_spi_ad7606.o(i.AD7606_ConfigGPIO)
    AD7606_ConfigGPIO                        0x08000235   Thumb Code   116  bsp_spi_ad7606.o(i.AD7606_ConfigGPIO)
    i.AD7606_Disp                            0x080002b8   Section        0  demo_spi_ad7606.o(i.AD7606_Disp)
    AD7606_Disp                              0x080002b9   Thumb Code   174  demo_spi_ad7606.o(i.AD7606_Disp)
    i.AD7606_ReadAdc                         0x080003c4   Section        0  bsp_spi_ad7606.o(i.AD7606_ReadAdc)
    i.AD7606_Reset                           0x080003dc   Section        0  bsp_spi_ad7606.o(i.AD7606_Reset)
    i.AD7606_Scan                            0x08000428   Section        0  bsp_spi_ad7606.o(i.AD7606_Scan)
    i.AD7606_SetInputRange                   0x08000484   Section        0  bsp_spi_ad7606.o(i.AD7606_SetInputRange)
    i.AD7606_StartConv                       0x0800049c   Section        0  bsp_spi_ad7606.o(i.AD7606_StartConv)
    i.BusFault_Handler                       0x080004cc   Section        0  stm32f10x_it.o(i.BusFault_Handler)
    i.ComToUart                              0x080004d0   Section        0  bsp_uart_fifo.o(i.ComToUart)
    i.DebugMon_Handler                       0x080004f8   Section        0  stm32f10x_it.o(i.DebugMon_Handler)
    i.Demo_spi_AD7606                        0x080004fc   Section        0  demo_spi_ad7606.o(i.Demo_spi_AD7606)
    i.DispMenu                               0x080005ac   Section        0  demo_spi_ad7606.o(i.DispMenu)
    DispMenu                                 0x080005ad   Thumb Code    30  demo_spi_ad7606.o(i.DispMenu)
    i.GPIO_Init                              0x08000634   Section        0  stm32f10x_gpio.o(i.GPIO_Init)
    i.GPIO_PinRemapConfig                    0x080006d8   Section        0  stm32f10x_gpio.o(i.GPIO_PinRemapConfig)
    i.GPIO_ReadInputDataBit                  0x08000730   Section        0  stm32f10x_gpio.o(i.GPIO_ReadInputDataBit)
    i.GPIO_ResetBits                         0x0800073e   Section        0  stm32f10x_gpio.o(i.GPIO_ResetBits)
    i.GPIO_SetBits                           0x08000742   Section        0  stm32f10x_gpio.o(i.GPIO_SetBits)
    i.HardFault_Handler                      0x08000748   Section        0  stm32f10x_it.o(i.HardFault_Handler)
    i.InitHardUart                           0x08000768   Section        0  bsp_uart_fifo.o(i.InitHardUart)
    InitHardUart                             0x08000769   Thumb Code   438  bsp_uart_fifo.o(i.InitHardUart)
    i.IsKeyDown1                             0x08000934   Section        0  bsp_key.o(i.IsKeyDown1)
    IsKeyDown1                               0x08000935   Thumb Code    32  bsp_key.o(i.IsKeyDown1)
    i.IsKeyDown10                            0x08000960   Section        0  bsp_key.o(i.IsKeyDown10)
    IsKeyDown10                              0x08000961   Thumb Code    32  bsp_key.o(i.IsKeyDown10)
    i.IsKeyDown2                             0x0800098c   Section        0  bsp_key.o(i.IsKeyDown2)
    IsKeyDown2                               0x0800098d   Thumb Code    32  bsp_key.o(i.IsKeyDown2)
    i.IsKeyDown3                             0x080009b8   Section        0  bsp_key.o(i.IsKeyDown3)
    IsKeyDown3                               0x080009b9   Thumb Code    32  bsp_key.o(i.IsKeyDown3)
    i.IsKeyDown4                             0x080009e4   Section        0  bsp_key.o(i.IsKeyDown4)
    IsKeyDown4                               0x080009e5   Thumb Code    16  bsp_key.o(i.IsKeyDown4)
    i.IsKeyDown5                             0x080009f8   Section        0  bsp_key.o(i.IsKeyDown5)
    IsKeyDown5                               0x080009f9   Thumb Code    16  bsp_key.o(i.IsKeyDown5)
    i.IsKeyDown6                             0x08000a0c   Section        0  bsp_key.o(i.IsKeyDown6)
    IsKeyDown6                               0x08000a0d   Thumb Code    16  bsp_key.o(i.IsKeyDown6)
    i.IsKeyDown7                             0x08000a20   Section        0  bsp_key.o(i.IsKeyDown7)
    IsKeyDown7                               0x08000a21   Thumb Code    16  bsp_key.o(i.IsKeyDown7)
    i.IsKeyDown8                             0x08000a34   Section        0  bsp_key.o(i.IsKeyDown8)
    IsKeyDown8                               0x08000a35   Thumb Code    16  bsp_key.o(i.IsKeyDown8)
    i.IsKeyDown9                             0x08000a48   Section        0  bsp_key.o(i.IsKeyDown9)
    IsKeyDown9                               0x08000a49   Thumb Code    32  bsp_key.o(i.IsKeyDown9)
    i.MemManage_Handler                      0x08000a74   Section        0  stm32f10x_it.o(i.MemManage_Handler)
    i.NMI_Handler                            0x08000a76   Section        0  stm32f10x_it.o(i.NMI_Handler)
    i.NVIC_Init                              0x08000a78   Section        0  misc.o(i.NVIC_Init)
    i.NVIC_PriorityGroupConfig               0x08000adc   Section        0  misc.o(i.NVIC_PriorityGroupConfig)
    i.PendSV_Handler                         0x08000af0   Section        0  stm32f10x_it.o(i.PendSV_Handler)
    i.PrintfHardInfo                         0x08000af4   Section        0  main.o(i.PrintfHardInfo)
    PrintfHardInfo                           0x08000af5   Thumb Code    96  main.o(i.PrintfHardInfo)
    i.PrintfLogo                             0x08000dd4   Section        0  main.o(i.PrintfLogo)
    PrintfLogo                               0x08000dd5   Thumb Code    78  main.o(i.PrintfLogo)
    i.RCC_APB1PeriphClockCmd                 0x08000f7c   Section        0  stm32f10x_rcc.o(i.RCC_APB1PeriphClockCmd)
    i.RCC_APB2PeriphClockCmd                 0x08000f94   Section        0  stm32f10x_rcc.o(i.RCC_APB2PeriphClockCmd)
    i.RCC_GetClocksFreq                      0x08000fac   Section        0  stm32f10x_rcc.o(i.RCC_GetClocksFreq)
    i.SVC_Handler                            0x0800103c   Section        0  stm32f10x_it.o(i.SVC_Handler)
    i.SetSysClockTo72                        0x08001040   Section        0  system_stm32f10x.o(i.SetSysClockTo72)
    SetSysClockTo72                          0x08001041   Thumb Code   160  system_stm32f10x.o(i.SetSysClockTo72)
    i.SysTick_Handler                        0x080010e8   Section        0  bsp_timer.o(i.SysTick_Handler)
    i.SysTick_ISR                            0x080010ec   Section        0  bsp_timer.o(i.SysTick_ISR)
    i.SystemInit                             0x08001164   Section        0  system_stm32f10x.o(i.SystemInit)
    i.TIM2_IRQHandler                        0x080011b4   Section        0  bsp_timer.o(i.TIM2_IRQHandler)
    i.TIM_ClearITPendingBit                  0x08001248   Section        0  stm32f10x_tim.o(i.TIM_ClearITPendingBit)
    i.TIM_Cmd                                0x0800124e   Section        0  stm32f10x_tim.o(i.TIM_Cmd)
    i.TIM_GetITStatus                        0x08001262   Section        0  stm32f10x_tim.o(i.TIM_GetITStatus)
    i.TIM_ITConfig                           0x0800127a   Section        0  stm32f10x_tim.o(i.TIM_ITConfig)
    i.TIM_TimeBaseInit                       0x0800128c   Section        0  stm32f10x_tim.o(i.TIM_TimeBaseInit)
    i.USART1_IRQHandler                      0x08001328   Section        0  bsp_uart_fifo.o(i.USART1_IRQHandler)
    i.USART2_IRQHandler                      0x08001334   Section        0  bsp_uart_fifo.o(i.USART2_IRQHandler)
    i.USART3_IRQHandler                      0x08001340   Section        0  bsp_uart_fifo.o(i.USART3_IRQHandler)
    i.USART_ClearFlag                        0x0800134c   Section        0  stm32f10x_usart.o(i.USART_ClearFlag)
    i.USART_Cmd                              0x08001352   Section        0  stm32f10x_usart.o(i.USART_Cmd)
    i.USART_GetITStatus                      0x08001366   Section        0  stm32f10x_usart.o(i.USART_GetITStatus)
    i.USART_ITConfig                         0x080013a4   Section        0  stm32f10x_usart.o(i.USART_ITConfig)
    i.USART_Init                             0x080013d4   Section        0  stm32f10x_usart.o(i.USART_Init)
    i.USART_ReceiveData                      0x08001480   Section        0  stm32f10x_usart.o(i.USART_ReceiveData)
    i.USART_SendData                         0x08001488   Section        0  stm32f10x_usart.o(i.USART_SendData)
    i.USB_LP_CAN1_RX0_IRQHandler             0x08001490   Section        0  stm32f10x_it.o(i.USB_LP_CAN1_RX0_IRQHandler)
    i.UartIRQ                                0x0800149c   Section        0  bsp_uart_fifo.o(i.UartIRQ)
    UartIRQ                                  0x0800149d   Thumb Code   192  bsp_uart_fifo.o(i.UartIRQ)
    i.UartVarInit                            0x0800155c   Section        0  bsp_uart_fifo.o(i.UartVarInit)
    UartVarInit                              0x0800155d   Thumb Code   132  bsp_uart_fifo.o(i.UartVarInit)
    i.UsageFault_Handler                     0x080015f0   Section        0  stm32f10x_it.o(i.UsageFault_Handler)
    i.__0printf$8                            0x080015f4   Section        0  printf8.o(i.__0printf$8)
    i.__scatterload_copy                     0x08001614   Section       14  handlers.o(i.__scatterload_copy)
    i.__scatterload_null                     0x08001622   Section        2  handlers.o(i.__scatterload_null)
    i.__scatterload_zeroinit                 0x08001624   Section       14  handlers.o(i.__scatterload_zeroinit)
    i._printf_core                           0x08001634   Section        0  printf8.o(i._printf_core)
    _printf_core                             0x08001635   Thumb Code   984  printf8.o(i._printf_core)
    i._printf_post_padding                   0x08001a38   Section        0  printf8.o(i._printf_post_padding)
    _printf_post_padding                     0x08001a39   Thumb Code    36  printf8.o(i._printf_post_padding)
    i._printf_pre_padding                    0x08001a5c   Section        0  printf8.o(i._printf_pre_padding)
    _printf_pre_padding                      0x08001a5d   Thumb Code    46  printf8.o(i._printf_pre_padding)
    i.bsp_CheckTimer                         0x08001a8c   Section        0  bsp_timer.o(i.bsp_CheckTimer)
    i.bsp_DetectKey                          0x08001ab0   Section        0  bsp_key.o(i.bsp_DetectKey)
    bsp_DetectKey                            0x08001ab1   Thumb Code   166  bsp_key.o(i.bsp_DetectKey)
    i.bsp_Idle                               0x08001b5c   Section        0  bsp.o(i.bsp_Idle)
    i.bsp_Init                               0x08001b5e   Section        0  bsp.o(i.bsp_Init)
    i.bsp_InitHardTimer                      0x08001b7c   Section        0  bsp_timer.o(i.bsp_InitHardTimer)
    i.bsp_InitKey                            0x08001be4   Section        0  bsp_key.o(i.bsp_InitKey)
    i.bsp_InitKeyHard                        0x08001bf4   Section        0  bsp_key.o(i.bsp_InitKeyHard)
    bsp_InitKeyHard                          0x08001bf5   Thumb Code   138  bsp_key.o(i.bsp_InitKeyHard)
    i.bsp_InitKeyVar                         0x08001c90   Section        0  bsp_key.o(i.bsp_InitKeyVar)
    bsp_InitKeyVar                           0x08001c91   Thumb Code   122  bsp_key.o(i.bsp_InitKeyVar)
    i.bsp_InitSPIBus                         0x08001d38   Section        0  bsp_spi_bus.o(i.bsp_InitSPIBus)
    i.bsp_InitTimer                          0x08001d88   Section        0  bsp_timer.o(i.bsp_InitTimer)
    i.bsp_InitUart                           0x08001de8   Section        0  bsp_uart_fifo.o(i.bsp_InitUart)
    i.bsp_KeyScan                            0x08001e36   Section        0  bsp_key.o(i.bsp_KeyScan)
    i.bsp_PutKey                             0x08001e4c   Section        0  bsp_key.o(i.bsp_PutKey)
    i.bsp_RunPer10ms                         0x08001e68   Section        0  bsp.o(i.bsp_RunPer10ms)
    i.bsp_RunPer1ms                          0x08001e6c   Section        0  bsp.o(i.bsp_RunPer1ms)
    i.bsp_StartAutoTimer                     0x08001e70   Section        0  bsp_timer.o(i.bsp_StartAutoTimer)
    i.bsp_spiDelay                           0x08001ef0   Section        0  bsp_spi_bus.o(i.bsp_spiDelay)
    i.bsp_spiRead1                           0x08001efc   Section        0  bsp_spi_bus.o(i.bsp_spiRead1)
    i.bsp_spi_InitAD7606                     0x08001f48   Section        0  bsp_spi_ad7606.o(i.bsp_spi_InitAD7606)
    i.comGetChar                             0x08001f70   Section        0  bsp_uart_fifo.o(i.comGetChar)
    i.comSendBuf                             0x08001fbc   Section        0  bsp_uart_fifo.o(i.comSendBuf)
    i.comSendChar                            0x08002036   Section        0  bsp_uart_fifo.o(i.comSendChar)
    i.fputc                                  0x08002042   Section        0  bsp_uart_fifo.o(i.fputc)
    i.main                                   0x08002054   Section        0  main.o(i.main)
    .constdata                               0x08002078   Section       48  bsp_timer.o(.constdata)
    __FUNCTION__                             0x08002078   Data          15  bsp_timer.o(.constdata)
    __FUNCTION__                             0x08002087   Data          19  bsp_timer.o(.constdata)
    __FUNCTION__                             0x0800209a   Data          14  bsp_timer.o(.constdata)
    .data                                    0x20000000   Section       28  bsp_timer.o(.data)
    s_ucTimeOutFlag                          0x20000000   Data           1  bsp_timer.o(.data)
    s_count                                  0x20000001   Data           1  bsp_timer.o(.data)
    s_uiDelayCount                           0x20000004   Data           4  bsp_timer.o(.data)
    s_TIM_CallBack1                          0x2000000c   Data           4  bsp_timer.o(.data)
    s_TIM_CallBack2                          0x20000010   Data           4  bsp_timer.o(.data)
    s_TIM_CallBack3                          0x20000014   Data           4  bsp_timer.o(.data)
    s_TIM_CallBack4                          0x20000018   Data           4  bsp_timer.o(.data)
    .data                                    0x2000001c   Section        1  bsp_spi_ad7606.o(.data)
    .data                                    0x2000001d   Section       20  stm32f10x_rcc.o(.data)
    ADCPrescTable                            0x2000001d   Data           4  stm32f10x_rcc.o(.data)
    APBAHBPrescTable                         0x20000021   Data          16  stm32f10x_rcc.o(.data)
    .data                                    0x20000034   Section       20  system_stm32f10x.o(.data)
    .data                                    0x20000048   Section        4  stdout.o(.data)
    .bss                                     0x2000004c   Section       32  demo_spi_ad7606.o(.bss)
    s_volt                                   0x2000004c   Data          16  demo_spi_ad7606.o(.bss)
    s_dat                                    0x2000005c   Data          16  demo_spi_ad7606.o(.bss)
    .bss                                     0x2000006c   Section      173  bsp_key.o(.bss)
    s_tBtn                                   0x2000006c   Data         160  bsp_key.o(.bss)
    s_tKey                                   0x2000010c   Data          13  bsp_key.o(.bss)
    .bss                                     0x2000011c   Section       48  bsp_timer.o(.bss)
    s_tTmr                                   0x2000011c   Data          48  bsp_timer.o(.bss)
    .bss                                     0x2000014c   Section     6264  bsp_uart_fifo.o(.bss)
    g_tUart1                                 0x2000014c   Data          40  bsp_uart_fifo.o(.bss)
    g_TxBuf1                                 0x20000174   Data        1024  bsp_uart_fifo.o(.bss)
    g_RxBuf1                                 0x20000574   Data        1024  bsp_uart_fifo.o(.bss)
    g_tUart2                                 0x20000974   Data          40  bsp_uart_fifo.o(.bss)
    g_TxBuf2                                 0x2000099c   Data        1024  bsp_uart_fifo.o(.bss)
    g_RxBuf2                                 0x20000d9c   Data        1024  bsp_uart_fifo.o(.bss)
    g_tUart3                                 0x2000119c   Data          40  bsp_uart_fifo.o(.bss)
    g_TxBuf3                                 0x200011c4   Data        1024  bsp_uart_fifo.o(.bss)
    g_RxBuf3                                 0x200015c4   Data        1024  bsp_uart_fifo.o(.bss)
    .bss                                     0x200019c4   Section       16  bsp_spi_ad7606.o(.bss)
    s_adc_now                                0x200019c4   Data          16  bsp_spi_ad7606.o(.bss)
    STACK                                    0x200019d8   Section    32768  startup_stm32f10x_hd.o(STACK)

    Global Symbols

    Symbol Name                              Value     Ov Type        Size  Object(Section)

    BuildAttributes$$THM_ISAv4$P$D$K$B$S$PE$A:L22UL41UL21$X:L11$S22US41US21$IEEE1$IW$USESV6$~STKCKD$USESV7$~SHL$OSPACE$ROPI$EBA8$MICROLIB$REQ8$PRES8$EABIv2 0x00000000   Number         0  anon$$obj.o ABSOLUTE
    __ARM_use_no_argv                        0x00000000   Number         0  main.o ABSOLUTE
    _printf_a                                0x00000000   Number         0  stubs.o ABSOLUTE
    _printf_c                                0x00000000   Number         0  stubs.o ABSOLUTE
    _printf_charcount                        0x00000000   Number         0  stubs.o ABSOLUTE
    _printf_d                                0x00000000   Number         0  stubs.o ABSOLUTE
    _printf_e                                0x00000000   Number         0  stubs.o ABSOLUTE
    _printf_f                                0x00000000   Number         0  stubs.o ABSOLUTE
    _printf_flags                            0x00000000   Number         0  stubs.o ABSOLUTE
    _printf_fp_dec                           0x00000000   Number         0  stubs.o ABSOLUTE
    _printf_fp_hex                           0x00000000   Number         0  stubs.o ABSOLUTE
    _printf_g                                0x00000000   Number         0  stubs.o ABSOLUTE
    _printf_i                                0x00000000   Number         0  stubs.o ABSOLUTE
    _printf_int_dec                          0x00000000   Number         0  stubs.o ABSOLUTE
    _printf_l                                0x00000000   Number         0  stubs.o ABSOLUTE
    _printf_lc                               0x00000000   Number         0  stubs.o ABSOLUTE
    _printf_ll                               0x00000000   Number         0  stubs.o ABSOLUTE
    _printf_lld                              0x00000000   Number         0  stubs.o ABSOLUTE
    _printf_lli                              0x00000000   Number         0  stubs.o ABSOLUTE
    _printf_llo                              0x00000000   Number         0  stubs.o ABSOLUTE
    _printf_llu                              0x00000000   Number         0  stubs.o ABSOLUTE
    _printf_llx                              0x00000000   Number         0  stubs.o ABSOLUTE
    _printf_longlong_dec                     0x00000000   Number         0  stubs.o ABSOLUTE
    _printf_longlong_hex                     0x00000000   Number         0  stubs.o ABSOLUTE
    _printf_longlong_oct                     0x00000000   Number         0  stubs.o ABSOLUTE
    _printf_ls                               0x00000000   Number         0  stubs.o ABSOLUTE
    _printf_mbtowc                           0x00000000   Number         0  stubs.o ABSOLUTE
    _printf_n                                0x00000000   Number         0  stubs.o ABSOLUTE
    _printf_o                                0x00000000   Number         0  stubs.o ABSOLUTE
    _printf_p                                0x00000000   Number         0  stubs.o ABSOLUTE
    _printf_percent                          0x00000000   Number         0  stubs.o ABSOLUTE
    _printf_pre_padding                      0x00000000   Number         0  stubs.o ABSOLUTE
    _printf_return_value                     0x00000000   Number         0  stubs.o ABSOLUTE
    _printf_s                                0x00000000   Number         0  stubs.o ABSOLUTE
    _printf_sizespec                         0x00000000   Number         0  stubs.o ABSOLUTE
    _printf_str                              0x00000000   Number         0  stubs.o ABSOLUTE
    _printf_truncate_signed                  0x00000000   Number         0  stubs.o ABSOLUTE
    _printf_truncate_unsigned                0x00000000   Number         0  stubs.o ABSOLUTE
    _printf_u                                0x00000000   Number         0  stubs.o ABSOLUTE
    _printf_wc                               0x00000000   Number         0  stubs.o ABSOLUTE
    _printf_wctomb                           0x00000000   Number         0  stubs.o ABSOLUTE
    _printf_widthprec                        0x00000000   Number         0  stubs.o ABSOLUTE
    _printf_x                                0x00000000   Number         0  stubs.o ABSOLUTE
    __arm_fini_                               - Undefined Weak Reference
    __cpp_initialize__aeabi_                  - Undefined Weak Reference
    __cxa_finalize                            - Undefined Weak Reference
    __decompress                              - Undefined Weak Reference
    _clock_init                               - Undefined Weak Reference
    _microlib_exit                            - Undefined Weak Reference
    __Vectors_Size                           0x00000130   Number         0  startup_stm32f10x_hd.o ABSOLUTE
    __Vectors                                0x08000000   Data           4  startup_stm32f10x_hd.o(RESET)
    __Vectors_End                            0x08000130   Data           0  startup_stm32f10x_hd.o(RESET)
    __main                                   0x08000131   Thumb Code     0  entry.o(.ARM.Collect$$$$00000000)
    _main_stk                                0x08000131   Thumb Code     0  entry2.o(.ARM.Collect$$$$00000001)
    _main_scatterload                        0x08000135   Thumb Code     0  entry5.o(.ARM.Collect$$$$00000004)
    __main_after_scatterload                 0x08000139   Thumb Code     0  entry5.o(.ARM.Collect$$$$00000004)
    _main_clock                              0x08000139   Thumb Code     0  entry7b.o(.ARM.Collect$$$$00000008)
    _main_cpp_init                           0x08000139   Thumb Code     0  entry8b.o(.ARM.Collect$$$$0000000A)
    _main_init                               0x08000139   Thumb Code     0  entry9a.o(.ARM.Collect$$$$0000000B)
    __rt_lib_shutdown_fini                   0x08000141   Thumb Code     0  entry12b.o(.ARM.Collect$$$$0000000E)
    __rt_final_cpp                           0x08000145   Thumb Code     0  entry10a.o(.ARM.Collect$$$$0000000F)
    __rt_final_exit                          0x08000145   Thumb Code     0  entry11a.o(.ARM.Collect$$$$00000011)
    Reset_Handler                            0x08000149   Thumb Code     8  startup_stm32f10x_hd.o(.text)
    ADC1_2_IRQHandler                        0x08000163   Thumb Code     0  startup_stm32f10x_hd.o(.text)
    ADC3_IRQHandler                          0x08000163   Thumb Code     0  startup_stm32f10x_hd.o(.text)
    CAN1_RX1_IRQHandler                      0x08000163   Thumb Code     0  startup_stm32f10x_hd.o(.text)
    CAN1_SCE_IRQHandler                      0x08000163   Thumb Code     0  startup_stm32f10x_hd.o(.text)
    DMA1_Channel1_IRQHandler                 0x08000163   Thumb Code     0  startup_stm32f10x_hd.o(.text)
    DMA1_Channel2_IRQHandler                 0x08000163   Thumb Code     0  startup_stm32f10x_hd.o(.text)
    DMA1_Channel3_IRQHandler                 0x08000163   Thumb Code     0  startup_stm32f10x_hd.o(.text)
    DMA1_Channel4_IRQHandler                 0x08000163   Thumb Code     0  startup_stm32f10x_hd.o(.text)
    DMA1_Channel5_IRQHandler                 0x08000163   Thumb Code     0  startup_stm32f10x_hd.o(.text)
    DMA1_Channel6_IRQHandler                 0x08000163   Thumb Code     0  startup_stm32f10x_hd.o(.text)
    DMA1_Channel7_IRQHandler                 0x08000163   Thumb Code     0  startup_stm32f10x_hd.o(.text)
    DMA2_Channel1_IRQHandler                 0x08000163   Thumb Code     0  startup_stm32f10x_hd.o(.text)
    DMA2_Channel2_IRQHandler                 0x08000163   Thumb Code     0  startup_stm32f10x_hd.o(.text)
    DMA2_Channel3_IRQHandler                 0x08000163   Thumb Code     0  startup_stm32f10x_hd.o(.text)
    DMA2_Channel4_5_IRQHandler               0x08000163   Thumb Code     0  startup_stm32f10x_hd.o(.text)
    EXTI0_IRQHandler                         0x08000163   Thumb Code     0  startup_stm32f10x_hd.o(.text)
    EXTI15_10_IRQHandler                     0x08000163   Thumb Code     0  startup_stm32f10x_hd.o(.text)
    EXTI1_IRQHandler                         0x08000163   Thumb Code     0  startup_stm32f10x_hd.o(.text)
    EXTI2_IRQHandler                         0x08000163   Thumb Code     0  startup_stm32f10x_hd.o(.text)
    EXTI3_IRQHandler                         0x08000163   Thumb Code     0  startup_stm32f10x_hd.o(.text)
    EXTI4_IRQHandler                         0x08000163   Thumb Code     0  startup_stm32f10x_hd.o(.text)
    EXTI9_5_IRQHandler                       0x08000163   Thumb Code     0  startup_stm32f10x_hd.o(.text)
    FLASH_IRQHandler                         0x08000163   Thumb Code     0  startup_stm32f10x_hd.o(.text)
    FSMC_IRQHandler                          0x08000163   Thumb Code     0  startup_stm32f10x_hd.o(.text)
    I2C1_ER_IRQHandler                       0x08000163   Thumb Code     0  startup_stm32f10x_hd.o(.text)
    I2C1_EV_IRQHandler                       0x08000163   Thumb Code     0  startup_stm32f10x_hd.o(.text)
    I2C2_ER_IRQHandler                       0x08000163   Thumb Code     0  startup_stm32f10x_hd.o(.text)
    I2C2_EV_IRQHandler                       0x08000163   Thumb Code     0  startup_stm32f10x_hd.o(.text)
    PVD_IRQHandler                           0x08000163   Thumb Code     0  startup_stm32f10x_hd.o(.text)
    RCC_IRQHandler                           0x08000163   Thumb Code     0  startup_stm32f10x_hd.o(.text)
    RTCAlarm_IRQHandler                      0x08000163   Thumb Code     0  startup_stm32f10x_hd.o(.text)
    RTC_IRQHandler                           0x08000163   Thumb Code     0  startup_stm32f10x_hd.o(.text)
    SDIO_IRQHandler                          0x08000163   Thumb Code     0  startup_stm32f10x_hd.o(.text)
    SPI1_IRQHandler                          0x08000163   Thumb Code     0  startup_stm32f10x_hd.o(.text)
    SPI2_IRQHandler                          0x08000163   Thumb Code     0  startup_stm32f10x_hd.o(.text)
    SPI3_IRQHandler                          0x08000163   Thumb Code     0  startup_stm32f10x_hd.o(.text)
    TAMPER_IRQHandler                        0x08000163   Thumb Code     0  startup_stm32f10x_hd.o(.text)
    TIM1_BRK_IRQHandler                      0x08000163   Thumb Code     0  startup_stm32f10x_hd.o(.text)
    TIM1_CC_IRQHandler                       0x08000163   Thumb Code     0  startup_stm32f10x_hd.o(.text)
    TIM1_TRG_COM_IRQHandler                  0x08000163   Thumb Code     0  startup_stm32f10x_hd.o(.text)
    TIM1_UP_IRQHandler                       0x08000163   Thumb Code     0  startup_stm32f10x_hd.o(.text)
    TIM3_IRQHandler                          0x08000163   Thumb Code     0  startup_stm32f10x_hd.o(.text)
    TIM4_IRQHandler                          0x08000163   Thumb Code     0  startup_stm32f10x_hd.o(.text)
    TIM5_IRQHandler                          0x08000163   Thumb Code     0  startup_stm32f10x_hd.o(.text)
    TIM6_IRQHandler                          0x08000163   Thumb Code     0  startup_stm32f10x_hd.o(.text)
    TIM7_IRQHandler                          0x08000163   Thumb Code     0  startup_stm32f10x_hd.o(.text)
    TIM8_BRK_IRQHandler                      0x08000163   Thumb Code     0  startup_stm32f10x_hd.o(.text)
    TIM8_CC_IRQHandler                       0x08000163   Thumb Code     0  startup_stm32f10x_hd.o(.text)
    TIM8_TRG_COM_IRQHandler                  0x08000163   Thumb Code     0  startup_stm32f10x_hd.o(.text)
    TIM8_UP_IRQHandler                       0x08000163   Thumb Code     0  startup_stm32f10x_hd.o(.text)
    UART4_IRQHandler                         0x08000163   Thumb Code     0  startup_stm32f10x_hd.o(.text)
    UART5_IRQHandler                         0x08000163   Thumb Code     0  startup_stm32f10x_hd.o(.text)
    USBWakeUp_IRQHandler                     0x08000163   Thumb Code     0  startup_stm32f10x_hd.o(.text)
    USB_HP_CAN1_TX_IRQHandler                0x08000163   Thumb Code     0  startup_stm32f10x_hd.o(.text)
    WWDG_IRQHandler                          0x08000163   Thumb Code     0  startup_stm32f10x_hd.o(.text)
    __aeabi_uldivmod                         0x0800016d   Thumb Code    98  uldiv.o(.text)
    __scatterload                            0x080001d1   Thumb Code    28  init.o(.text)
    __scatterload_rt2                        0x080001d1   Thumb Code     0  init.o(.text)
    __aeabi_llsl                             0x080001f5   Thumb Code    30  llshl.o(.text)
    _ll_shift_l                              0x080001f5   Thumb Code     0  llshl.o(.text)
    __aeabi_llsr                             0x08000213   Thumb Code    32  llushr.o(.text)
    _ll_ushift_r                             0x08000213   Thumb Code     0  llushr.o(.text)
    AD7606_ReadAdc                           0x080003c5   Thumb Code    20  bsp_spi_ad7606.o(i.AD7606_ReadAdc)
    AD7606_Reset                             0x080003dd   Thumb Code    68  bsp_spi_ad7606.o(i.AD7606_Reset)
    AD7606_Scan                              0x08000429   Thumb Code    78  bsp_spi_ad7606.o(i.AD7606_Scan)
    AD7606_SetInputRange                     0x08000485   Thumb Code    20  bsp_spi_ad7606.o(i.AD7606_SetInputRange)
    AD7606_StartConv                         0x0800049d   Thumb Code    44  bsp_spi_ad7606.o(i.AD7606_StartConv)
    BusFault_Handler                         0x080004cd   Thumb Code     2  stm32f10x_it.o(i.BusFault_Handler)
    ComToUart                                0x080004d1   Thumb Code    26  bsp_uart_fifo.o(i.ComToUart)
    DebugMon_Handler                         0x080004f9   Thumb Code     2  stm32f10x_it.o(i.DebugMon_Handler)
    Demo_spi_AD7606                          0x080004fd   Thumb Code   168  demo_spi_ad7606.o(i.Demo_spi_AD7606)
    GPIO_Init                                0x08000635   Thumb Code   162  stm32f10x_gpio.o(i.GPIO_Init)
    GPIO_PinRemapConfig                      0x080006d9   Thumb Code    82  stm32f10x_gpio.o(i.GPIO_PinRemapConfig)
    GPIO_ReadInputDataBit                    0x08000731   Thumb Code    14  stm32f10x_gpio.o(i.GPIO_ReadInputDataBit)
    GPIO_ResetBits                           0x0800073f   Thumb Code     4  stm32f10x_gpio.o(i.GPIO_ResetBits)
    GPIO_SetBits                             0x08000743   Thumb Code     4  stm32f10x_gpio.o(i.GPIO_SetBits)
    HardFault_Handler                        0x08000749   Thumb Code    26  stm32f10x_it.o(i.HardFault_Handler)
    MemManage_Handler                        0x08000a75   Thumb Code     2  stm32f10x_it.o(i.MemManage_Handler)
    NMI_Handler                              0x08000a77   Thumb Code     2  stm32f10x_it.o(i.NMI_Handler)
    NVIC_Init                                0x08000a79   Thumb Code    94  misc.o(i.NVIC_Init)
    NVIC_PriorityGroupConfig                 0x08000add   Thumb Code    10  misc.o(i.NVIC_PriorityGroupConfig)
    PendSV_Handler                           0x08000af1   Thumb Code     2  stm32f10x_it.o(i.PendSV_Handler)
    RCC_APB1PeriphClockCmd                   0x08000f7d   Thumb Code    18  stm32f10x_rcc.o(i.RCC_APB1PeriphClockCmd)
    RCC_APB2PeriphClockCmd                   0x08000f95   Thumb Code    18  stm32f10x_rcc.o(i.RCC_APB2PeriphClockCmd)
    RCC_GetClocksFreq                        0x08000fad   Thumb Code   128  stm32f10x_rcc.o(i.RCC_GetClocksFreq)
    SVC_Handler                              0x0800103d   Thumb Code     2  stm32f10x_it.o(i.SVC_Handler)
    SysTick_Handler                          0x080010e9   Thumb Code     4  bsp_timer.o(i.SysTick_Handler)
    SysTick_ISR                              0x080010ed   Thumb Code   112  bsp_timer.o(i.SysTick_ISR)
    SystemInit                               0x08001165   Thumb Code    64  system_stm32f10x.o(i.SystemInit)
    TIM2_IRQHandler                          0x080011b5   Thumb Code   142  bsp_timer.o(i.TIM2_IRQHandler)
    TIM_ClearITPendingBit                    0x08001249   Thumb Code     6  stm32f10x_tim.o(i.TIM_ClearITPendingBit)
    TIM_Cmd                                  0x0800124f   Thumb Code    20  stm32f10x_tim.o(i.TIM_Cmd)
    TIM_GetITStatus                          0x08001263   Thumb Code    24  stm32f10x_tim.o(i.TIM_GetITStatus)
    TIM_ITConfig                             0x0800127b   Thumb Code    16  stm32f10x_tim.o(i.TIM_ITConfig)
    TIM_TimeBaseInit                         0x0800128d   Thumb Code   114  stm32f10x_tim.o(i.TIM_TimeBaseInit)
    USART1_IRQHandler                        0x08001329   Thumb Code     6  bsp_uart_fifo.o(i.USART1_IRQHandler)
    USART2_IRQHandler                        0x08001335   Thumb Code     6  bsp_uart_fifo.o(i.USART2_IRQHandler)
    USART3_IRQHandler                        0x08001341   Thumb Code     6  bsp_uart_fifo.o(i.USART3_IRQHandler)
    USART_ClearFlag                          0x0800134d   Thumb Code     6  stm32f10x_usart.o(i.USART_ClearFlag)
    USART_Cmd                                0x08001353   Thumb Code    20  stm32f10x_usart.o(i.USART_Cmd)
    USART_GetITStatus                        0x08001367   Thumb Code    62  stm32f10x_usart.o(i.USART_GetITStatus)
    USART_ITConfig                           0x080013a5   Thumb Code    48  stm32f10x_usart.o(i.USART_ITConfig)
    USART_Init                               0x080013d5   Thumb Code   166  stm32f10x_usart.o(i.USART_Init)
    USART_ReceiveData                        0x08001481   Thumb Code     8  stm32f10x_usart.o(i.USART_ReceiveData)
    USART_SendData                           0x08001489   Thumb Code     8  stm32f10x_usart.o(i.USART_SendData)
    USB_LP_CAN1_RX0_IRQHandler               0x08001491   Thumb Code     6  stm32f10x_it.o(i.USB_LP_CAN1_RX0_IRQHandler)
    UsageFault_Handler                       0x080015f1   Thumb Code     2  stm32f10x_it.o(i.UsageFault_Handler)
    __0printf$8                              0x080015f5   Thumb Code    22  printf8.o(i.__0printf$8)
    __1printf$8                              0x080015f5   Thumb Code     0  printf8.o(i.__0printf$8)
    __2printf                                0x080015f5   Thumb Code     0  printf8.o(i.__0printf$8)
    __scatterload_copy                       0x08001615   Thumb Code    14  handlers.o(i.__scatterload_copy)
    __scatterload_null                       0x08001623   Thumb Code     2  handlers.o(i.__scatterload_null)
    __scatterload_zeroinit                   0x08001625   Thumb Code    14  handlers.o(i.__scatterload_zeroinit)
    bsp_CheckTimer                           0x08001a8d   Thumb Code    32  bsp_timer.o(i.bsp_CheckTimer)
    bsp_Idle                                 0x08001b5d   Thumb Code     2  bsp.o(i.bsp_Idle)
    bsp_Init                                 0x08001b5f   Thumb Code    30  bsp.o(i.bsp_Init)
    bsp_InitHardTimer                        0x08001b7d   Thumb Code    94  bsp_timer.o(i.bsp_InitHardTimer)
    bsp_InitKey                              0x08001be5   Thumb Code    14  bsp_key.o(i.bsp_InitKey)
    bsp_InitSPIBus                           0x08001d39   Thumb Code    74  bsp_spi_bus.o(i.bsp_InitSPIBus)
    bsp_InitTimer                            0x08001d89   Thumb Code    84  bsp_timer.o(i.bsp_InitTimer)
    bsp_InitUart                             0x08001de9   Thumb Code    78  bsp_uart_fifo.o(i.bsp_InitUart)
    bsp_KeyScan                              0x08001e37   Thumb Code    20  bsp_key.o(i.bsp_KeyScan)
    bsp_PutKey                               0x08001e4d   Thumb Code    24  bsp_key.o(i.bsp_PutKey)
    bsp_RunPer10ms                           0x08001e69   Thumb Code     4  bsp.o(i.bsp_RunPer10ms)
    bsp_RunPer1ms                            0x08001e6d   Thumb Code     2  bsp.o(i.bsp_RunPer1ms)
    bsp_StartAutoTimer                       0x08001e71   Thumb Code    54  bsp_timer.o(i.bsp_StartAutoTimer)
    bsp_spiDelay                             0x08001ef1   Thumb Code    10  bsp_spi_bus.o(i.bsp_spiDelay)
    bsp_spiRead1                             0x08001efd   Thumb Code    72  bsp_spi_bus.o(i.bsp_spiRead1)
    bsp_spi_InitAD7606                       0x08001f49   Thumb Code    32  bsp_spi_ad7606.o(i.bsp_spi_InitAD7606)
    comGetChar                               0x08001f71   Thumb Code    76  bsp_uart_fifo.o(i.comGetChar)
    comSendBuf                               0x08001fbd   Thumb Code   122  bsp_uart_fifo.o(i.comSendBuf)
    comSendChar                              0x08002037   Thumb Code    12  bsp_uart_fifo.o(i.comSendChar)
    fputc                                    0x08002043   Thumb Code    16  bsp_uart_fifo.o(i.fputc)
    main                                     0x08002055   Thumb Code    28  main.o(i.main)
    Region$$Table$$Base                      0x080020a8   Number         0  anon$$obj.o(Region$$Table)
    Region$$Table$$Limit                     0x080020c8   Number         0  anon$$obj.o(Region$$Table)
    g_iRunTime                               0x20000008   Data           4  bsp_timer.o(.data)
    g_tAD7606                                0x2000001c   Data           1  bsp_spi_ad7606.o(.data)
    SystemCoreClock                          0x20000034   Data           4  system_stm32f10x.o(.data)
    AHBPrescTable                            0x20000038   Data          16  system_stm32f10x.o(.data)
    __stdout                                 0x20000048   Data           4  stdout.o(.data)
    __initial_sp                             0x200099d8   Data           0  startup_stm32f10x_hd.o(STACK)



==============================================================================

Memory Map of the image

  Image Entry point : 0x08000131

  Load Region LR_IROM1 (Base: 0x08000000, Size: 0x00002114, Max: 0x00080000, ABSOLUTE)

    Execution Region ER_IROM1 (Exec base: 0x08000000, Load base: 0x08000000, Size: 0x000020c8, Max: 0x00080000, ABSOLUTE)

    Exec Addr    Load Addr    Size         Type   Attr      Idx    E Section Name        Object

    0x08000000   0x08000000   0x00000130   Data   RO          859    RESET               startup_stm32f10x_hd.o
    0x08000130   0x08000130   0x00000000   Code   RO         2156  * .ARM.Collect$$$$00000000  mc_w.l(entry.o)
    0x08000130   0x08000130   0x00000004   Code   RO         2420    .ARM.Collect$$$$00000001  mc_w.l(entry2.o)
    0x08000134   0x08000134   0x00000004   Code   RO         2423    .ARM.Collect$$$$00000004  mc_w.l(entry5.o)
    0x08000138   0x08000138   0x00000000   Code   RO         2425    .ARM.Collect$$$$00000008  mc_w.l(entry7b.o)
    0x08000138   0x08000138   0x00000000   Code   RO         2427    .ARM.Collect$$$$0000000A  mc_w.l(entry8b.o)
    0x08000138   0x08000138   0x00000008   Code   RO         2428    .ARM.Collect$$$$0000000B  mc_w.l(entry9a.o)
    0x08000140   0x08000140   0x00000004   Code   RO         2435    .ARM.Collect$$$$0000000E  mc_w.l(entry12b.o)
    0x08000144   0x08000144   0x00000000   Code   RO         2430    .ARM.Collect$$$$0000000F  mc_w.l(entry10a.o)
    0x08000144   0x08000144   0x00000000   Code   RO         2432    .ARM.Collect$$$$00000011  mc_w.l(entry11a.o)
    0x08000144   0x08000144   0x00000004   Code   RO         2421    .ARM.Collect$$$$00002712  mc_w.l(entry2.o)
    0x08000148   0x08000148   0x00000024   Code   RO          860    .text               startup_stm32f10x_hd.o
    0x0800016c   0x0800016c   0x00000062   Code   RO         2439    .text               mc_w.l(uldiv.o)
    0x080001ce   0x080001ce   0x00000002   PAD
    0x080001d0   0x080001d0   0x00000024   Code   RO         2452    .text               mc_w.l(init.o)
    0x080001f4   0x080001f4   0x0000001e   Code   RO         2454    .text               mc_w.l(llshl.o)
    0x08000212   0x08000212   0x00000020   Code   RO         2456    .text               mc_w.l(llushr.o)
    0x08000232   0x08000232   0x00000002   PAD
    0x08000234   0x08000234   0x00000084   Code   RO          793    i.AD7606_ConfigGPIO  bsp_spi_ad7606.o
    0x080002b8   0x080002b8   0x0000010c   Code   RO          163    i.AD7606_Disp       demo_spi_ad7606.o
    0x080003c4   0x080003c4   0x00000018   Code   RO          794    i.AD7606_ReadAdc    bsp_spi_ad7606.o
    0x080003dc   0x080003dc   0x0000004c   Code   RO          795    i.AD7606_Reset      bsp_spi_ad7606.o
    0x08000428   0x08000428   0x0000005c   Code   RO          796    i.AD7606_Scan       bsp_spi_ad7606.o
    0x08000484   0x08000484   0x00000018   Code   RO          797    i.AD7606_SetInputRange  bsp_spi_ad7606.o
    0x0800049c   0x0800049c   0x00000030   Code   RO          798    i.AD7606_StartConv  bsp_spi_ad7606.o
    0x080004cc   0x080004cc   0x00000002   Code   RO          707    i.BusFault_Handler  stm32f10x_it.o
    0x080004ce   0x080004ce   0x00000002   PAD
    0x080004d0   0x080004d0   0x00000028   Code   RO          555    i.ComToUart         bsp_uart_fifo.o
    0x080004f8   0x080004f8   0x00000002   Code   RO          708    i.DebugMon_Handler  stm32f10x_it.o
    0x080004fa   0x080004fa   0x00000002   PAD
    0x080004fc   0x080004fc   0x000000b0   Code   RO          164    i.Demo_spi_AD7606   demo_spi_ad7606.o
    0x080005ac   0x080005ac   0x00000088   Code   RO          165    i.DispMenu          demo_spi_ad7606.o
    0x08000634   0x08000634   0x000000a2   Code   RO          872    i.GPIO_Init         stm32f10x_gpio.o
    0x080006d6   0x080006d6   0x00000002   PAD
    0x080006d8   0x080006d8   0x00000058   Code   RO          874    i.GPIO_PinRemapConfig  stm32f10x_gpio.o
    0x08000730   0x08000730   0x0000000e   Code   RO          876    i.GPIO_ReadInputDataBit  stm32f10x_gpio.o
    0x0800073e   0x0800073e   0x00000004   Code   RO          879    i.GPIO_ResetBits    stm32f10x_gpio.o
    0x08000742   0x08000742   0x00000004   Code   RO          880    i.GPIO_SetBits      stm32f10x_gpio.o
    0x08000746   0x08000746   0x00000002   PAD
    0x08000748   0x08000748   0x00000020   Code   RO          709    i.HardFault_Handler  stm32f10x_it.o
    0x08000768   0x08000768   0x000001cc   Code   RO          556    i.InitHardUart      bsp_uart_fifo.o
    0x08000934   0x08000934   0x0000002c   Code   RO          195    i.IsKeyDown1        bsp_key.o
    0x08000960   0x08000960   0x0000002c   Code   RO          196    i.IsKeyDown10       bsp_key.o
    0x0800098c   0x0800098c   0x0000002c   Code   RO          197    i.IsKeyDown2        bsp_key.o
    0x080009b8   0x080009b8   0x0000002c   Code   RO          198    i.IsKeyDown3        bsp_key.o
    0x080009e4   0x080009e4   0x00000014   Code   RO          199    i.IsKeyDown4        bsp_key.o
    0x080009f8   0x080009f8   0x00000014   Code   RO          200    i.IsKeyDown5        bsp_key.o
    0x08000a0c   0x08000a0c   0x00000014   Code   RO          201    i.IsKeyDown6        bsp_key.o
    0x08000a20   0x08000a20   0x00000014   Code   RO          202    i.IsKeyDown7        bsp_key.o
    0x08000a34   0x08000a34   0x00000014   Code   RO          203    i.IsKeyDown8        bsp_key.o
    0x08000a48   0x08000a48   0x0000002c   Code   RO          204    i.IsKeyDown9        bsp_key.o
    0x08000a74   0x08000a74   0x00000002   Code   RO          710    i.MemManage_Handler  stm32f10x_it.o
    0x08000a76   0x08000a76   0x00000002   Code   RO          711    i.NMI_Handler       stm32f10x_it.o
    0x08000a78   0x08000a78   0x00000064   Code   RO         1536    i.NVIC_Init         misc.o
    0x08000adc   0x08000adc   0x00000014   Code   RO         1537    i.NVIC_PriorityGroupConfig  misc.o
    0x08000af0   0x08000af0   0x00000002   Code   RO          712    i.PendSV_Handler    stm32f10x_it.o
    0x08000af2   0x08000af2   0x00000002   PAD
    0x08000af4   0x08000af4   0x000002e0   Code   RO            3    i.PrintfHardInfo    main.o
    0x08000dd4   0x08000dd4   0x000001a8   Code   RO            4    i.PrintfLogo        main.o
    0x08000f7c   0x08000f7c   0x00000018   Code   RO          990    i.RCC_APB1PeriphClockCmd  stm32f10x_rcc.o
    0x08000f94   0x08000f94   0x00000018   Code   RO          992    i.RCC_APB2PeriphClockCmd  stm32f10x_rcc.o
    0x08000fac   0x08000fac   0x00000090   Code   RO         1000    i.RCC_GetClocksFreq  stm32f10x_rcc.o
    0x0800103c   0x0800103c   0x00000002   Code   RO          713    i.SVC_Handler       stm32f10x_it.o
    0x0800103e   0x0800103e   0x00000002   PAD
    0x08001040   0x08001040   0x000000a8   Code   RO         2121    i.SetSysClockTo72   system_stm32f10x.o
    0x080010e8   0x080010e8   0x00000004   Code   RO          445    i.SysTick_Handler   bsp_timer.o
    0x080010ec   0x080010ec   0x00000078   Code   RO          446    i.SysTick_ISR       bsp_timer.o
    0x08001164   0x08001164   0x00000050   Code   RO         2123    i.SystemInit        system_stm32f10x.o
    0x080011b4   0x080011b4   0x00000094   Code   RO          447    i.TIM2_IRQHandler   bsp_timer.o
    0x08001248   0x08001248   0x00000006   Code   RO         1589    i.TIM_ClearITPendingBit  stm32f10x_tim.o
    0x0800124e   0x0800124e   0x00000014   Code   RO         1594    i.TIM_Cmd           stm32f10x_tim.o
    0x08001262   0x08001262   0x00000018   Code   RO         1615    i.TIM_GetITStatus   stm32f10x_tim.o
    0x0800127a   0x0800127a   0x00000010   Code   RO         1619    i.TIM_ITConfig      stm32f10x_tim.o
    0x0800128a   0x0800128a   0x00000002   PAD
    0x0800128c   0x0800128c   0x0000009c   Code   RO         1665    i.TIM_TimeBaseInit  stm32f10x_tim.o
    0x08001328   0x08001328   0x0000000c   Code   RO          557    i.USART1_IRQHandler  bsp_uart_fifo.o
    0x08001334   0x08001334   0x0000000c   Code   RO          558    i.USART2_IRQHandler  bsp_uart_fifo.o
    0x08001340   0x08001340   0x0000000c   Code   RO          559    i.USART3_IRQHandler  bsp_uart_fifo.o
    0x0800134c   0x0800134c   0x00000006   Code   RO         1348    i.USART_ClearFlag   stm32f10x_usart.o
    0x08001352   0x08001352   0x00000014   Code   RO         1352    i.USART_Cmd         stm32f10x_usart.o
    0x08001366   0x08001366   0x0000003e   Code   RO         1356    i.USART_GetITStatus  stm32f10x_usart.o
    0x080013a4   0x080013a4   0x00000030   Code   RO         1358    i.USART_ITConfig    stm32f10x_usart.o
    0x080013d4   0x080013d4   0x000000ac   Code   RO         1359    i.USART_Init        stm32f10x_usart.o
    0x08001480   0x08001480   0x00000008   Code   RO         1366    i.USART_ReceiveData  stm32f10x_usart.o
    0x08001488   0x08001488   0x00000008   Code   RO         1369    i.USART_SendData    stm32f10x_usart.o
    0x08001490   0x08001490   0x0000000c   Code   RO          714    i.USB_LP_CAN1_RX0_IRQHandler  stm32f10x_it.o
    0x0800149c   0x0800149c   0x000000c0   Code   RO          560    i.UartIRQ           bsp_uart_fifo.o
    0x0800155c   0x0800155c   0x00000094   Code   RO          561    i.UartVarInit       bsp_uart_fifo.o
    0x080015f0   0x080015f0   0x00000002   Code   RO          715    i.UsageFault_Handler  stm32f10x_it.o
    0x080015f2   0x080015f2   0x00000002   PAD
    0x080015f4   0x080015f4   0x00000020   Code   RO         2366    i.__0printf$8       mc_w.l(printf8.o)
    0x08001614   0x08001614   0x0000000e   Code   RO         2464    i.__scatterload_copy  mc_w.l(handlers.o)
    0x08001622   0x08001622   0x00000002   Code   RO         2465    i.__scatterload_null  mc_w.l(handlers.o)
    0x08001624   0x08001624   0x0000000e   Code   RO         2466    i.__scatterload_zeroinit  mc_w.l(handlers.o)
    0x08001632   0x08001632   0x00000002   PAD
    0x08001634   0x08001634   0x00000404   Code   RO         2373    i._printf_core      mc_w.l(printf8.o)
    0x08001a38   0x08001a38   0x00000024   Code   RO         2374    i._printf_post_padding  mc_w.l(printf8.o)
    0x08001a5c   0x08001a5c   0x0000002e   Code   RO         2375    i._printf_pre_padding  mc_w.l(printf8.o)
    0x08001a8a   0x08001a8a   0x00000002   PAD
    0x08001a8c   0x08001a8c   0x00000024   Code   RO          449    i.bsp_CheckTimer    bsp_timer.o
    0x08001ab0   0x08001ab0   0x000000ac   Code   RO          206    i.bsp_DetectKey     bsp_key.o
    0x08001b5c   0x08001b5c   0x00000002   Code   RO          669    i.bsp_Idle          bsp.o
    0x08001b5e   0x08001b5e   0x0000001e   Code   RO          670    i.bsp_Init          bsp.o
    0x08001b7c   0x08001b7c   0x00000068   Code   RO          453    i.bsp_InitHardTimer  bsp_timer.o
    0x08001be4   0x08001be4   0x0000000e   Code   RO          210    i.bsp_InitKey       bsp_key.o
    0x08001bf2   0x08001bf2   0x00000002   PAD
    0x08001bf4   0x08001bf4   0x0000009c   Code   RO          211    i.bsp_InitKeyHard   bsp_key.o
    0x08001c90   0x08001c90   0x000000a8   Code   RO          212    i.bsp_InitKeyVar    bsp_key.o
    0x08001d38   0x08001d38   0x00000050   Code   RO          368    i.bsp_InitSPIBus    bsp_spi_bus.o
    0x08001d88   0x08001d88   0x00000060   Code   RO          454    i.bsp_InitTimer     bsp_timer.o
    0x08001de8   0x08001de8   0x0000004e   Code   RO          562    i.bsp_InitUart      bsp_uart_fifo.o
    0x08001e36   0x08001e36   0x00000014   Code   RO          213    i.bsp_KeyScan       bsp_key.o
    0x08001e4a   0x08001e4a   0x00000002   PAD
    0x08001e4c   0x08001e4c   0x0000001c   Code   RO          214    i.bsp_PutKey        bsp_key.o
    0x08001e68   0x08001e68   0x00000004   Code   RO          671    i.bsp_RunPer10ms    bsp.o
    0x08001e6c   0x08001e6c   0x00000002   Code   RO          672    i.bsp_RunPer1ms     bsp.o
    0x08001e6e   0x08001e6e   0x00000002   PAD
    0x08001e70   0x08001e70   0x00000080   Code   RO          455    i.bsp_StartAutoTimer  bsp_timer.o
    0x08001ef0   0x08001ef0   0x0000000a   Code   RO          373    i.bsp_spiDelay      bsp_spi_bus.o
    0x08001efa   0x08001efa   0x00000002   PAD
    0x08001efc   0x08001efc   0x0000004c   Code   RO          375    i.bsp_spiRead1      bsp_spi_bus.o
    0x08001f48   0x08001f48   0x00000028   Code   RO          799    i.bsp_spi_InitAD7606  bsp_spi_ad7606.o
    0x08001f70   0x08001f70   0x0000004c   Code   RO          567    i.comGetChar        bsp_uart_fifo.o
    0x08001fbc   0x08001fbc   0x0000007a   Code   RO          568    i.comSendBuf        bsp_uart_fifo.o
    0x08002036   0x08002036   0x0000000c   Code   RO          569    i.comSendChar       bsp_uart_fifo.o
    0x08002042   0x08002042   0x00000010   Code   RO          571    i.fputc             bsp_uart_fifo.o
    0x08002052   0x08002052   0x00000002   PAD
    0x08002054   0x08002054   0x00000024   Code   RO            5    i.main              main.o
    0x08002078   0x08002078   0x00000030   Data   RO          460    .constdata          bsp_timer.o
    0x080020a8   0x080020a8   0x00000020   Data   RO         2462    Region$$Table       anon$$obj.o


    Execution Region RW_IRAM1 (Exec base: 0x20000000, Load base: 0x080020c8, Size: 0x000099d8, Max: 0x00010000, ABSOLUTE)

    Exec Addr    Load Addr    Size         Type   Attr      Idx    E Section Name        Object

    0x20000000   0x080020c8   0x0000001c   Data   RW          461    .data               bsp_timer.o
    0x2000001c   0x080020e4   0x00000001   Data   RW          801    .data               bsp_spi_ad7606.o
    0x2000001d   0x080020e5   0x00000014   Data   RW         1020    .data               stm32f10x_rcc.o
    0x20000031   0x080020f9   0x00000003   PAD
    0x20000034   0x080020fc   0x00000014   Data   RW         2124    .data               system_stm32f10x.o
    0x20000048   0x08002110   0x00000004   Data   RW         2436    .data               mc_w.l(stdout.o)
    0x2000004c        -       0x00000020   Zero   RW          166    .bss                demo_spi_ad7606.o
    0x2000006c        -       0x000000ad   Zero   RW          216    .bss                bsp_key.o
    0x20000119   0x08002114   0x00000003   PAD
    0x2000011c        -       0x00000030   Zero   RW          459    .bss                bsp_timer.o
    0x2000014c        -       0x00001878   Zero   RW          572    .bss                bsp_uart_fifo.o
    0x200019c4        -       0x00000010   Zero   RW          800    .bss                bsp_spi_ad7606.o
    0x200019d4   0x08002114   0x00000004   PAD
    0x200019d8        -       0x00008000   Zero   RW          857    STACK               startup_stm32f10x_hd.o


==============================================================================

Image component sizes


      Code (inc. data)   RO Data    RW Data    ZI Data      Debug   Object Name

        38          0          0          0          0       2455   bsp.o
       878        154          0          0        173      12437   bsp_key.o
       436         58          0          1         16       7555   bsp_spi_ad7606.o
       166         10          0          0          0       3111   bsp_spi_bus.o
       636        114         48         28         48      32589   bsp_timer.o
      1180         70          0          0       6264      11437   bsp_uart_fifo.o
       580        208          0          0         32       3390   demo_spi_ad7606.o
      1196        994          0          0          0     263371   main.o
       120         16          0          0          0       2219   misc.o
        36          8        304          0      32768       1044   startup_stm32f10x_hd.o
       272          6          0          0          0       5770   stm32f10x_gpio.o
        58         12          0          0          0       5713   stm32f10x_it.o
       192         28          0         20          0       5662   stm32f10x_rcc.o
       222         42          0          0          0       5877   stm32f10x_tim.o
       324          6          0          0          0       7989   stm32f10x_usart.o
       248         24          0         20          0       2661   system_stm32f10x.o

    ----------------------------------------------------------------------
      6608       1750        384         72      39308     373280   Object Totals
         0          0         32          0          0          0   (incl. Generated)
        26          0          0          3          7          0   (incl. Padding)

    ----------------------------------------------------------------------

      Code (inc. data)   RO Data    RW Data    ZI Data      Debug   Library Member Name

         0          0          0          0          0          0   entry.o
         0          0          0          0          0          0   entry10a.o
         0          0          0          0          0          0   entry11a.o
         4          0          0          0          0          0   entry12b.o
         8          4          0          0          0          0   entry2.o
         4          0          0          0          0          0   entry5.o
         0          0          0          0          0          0   entry7b.o
         0          0          0          0          0          0   entry8b.o
         8          4          0          0          0          0   entry9a.o
        30          0          0          0          0          0   handlers.o
        36          8          0          0          0         68   init.o
        30          0          0          0          0         68   llshl.o
        32          0          0          0          0         68   llushr.o
      1142         54          0          0          0        352   printf8.o
         0          0          0          4          0          0   stdout.o
        98          0          0          0          0         92   uldiv.o

    ----------------------------------------------------------------------
      1400         70          0          4          0        648   Library Totals
         8          0          0          0          0          0   (incl. Padding)

    ----------------------------------------------------------------------

      Code (inc. data)   RO Data    RW Data    ZI Data      Debug   Library Name

      1392         70          0          4          0        648   mc_w.l

    ----------------------------------------------------------------------
      1400         70          0          4          0        648   Library Totals

    ----------------------------------------------------------------------

==============================================================================


      Code (inc. data)   RO Data    RW Data    ZI Data      Debug   

      8008       1820        384         76      39308     369452   Grand Totals
      8008       1820        384         76      39308     369452   ELF Image Totals
      8008       1820        384         76          0          0   ROM Totals

==============================================================================

    Total RO  Size (Code + RO Data)                 8392 (   8.20kB)
    Total RW  Size (RW Data + ZI Data)             39384 (  38.46kB)
    Total ROM Size (Code + RO Data + RW Data)       8468 (   8.27kB)

==============================================================================

